Global seed set to 1501
GPU available: True (cuda), used: True
TPU available: False, using: 0 TPU cores
IPU available: False, using: 0 IPUs
HPU available: False, using: 0 HPUs
Missing logger folder: /home/ming/emg2qwerty/logs/2026-03-02/08-22-06/job0_/lightning_logs
LOCAL_RANK: 0 - CUDA_VISIBLE_DEVICES: [0]
/opt/conda/envs/emg2qwerty/lib/python3.10/site-packages/pl_bolts/__init__.py:11: FutureWarning: In the future `np.object` will be defined as the corresponding NumPy scalar.
  if not hasattr(numpy, tp_name):
/opt/conda/envs/emg2qwerty/lib/python3.10/site-packages/pl_bolts/__init__.py:11: FutureWarning: In the future `np.bool` will be defined as the corresponding NumPy scalar.
  if not hasattr(numpy, tp_name):
/opt/conda/envs/emg2qwerty/lib/python3.10/site-packages/pl_bolts/models/self_supervised/amdim/amdim_module.py:34: UnderReviewWarning: The feature generate_power_seq is currently marked under review. The compatibility with other Lightning projects is not guaranteed and API may change at any time. The API and functionality may change without warning in future releases. More details: https://lightning-bolts.readthedocs.io/en/latest/stability.html
  "lr_options": generate_power_seq(LEARNING_RATE_CIFAR, 11),
/opt/conda/envs/emg2qwerty/lib/python3.10/site-packages/pl_bolts/models/self_supervised/amdim/amdim_module.py:92: UnderReviewWarning: The feature FeatureMapContrastiveTask is currently marked under review. The compatibility with other Lightning projects is not guaranteed and API may change at any time. The API and functionality may change without warning in future releases. More details: https://lightning-bolts.readthedocs.io/en/latest/stability.html
  contrastive_task: Union[FeatureMapContrastiveTask] = FeatureMapContrastiveTask("01, 02, 11"),
/opt/conda/envs/emg2qwerty/lib/python3.10/site-packages/pl_bolts/losses/self_supervised_learning.py:228: UnderReviewWarning: The feature AmdimNCELoss is currently marked under review. The compatibility with other Lightning projects is not guaranteed and API may change at any time. The API and functionality may change without warning in future releases. More details: https://lightning-bolts.readthedocs.io/en/latest/stability.html
  self.nce_loss = AmdimNCELoss(tclip)
/opt/conda/envs/emg2qwerty/lib/python3.10/site-packages/hydra/_internal/instantiate/_instantiate2.py:92: UnderReviewWarning: The feature LinearWarmupCosineAnnealingLR is currently marked under review. The compatibility with other Lightning projects is not guaranteed and API may change at any time. The API and functionality may change without warning in future releases. More details: https://lightning-bolts.readthedocs.io/en/latest/stability.html
  return _target_(*args, **kwargs)

  | Name        | Type              | Params
--------------------------------------------------
0 | frontend    | Sequential        | 406 K 
1 | cnn_encoder | TDSConvEncoder    | 2.4 M 
2 | rnn_encoder | VanillaRNNEncoder | 4.5 M 
3 | classifier  | Sequential        | 2.2 M 
4 | ctc_loss    | CTCLoss           | 0     
5 | metrics     | ModuleDict        | 0     
--------------------------------------------------
9.5 M     Trainable params
0         Non-trainable params
9.5 M     Total params
37.908    Total estimated model params size (MB)
/opt/conda/envs/emg2qwerty/lib/python3.10/site-packages/torch/nn/modules/conv.py:456: UserWarning: Plan failed with a cudnnException: CUDNN_BACKEND_EXECUTION_PLAN_DESCRIPTOR: cudnnFinalize Descriptor Failed cudnn_status: CUDNN_STATUS_NOT_SUPPORTED (Triggered internally at /opt/conda/conda-bld/pytorch_1712608935911/work/aten/src/ATen/native/cudnn/Conv_v8.cpp:919.)
  return F.conv2d(input, weight, bias, self.stride,
Epoch 0, global step 120: 'val/CER' reached 1765.46301 (best 1765.46301), saving model to '/home/ming/emg2qwerty/logs/2026-03-02/08-22-06/job0_/checkpoints/epoch=0-step=120.ckpt' as top 1
Epoch 1, global step 240: 'val/CER' reached 100.00000 (best 100.00000), saving model to '/home/ming/emg2qwerty/logs/2026-03-02/08-22-06/job0_/checkpoints/epoch=1-step=240.ckpt' as top 1
Epoch 2, global step 360: 'val/CER' was not in top 1
Epoch 3, global step 480: 'val/CER' was not in top 1
Epoch 4, global step 600: 'val/CER' was not in top 1
Epoch 5, global step 720: 'val/CER' was not in top 1
Epoch 6, global step 840: 'val/CER' was not in top 1
Epoch 7, global step 960: 'val/CER' was not in top 1
Epoch 8, global step 1080: 'val/CER' was not in top 1
Epoch 9, global step 1200: 'val/CER' was not in top 1
Epoch 10, global step 1320: 'val/CER' was not in top 1
Epoch 11, global step 1440: 'val/CER' reached 99.84492 (best 99.84492), saving model to '/home/ming/emg2qwerty/logs/2026-03-02/08-22-06/job0_/checkpoints/epoch=11-step=1440.ckpt' as top 1
Epoch 12, global step 1560: 'val/CER' reached 99.06956 (best 99.06956), saving model to '/home/ming/emg2qwerty/logs/2026-03-02/08-22-06/job0_/checkpoints/epoch=12-step=1560.ckpt' as top 1
Epoch 13, global step 1680: 'val/CER' reached 95.23704 (best 95.23704), saving model to '/home/ming/emg2qwerty/logs/2026-03-02/08-22-06/job0_/checkpoints/epoch=13-step=1680.ckpt' as top 1
Epoch 14, global step 1800: 'val/CER' reached 75.40984 (best 75.40984), saving model to '/home/ming/emg2qwerty/logs/2026-03-02/08-22-06/job0_/checkpoints/epoch=14-step=1800.ckpt' as top 1
Epoch 15, global step 1920: 'val/CER' reached 68.27647 (best 68.27647), saving model to '/home/ming/emg2qwerty/logs/2026-03-02/08-22-06/job0_/checkpoints/epoch=15-step=1920.ckpt' as top 1
Epoch 16, global step 2040: 'val/CER' reached 52.01595 (best 52.01595), saving model to '/home/ming/emg2qwerty/logs/2026-03-02/08-22-06/job0_/checkpoints/epoch=16-step=2040.ckpt' as top 1
Epoch 17, global step 2160: 'val/CER' was not in top 1
Epoch 18, global step 2280: 'val/CER' reached 51.32920 (best 51.32920), saving model to '/home/ming/emg2qwerty/logs/2026-03-02/08-22-06/job0_/checkpoints/epoch=18-step=2280.ckpt' as top 1
Epoch 19, global step 2400: 'val/CER' reached 49.88923 (best 49.88923), saving model to '/home/ming/emg2qwerty/logs/2026-03-02/08-22-06/job0_/checkpoints/epoch=19-step=2400.ckpt' as top 1
Epoch 20, global step 2520: 'val/CER' reached 48.82587 (best 48.82587), saving model to '/home/ming/emg2qwerty/logs/2026-03-02/08-22-06/job0_/checkpoints/epoch=20-step=2520.ckpt' as top 1
Epoch 21, global step 2640: 'val/CER' was not in top 1
Epoch 22, global step 2760: 'val/CER' reached 44.83828 (best 44.83828), saving model to '/home/ming/emg2qwerty/logs/2026-03-02/08-22-06/job0_/checkpoints/epoch=22-step=2760.ckpt' as top 1
Epoch 23, global step 2880: 'val/CER' was not in top 1
Epoch 24, global step 3000: 'val/CER' was not in top 1
Epoch 25, global step 3120: 'val/CER' reached 43.88569 (best 43.88569), saving model to '/home/ming/emg2qwerty/logs/2026-03-02/08-22-06/job0_/checkpoints/epoch=25-step=3120.ckpt' as top 1
Epoch 26, global step 3240: 'val/CER' reached 41.36021 (best 41.36021), saving model to '/home/ming/emg2qwerty/logs/2026-03-02/08-22-06/job0_/checkpoints/epoch=26-step=3240.ckpt' as top 1
Epoch 27, global step 3360: 'val/CER' reached 40.29686 (best 40.29686), saving model to '/home/ming/emg2qwerty/logs/2026-03-02/08-22-06/job0_/checkpoints/epoch=27-step=3360.ckpt' as top 1
Epoch 28, global step 3480: 'val/CER' was not in top 1
Epoch 29, global step 3600: 'val/CER' reached 39.61010 (best 39.61010), saving model to '/home/ming/emg2qwerty/logs/2026-03-02/08-22-06/job0_/checkpoints/epoch=29-step=3600.ckpt' as top 1
Epoch 30, global step 3720: 'val/CER' was not in top 1
Epoch 31, global step 3840: 'val/CER' was not in top 1
Epoch 32, global step 3960: 'val/CER' reached 39.23350 (best 39.23350), saving model to '/home/ming/emg2qwerty/logs/2026-03-02/08-22-06/job0_/checkpoints/epoch=32-step=3960.ckpt' as top 1
Epoch 33, global step 4080: 'val/CER' reached 39.12273 (best 39.12273), saving model to '/home/ming/emg2qwerty/logs/2026-03-02/08-22-06/job0_/checkpoints/epoch=33-step=4080.ckpt' as top 1
Epoch 34, global step 4200: 'val/CER' was not in top 1
Epoch 35, global step 4320: 'val/CER' reached 38.98981 (best 38.98981), saving model to '/home/ming/emg2qwerty/logs/2026-03-02/08-22-06/job0_/checkpoints/epoch=35-step=4320.ckpt' as top 1
Epoch 36, global step 4440: 'val/CER' reached 37.12893 (best 37.12893), saving model to '/home/ming/emg2qwerty/logs/2026-03-02/08-22-06/job0_/checkpoints/epoch=36-step=4440.ckpt' as top 1
Epoch 37, global step 4560: 'val/CER' was not in top 1
Epoch 38, global step 4680: 'val/CER' was not in top 1
Epoch 39, global step 4800: 'val/CER' was not in top 1
Epoch 40, global step 4920: 'val/CER' was not in top 1
Epoch 41, global step 5040: 'val/CER' was not in top 1
Epoch 42, global step 5160: 'val/CER' was not in top 1
Epoch 43, global step 5280: 'val/CER' was not in top 1
Epoch 44, global step 5400: 'val/CER' was not in top 1
Epoch 45, global step 5520: 'val/CER' was not in top 1
Epoch 46, global step 5640: 'val/CER' was not in top 1
Epoch 47, global step 5760: 'val/CER' was not in top 1
Epoch 48, global step 5880: 'val/CER' was not in top 1
Epoch 49, global step 6000: 'val/CER' was not in top 1
Epoch 50, global step 6120: 'val/CER' was not in top 1
Epoch 51, global step 6240: 'val/CER' was not in top 1
Epoch 52, global step 6360: 'val/CER' was not in top 1
Epoch 53, global step 6480: 'val/CER' was not in top 1
Epoch 54, global step 6600: 'val/CER' was not in top 1
Epoch 55, global step 6720: 'val/CER' was not in top 1
Epoch 56, global step 6840: 'val/CER' was not in top 1
Epoch 57, global step 6960: 'val/CER' was not in top 1
Epoch 58, global step 7080: 'val/CER' was not in top 1
Epoch 59, global step 7200: 'val/CER' was not in top 1
Epoch 60, global step 7320: 'val/CER' was not in top 1
Epoch 61, global step 7440: 'val/CER' was not in top 1
Epoch 62, global step 7560: 'val/CER' was not in top 1
Epoch 63, global step 7680: 'val/CER' was not in top 1
Epoch 64, global step 7800: 'val/CER' was not in top 1
Epoch 65, global step 7920: 'val/CER' was not in top 1
Epoch 66, global step 8040: 'val/CER' was not in top 1
Epoch 67, global step 8160: 'val/CER' was not in top 1
Epoch 68, global step 8280: 'val/CER' was not in top 1
Epoch 69, global step 8400: 'val/CER' was not in top 1
Epoch 70, global step 8520: 'val/CER' was not in top 1
Epoch 71, global step 8640: 'val/CER' was not in top 1
Epoch 72, global step 8760: 'val/CER' was not in top 1
Epoch 73, global step 8880: 'val/CER' was not in top 1
Epoch 74, global step 9000: 'val/CER' was not in top 1
Epoch 75, global step 9120: 'val/CER' was not in top 1
Epoch 76, global step 9240: 'val/CER' was not in top 1
Epoch 77, global step 9360: 'val/CER' was not in top 1
Epoch 78, global step 9480: 'val/CER' was not in top 1
Epoch 79, global step 9600: 'val/CER' was not in top 1
Epoch 80, global step 9720: 'val/CER' was not in top 1
Epoch 81, global step 9840: 'val/CER' reached 36.44218 (best 36.44218), saving model to '/home/ming/emg2qwerty/logs/2026-03-02/08-22-06/job0_/checkpoints/epoch=81-step=9840.ckpt' as top 1
Epoch 82, global step 9960: 'val/CER' was not in top 1
Epoch 83, global step 10080: 'val/CER' reached 35.66681 (best 35.66681), saving model to '/home/ming/emg2qwerty/logs/2026-03-02/08-22-06/job0_/checkpoints/epoch=83-step=10080.ckpt' as top 1
Epoch 84, global step 10200: 'val/CER' was not in top 1
Epoch 85, global step 10320: 'val/CER' was not in top 1
Epoch 86, global step 10440: 'val/CER' was not in top 1
Epoch 87, global step 10560: 'val/CER' was not in top 1
Epoch 88, global step 10680: 'val/CER' reached 35.22375 (best 35.22375), saving model to '/home/ming/emg2qwerty/logs/2026-03-02/08-22-06/job0_/checkpoints/epoch=88-step=10680.ckpt' as top 1
Epoch 89, global step 10800: 'val/CER' was not in top 1
Epoch 90, global step 10920: 'val/CER' was not in top 1
Epoch 91, global step 11040: 'val/CER' reached 34.40408 (best 34.40408), saving model to '/home/ming/emg2qwerty/logs/2026-03-02/08-22-06/job0_/checkpoints/epoch=91-step=11040.ckpt' as top 1
Epoch 92, global step 11160: 'val/CER' was not in top 1
Epoch 93, global step 11280: 'val/CER' was not in top 1
Epoch 94, global step 11400: 'val/CER' was not in top 1
Epoch 95, global step 11520: 'val/CER' was not in top 1
Epoch 96, global step 11640: 'val/CER' was not in top 1
Epoch 97, global step 11760: 'val/CER' was not in top 1
Epoch 98, global step 11880: 'val/CER' was not in top 1
Epoch 99, global step 12000: 'val/CER' was not in top 1
Epoch 100, global step 12120: 'val/CER' was not in top 1
Epoch 101, global step 12240: 'val/CER' was not in top 1
Epoch 102, global step 12360: 'val/CER' was not in top 1
Epoch 103, global step 12480: 'val/CER' was not in top 1
Epoch 104, global step 12600: 'val/CER' was not in top 1
Epoch 105, global step 12720: 'val/CER' was not in top 1
Epoch 106, global step 12840: 'val/CER' was not in top 1
Epoch 107, global step 12960: 'val/CER' was not in top 1
Epoch 108, global step 13080: 'val/CER' was not in top 1
Epoch 109, global step 13200: 'val/CER' was not in top 1
Epoch 110, global step 13320: 'val/CER' was not in top 1
Epoch 111, global step 13440: 'val/CER' was not in top 1
Epoch 112, global step 13560: 'val/CER' was not in top 1
Epoch 113, global step 13680: 'val/CER' was not in top 1
Epoch 114, global step 13800: 'val/CER' was not in top 1
Epoch 115, global step 13920: 'val/CER' reached 34.16039 (best 34.16039), saving model to '/home/ming/emg2qwerty/logs/2026-03-02/08-22-06/job0_/checkpoints/epoch=115-step=13920.ckpt' as top 1
Epoch 116, global step 14040: 'val/CER' was not in top 1
Epoch 117, global step 14160: 'val/CER' was not in top 1
Epoch 118, global step 14280: 'val/CER' reached 33.98316 (best 33.98316), saving model to '/home/ming/emg2qwerty/logs/2026-03-02/08-22-06/job0_/checkpoints/epoch=118-step=14280.ckpt' as top 1
Epoch 119, global step 14400: 'val/CER' reached 33.73948 (best 33.73948), saving model to '/home/ming/emg2qwerty/logs/2026-03-02/08-22-06/job0_/checkpoints/epoch=119-step=14400.ckpt' as top 1
Epoch 120, global step 14520: 'val/CER' was not in top 1
Epoch 121, global step 14640: 'val/CER' was not in top 1
Epoch 122, global step 14760: 'val/CER' was not in top 1
Epoch 123, global step 14880: 'val/CER' was not in top 1
Epoch 124, global step 15000: 'val/CER' was not in top 1
Epoch 125, global step 15120: 'val/CER' reached 33.45148 (best 33.45148), saving model to '/home/ming/emg2qwerty/logs/2026-03-02/08-22-06/job0_/checkpoints/epoch=125-step=15120.ckpt' as top 1
Epoch 126, global step 15240: 'val/CER' was not in top 1
Epoch 127, global step 15360: 'val/CER' reached 32.72042 (best 32.72042), saving model to '/home/ming/emg2qwerty/logs/2026-03-02/08-22-06/job0_/checkpoints/epoch=127-step=15360.ckpt' as top 1
Epoch 128, global step 15480: 'val/CER' was not in top 1
Epoch 129, global step 15600: 'val/CER' reached 32.60966 (best 32.60966), saving model to '/home/ming/emg2qwerty/logs/2026-03-02/08-22-06/job0_/checkpoints/epoch=129-step=15600.ckpt' as top 1
Epoch 130, global step 15720: 'val/CER' reached 32.32167 (best 32.32167), saving model to '/home/ming/emg2qwerty/logs/2026-03-02/08-22-06/job0_/checkpoints/epoch=130-step=15720.ckpt' as top 1
Epoch 131, global step 15840: 'val/CER' was not in top 1
Epoch 132, global step 15960: 'val/CER' was not in top 1
Epoch 133, global step 16080: 'val/CER' reached 32.18875 (best 32.18875), saving model to '/home/ming/emg2qwerty/logs/2026-03-02/08-22-06/job0_/checkpoints/epoch=133-step=16080.ckpt' as top 1
Epoch 134, global step 16200: 'val/CER' was not in top 1
Epoch 135, global step 16320: 'val/CER' was not in top 1
Epoch 136, global step 16440: 'val/CER' was not in top 1
Epoch 137, global step 16560: 'val/CER' was not in top 1
Epoch 138, global step 16680: 'val/CER' reached 31.94506 (best 31.94506), saving model to '/home/ming/emg2qwerty/logs/2026-03-02/08-22-06/job0_/checkpoints/epoch=138-step=16680.ckpt' as top 1
Epoch 139, global step 16800: 'val/CER' was not in top 1
Epoch 140, global step 16920: 'val/CER' reached 31.65707 (best 31.65707), saving model to '/home/ming/emg2qwerty/logs/2026-03-02/08-22-06/job0_/checkpoints/epoch=140-step=16920.ckpt' as top 1
Epoch 141, global step 17040: 'val/CER' was not in top 1
Epoch 142, global step 17160: 'val/CER' was not in top 1
Epoch 143, global step 17280: 'val/CER' was not in top 1
Epoch 144, global step 17400: 'val/CER' was not in top 1
Epoch 145, global step 17520: 'val/CER' reached 31.59061 (best 31.59061), saving model to '/home/ming/emg2qwerty/logs/2026-03-02/08-22-06/job0_/checkpoints/epoch=145-step=17520.ckpt' as top 1
Epoch 146, global step 17640: 'val/CER' was not in top 1
Epoch 147, global step 17760: 'val/CER' reached 31.56845 (best 31.56845), saving model to '/home/ming/emg2qwerty/logs/2026-03-02/08-22-06/job0_/checkpoints/epoch=147-step=17760.ckpt' as top 1
Epoch 148, global step 17880: 'val/CER' reached 31.52415 (best 31.52415), saving model to '/home/ming/emg2qwerty/logs/2026-03-02/08-22-06/job0_/checkpoints/epoch=148-step=17880.ckpt' as top 1
Epoch 149, global step 18000: 'val/CER' was not in top 1
`Trainer.fit` stopped: `max_epochs=150` reached.
LOCAL_RANK: 0 - CUDA_VISIBLE_DEVICES: [0]
LOCAL_RANK: 0 - CUDA_VISIBLE_DEVICES: [0]
