Tue Mar 10 01:25:22 UTC 2026: Waiting for gru_125hz_baseline_40ep to finish...
gru_125hz_baseline_40ep done
Tue Mar 10 01:32:22 UTC 2026: gru_125hz done, handing off to run_pending.sh
Tue Mar 10 01:32:22 UTC 2026: Skipping gru_125hz_baseline_40ep (already done)
Tue Mar 10 01:32:22 UTC 2026: Starting tds_bilstm_baseline_40ep
tds_bilstm_baseline_40ep done
Tue Mar 10 03:45:14 UTC 2026: Starting conv_gru_conv_baseline_40ep
run_pending.sh: line 9: 62719 Killed                  python -m emg2qwerty.train "$@" > "run_logs/${outlog}" 2>&1
Tue Mar 10 03:46:26 UTC 2026: Starting bilstm_transformer_baseline_40ep
bilstm_transformer_baseline_40ep done
Tue Mar 10 08:33:23 UTC 2026: Starting tds_bilstm_150ep
tds_bilstm_150ep done
Tue Mar 10 08:33:54 UTC 2026: Starting channel_ablation_12ch
Tue Mar 10 08:33:58 UTC 2026: All done!
Tue Mar 10 15:45:28 UTC 2026: Skipping gru_125hz_baseline_40ep (already done)
Tue Mar 10 15:45:28 UTC 2026: Skipping tds_bilstm_baseline_40ep (already done)
Tue Mar 10 15:45:28 UTC 2026: Starting conv_gru_conv_baseline_40ep
Tue Mar 10 17:07:39 UTC 2026: Skipping gru_125hz_baseline_40ep (already done)
Tue Mar 10 17:07:39 UTC 2026: Skipping tds_bilstm_baseline_40ep (already done)
Tue Mar 10 17:07:39 UTC 2026: Starting conv_gru_conv_baseline_40ep
Tue Mar 10 17:08:09 UTC 2026: Skipping gru_125hz_baseline_40ep (already done)
Tue Mar 10 17:08:09 UTC 2026: Skipping tds_bilstm_baseline_40ep (already done)
Tue Mar 10 17:08:09 UTC 2026: Starting conv_gru_conv_baseline_40ep
Tue Mar 10 17:19:20 UTC 2026: Skipping gru_125hz_baseline_40ep (already done)
Tue Mar 10 17:19:20 UTC 2026: Skipping tds_bilstm_baseline_40ep (already done)
Tue Mar 10 17:19:20 UTC 2026: Starting conv_gru_conv_baseline_40ep
conv_gru_conv_baseline_40ep done
Tue Mar 10 18:05:44 UTC 2026: Skipping bilstm_transformer_baseline_40ep (already done)
Tue Mar 10 18:05:44 UTC 2026: Skipping tds_bilstm_150ep (already done)
Tue Mar 10 18:05:44 UTC 2026: Starting channel_ablation_12ch
Tue Mar 10 18:36:02 UTC 2026: Skipping gru_125hz_baseline_40ep (already done)
Tue Mar 10 18:36:02 UTC 2026: Skipping tds_bilstm_baseline_40ep (already done)
Tue Mar 10 18:36:02 UTC 2026: Skipping conv_gru_conv_baseline_40ep (already done)
Tue Mar 10 18:36:02 UTC 2026: Skipping bilstm_transformer_baseline_40ep (already done)
Tue Mar 10 18:36:02 UTC 2026: Skipping tds_bilstm_150ep (already done)
Tue Mar 10 18:36:02 UTC 2026: Starting channel_ablation_12ch
