Global seed set to 1501
GPU available: True (cuda), used: True
TPU available: False, using: 0 TPU cores
IPU available: False, using: 0 IPUs
HPU available: False, using: 0 HPUs
Missing logger folder: /home/ming/emg2qwerty/logs/2026-03-02/02-28-02/job0_/lightning_logs
LOCAL_RANK: 0 - CUDA_VISIBLE_DEVICES: [0]
/opt/conda/envs/emg2qwerty/lib/python3.10/site-packages/pl_bolts/__init__.py:11: FutureWarning: In the future `np.object` will be defined as the corresponding NumPy scalar.
  if not hasattr(numpy, tp_name):
/opt/conda/envs/emg2qwerty/lib/python3.10/site-packages/pl_bolts/__init__.py:11: FutureWarning: In the future `np.bool` will be defined as the corresponding NumPy scalar.
  if not hasattr(numpy, tp_name):
/opt/conda/envs/emg2qwerty/lib/python3.10/site-packages/pl_bolts/models/self_supervised/amdim/amdim_module.py:34: UnderReviewWarning: The feature generate_power_seq is currently marked under review. The compatibility with other Lightning projects is not guaranteed and API may change at any time. The API and functionality may change without warning in future releases. More details: https://lightning-bolts.readthedocs.io/en/latest/stability.html
  "lr_options": generate_power_seq(LEARNING_RATE_CIFAR, 11),
/opt/conda/envs/emg2qwerty/lib/python3.10/site-packages/pl_bolts/models/self_supervised/amdim/amdim_module.py:92: UnderReviewWarning: The feature FeatureMapContrastiveTask is currently marked under review. The compatibility with other Lightning projects is not guaranteed and API may change at any time. The API and functionality may change without warning in future releases. More details: https://lightning-bolts.readthedocs.io/en/latest/stability.html
  contrastive_task: Union[FeatureMapContrastiveTask] = FeatureMapContrastiveTask("01, 02, 11"),
/opt/conda/envs/emg2qwerty/lib/python3.10/site-packages/pl_bolts/losses/self_supervised_learning.py:228: UnderReviewWarning: The feature AmdimNCELoss is currently marked under review. The compatibility with other Lightning projects is not guaranteed and API may change at any time. The API and functionality may change without warning in future releases. More details: https://lightning-bolts.readthedocs.io/en/latest/stability.html
  self.nce_loss = AmdimNCELoss(tclip)
/opt/conda/envs/emg2qwerty/lib/python3.10/site-packages/hydra/_internal/instantiate/_instantiate2.py:92: UnderReviewWarning: The feature LinearWarmupCosineAnnealingLR is currently marked under review. The compatibility with other Lightning projects is not guaranteed and API may change at any time. The API and functionality may change without warning in future releases. More details: https://lightning-bolts.readthedocs.io/en/latest/stability.html
  return _target_(*args, **kwargs)

  | Name       | Type              | Params
-------------------------------------------------
0 | frontend   | Sequential        | 406 K 
1 | encoder    | VanillaRNNEncoder | 4.5 M 
2 | classifier | Sequential        | 101 K 
3 | ctc_loss   | CTCLoss           | 0     
4 | metrics    | ModuleDict        | 0     
-------------------------------------------------
5.0 M     Trainable params
0         Non-trainable params
5.0 M     Total params
19.882    Total estimated model params size (MB)
Epoch 0, global step 120: 'val/CER' reached 1854.69653 (best 1854.69653), saving model to '/home/ming/emg2qwerty/logs/2026-03-02/02-28-02/job0_/checkpoints/epoch=0-step=120.ckpt' as top 1
Epoch 1, global step 240: 'val/CER' reached 100.00000 (best 100.00000), saving model to '/home/ming/emg2qwerty/logs/2026-03-02/02-28-02/job0_/checkpoints/epoch=1-step=240.ckpt' as top 1
Epoch 2, global step 360: 'val/CER' was not in top 1
Epoch 3, global step 480: 'val/CER' was not in top 1
Epoch 4, global step 600: 'val/CER' was not in top 1
Epoch 5, global step 720: 'val/CER' was not in top 1
Epoch 6, global step 840: 'val/CER' was not in top 1
Epoch 7, global step 960: 'val/CER' was not in top 1
Epoch 8, global step 1080: 'val/CER' was not in top 1
Epoch 9, global step 1200: 'val/CER' was not in top 1
Epoch 10, global step 1320: 'val/CER' was not in top 1
Epoch 11, global step 1440: 'val/CER' was not in top 1
Epoch 12, global step 1560: 'val/CER' was not in top 1
Epoch 13, global step 1680: 'val/CER' was not in top 1
Epoch 14, global step 1800: 'val/CER' was not in top 1
Epoch 15, global step 1920: 'val/CER' reached 99.42401 (best 99.42401), saving model to '/home/ming/emg2qwerty/logs/2026-03-02/02-28-02/job0_/checkpoints/epoch=15-step=1920.ckpt' as top 1
Epoch 16, global step 2040: 'val/CER' reached 98.18343 (best 98.18343), saving model to '/home/ming/emg2qwerty/logs/2026-03-02/02-28-02/job0_/checkpoints/epoch=16-step=2040.ckpt' as top 1
Epoch 17, global step 2160: 'val/CER' reached 94.48383 (best 94.48383), saving model to '/home/ming/emg2qwerty/logs/2026-03-02/02-28-02/job0_/checkpoints/epoch=17-step=2160.ckpt' as top 1
Epoch 18, global step 2280: 'val/CER' was not in top 1
Epoch 19, global step 2400: 'val/CER' was not in top 1
Epoch 20, global step 2520: 'val/CER' was not in top 1
Epoch 21, global step 2640: 'val/CER' reached 90.54054 (best 90.54054), saving model to '/home/ming/emg2qwerty/logs/2026-03-02/02-28-02/job0_/checkpoints/epoch=21-step=2640.ckpt' as top 1
Epoch 22, global step 2760: 'val/CER' reached 89.07842 (best 89.07842), saving model to '/home/ming/emg2qwerty/logs/2026-03-02/02-28-02/job0_/checkpoints/epoch=22-step=2760.ckpt' as top 1
Epoch 23, global step 2880: 'val/CER' reached 83.47364 (best 83.47364), saving model to '/home/ming/emg2qwerty/logs/2026-03-02/02-28-02/job0_/checkpoints/epoch=23-step=2880.ckpt' as top 1
Epoch 24, global step 3000: 'val/CER' reached 78.73283 (best 78.73283), saving model to '/home/ming/emg2qwerty/logs/2026-03-02/02-28-02/job0_/checkpoints/epoch=24-step=3000.ckpt' as top 1
Epoch 25, global step 3120: 'val/CER' reached 75.94151 (best 75.94151), saving model to '/home/ming/emg2qwerty/logs/2026-03-02/02-28-02/job0_/checkpoints/epoch=25-step=3120.ckpt' as top 1
Epoch 26, global step 3240: 'val/CER' reached 69.45060 (best 69.45060), saving model to '/home/ming/emg2qwerty/logs/2026-03-02/02-28-02/job0_/checkpoints/epoch=26-step=3240.ckpt' as top 1
Epoch 27, global step 3360: 'val/CER' reached 67.23527 (best 67.23527), saving model to '/home/ming/emg2qwerty/logs/2026-03-02/02-28-02/job0_/checkpoints/epoch=27-step=3360.ckpt' as top 1
Epoch 28, global step 3480: 'val/CER' reached 66.57067 (best 66.57067), saving model to '/home/ming/emg2qwerty/logs/2026-03-02/02-28-02/job0_/checkpoints/epoch=28-step=3480.ckpt' as top 1
Epoch 29, global step 3600: 'val/CER' reached 63.97873 (best 63.97873), saving model to '/home/ming/emg2qwerty/logs/2026-03-02/02-28-02/job0_/checkpoints/epoch=29-step=3600.ckpt' as top 1
Epoch 30, global step 3720: 'val/CER' was not in top 1
Epoch 31, global step 3840: 'val/CER' reached 58.77271 (best 58.77271), saving model to '/home/ming/emg2qwerty/logs/2026-03-02/02-28-02/job0_/checkpoints/epoch=31-step=3840.ckpt' as top 1
Epoch 32, global step 3960: 'val/CER' was not in top 1
Epoch 33, global step 4080: 'val/CER' was not in top 1
Epoch 34, global step 4200: 'val/CER' was not in top 1
Epoch 35, global step 4320: 'val/CER' reached 57.55428 (best 57.55428), saving model to '/home/ming/emg2qwerty/logs/2026-03-02/02-28-02/job0_/checkpoints/epoch=35-step=4320.ckpt' as top 1
Epoch 36, global step 4440: 'val/CER' reached 56.49092 (best 56.49092), saving model to '/home/ming/emg2qwerty/logs/2026-03-02/02-28-02/job0_/checkpoints/epoch=36-step=4440.ckpt' as top 1
Epoch 37, global step 4560: 'val/CER' reached 53.30084 (best 53.30084), saving model to '/home/ming/emg2qwerty/logs/2026-03-02/02-28-02/job0_/checkpoints/epoch=37-step=4560.ckpt' as top 1
Epoch 38, global step 4680: 'val/CER' reached 51.94949 (best 51.94949), saving model to '/home/ming/emg2qwerty/logs/2026-03-02/02-28-02/job0_/checkpoints/epoch=38-step=4680.ckpt' as top 1
Epoch 39, global step 4800: 'val/CER' reached 51.66150 (best 51.66150), saving model to '/home/ming/emg2qwerty/logs/2026-03-02/02-28-02/job0_/checkpoints/epoch=39-step=4800.ckpt' as top 1
`Trainer.fit` stopped: `max_epochs=40` reached.
LOCAL_RANK: 0 - CUDA_VISIBLE_DEVICES: [0]
LOCAL_RANK: 0 - CUDA_VISIBLE_DEVICES: [0]
