Global seed set to 1501
GPU available: True (cuda), used: True
TPU available: False, using: 0 TPU cores
IPU available: False, using: 0 IPUs
HPU available: False, using: 0 HPUs
Missing logger folder: /home/ming/emg2qwerty/logs/2026-03-06/00-23-38/job0_/lightning_logs
LOCAL_RANK: 0 - CUDA_VISIBLE_DEVICES: [0]
/opt/conda/envs/emg2qwerty/lib/python3.10/site-packages/pl_bolts/__init__.py:11: FutureWarning: In the future `np.object` will be defined as the corresponding NumPy scalar.
  if not hasattr(numpy, tp_name):
/opt/conda/envs/emg2qwerty/lib/python3.10/site-packages/pl_bolts/__init__.py:11: FutureWarning: In the future `np.bool` will be defined as the corresponding NumPy scalar.
  if not hasattr(numpy, tp_name):
/opt/conda/envs/emg2qwerty/lib/python3.10/site-packages/pl_bolts/models/self_supervised/amdim/amdim_module.py:34: UnderReviewWarning: The feature generate_power_seq is currently marked under review. The compatibility with other Lightning projects is not guaranteed and API may change at any time. The API and functionality may change without warning in future releases. More details: https://lightning-bolts.readthedocs.io/en/latest/stability.html
  "lr_options": generate_power_seq(LEARNING_RATE_CIFAR, 11),
/opt/conda/envs/emg2qwerty/lib/python3.10/site-packages/pl_bolts/models/self_supervised/amdim/amdim_module.py:92: UnderReviewWarning: The feature FeatureMapContrastiveTask is currently marked under review. The compatibility with other Lightning projects is not guaranteed and API may change at any time. The API and functionality may change without warning in future releases. More details: https://lightning-bolts.readthedocs.io/en/latest/stability.html
  contrastive_task: Union[FeatureMapContrastiveTask] = FeatureMapContrastiveTask("01, 02, 11"),
/opt/conda/envs/emg2qwerty/lib/python3.10/site-packages/pl_bolts/losses/self_supervised_learning.py:228: UnderReviewWarning: The feature AmdimNCELoss is currently marked under review. The compatibility with other Lightning projects is not guaranteed and API may change at any time. The API and functionality may change without warning in future releases. More details: https://lightning-bolts.readthedocs.io/en/latest/stability.html
  self.nce_loss = AmdimNCELoss(tclip)
/opt/conda/envs/emg2qwerty/lib/python3.10/site-packages/hydra/_internal/instantiate/_instantiate2.py:92: UnderReviewWarning: The feature LinearWarmupCosineAnnealingLR is currently marked under review. The compatibility with other Lightning projects is not guaranteed and API may change at any time. The API and functionality may change without warning in future releases. More details: https://lightning-bolts.readthedocs.io/en/latest/stability.html
  return _target_(*args, **kwargs)

  | Name       | Type       | Params
------------------------------------------
0 | frontend   | Sequential | 406 K 
1 | encoder    | GRUEncoder | 5.3 M 
2 | classifier | Sequential | 76.1 K
3 | ctc_loss   | CTCLoss    | 0     
4 | metrics    | ModuleDict | 0     
------------------------------------------
5.8 M     Trainable params
0         Non-trainable params
5.8 M     Total params
23.200    Total estimated model params size (MB)
Epoch 0, global step 160: 'val/CER' reached 100.43223 (best 100.43223), saving model to '/home/ming/emg2qwerty/logs/2026-03-06/00-23-38/job0_/checkpoints/epoch=0-step=160.ckpt' as top 1
Epoch 1, global step 320: 'val/CER' reached 100.00000 (best 100.00000), saving model to '/home/ming/emg2qwerty/logs/2026-03-06/00-23-38/job0_/checkpoints/epoch=1-step=320.ckpt' as top 1
Epoch 2, global step 480: 'val/CER' was not in top 1
Epoch 3, global step 640: 'val/CER' was not in top 1
Epoch 4, global step 800: 'val/CER' was not in top 1
Epoch 5, global step 960: 'val/CER' was not in top 1
Epoch 6, global step 1120: 'val/CER' reached 90.30256 (best 90.30256), saving model to '/home/ming/emg2qwerty/logs/2026-03-06/00-23-38/job0_/checkpoints/epoch=6-step=1120.ckpt' as top 1
Epoch 7, global step 1280: 'val/CER' reached 81.40308 (best 81.40308), saving model to '/home/ming/emg2qwerty/logs/2026-03-06/00-23-38/job0_/checkpoints/epoch=7-step=1280.ckpt' as top 1
Epoch 8, global step 1440: 'val/CER' reached 53.09764 (best 53.09764), saving model to '/home/ming/emg2qwerty/logs/2026-03-06/00-23-38/job0_/checkpoints/epoch=8-step=1440.ckpt' as top 1
Epoch 9, global step 1600: 'val/CER' reached 46.12656 (best 46.12656), saving model to '/home/ming/emg2qwerty/logs/2026-03-06/00-23-38/job0_/checkpoints/epoch=9-step=1600.ckpt' as top 1
Epoch 10, global step 1760: 'val/CER' reached 36.56212 (best 36.56212), saving model to '/home/ming/emg2qwerty/logs/2026-03-06/00-23-38/job0_/checkpoints/epoch=10-step=1760.ckpt' as top 1
Epoch 11, global step 1920: 'val/CER' reached 31.33104 (best 31.33104), saving model to '/home/ming/emg2qwerty/logs/2026-03-06/00-23-38/job0_/checkpoints/epoch=11-step=1920.ckpt' as top 1
Epoch 12, global step 2080: 'val/CER' reached 27.58506 (best 27.58506), saving model to '/home/ming/emg2qwerty/logs/2026-03-06/00-23-38/job0_/checkpoints/epoch=12-step=2080.ckpt' as top 1
Epoch 13, global step 2240: 'val/CER' reached 26.15538 (best 26.15538), saving model to '/home/ming/emg2qwerty/logs/2026-03-06/00-23-38/job0_/checkpoints/epoch=13-step=2240.ckpt' as top 1
Epoch 14, global step 2400: 'val/CER' was not in top 1
Epoch 15, global step 2560: 'val/CER' reached 23.76150 (best 23.76150), saving model to '/home/ming/emg2qwerty/logs/2026-03-06/00-23-38/job0_/checkpoints/epoch=15-step=2560.ckpt' as top 1
Epoch 16, global step 2720: 'val/CER' reached 21.72227 (best 21.72227), saving model to '/home/ming/emg2qwerty/logs/2026-03-06/00-23-38/job0_/checkpoints/epoch=16-step=2720.ckpt' as top 1
Epoch 17, global step 2880: 'val/CER' reached 21.37870 (best 21.37870), saving model to '/home/ming/emg2qwerty/logs/2026-03-06/00-23-38/job0_/checkpoints/epoch=17-step=2880.ckpt' as top 1
Epoch 18, global step 3040: 'val/CER' reached 19.87144 (best 19.87144), saving model to '/home/ming/emg2qwerty/logs/2026-03-06/00-23-38/job0_/checkpoints/epoch=18-step=3040.ckpt' as top 1
Epoch 19, global step 3200: 'val/CER' reached 19.62762 (best 19.62762), saving model to '/home/ming/emg2qwerty/logs/2026-03-06/00-23-38/job0_/checkpoints/epoch=19-step=3200.ckpt' as top 1
Epoch 20, global step 3360: 'val/CER' was not in top 1
Epoch 21, global step 3520: 'val/CER' reached 19.41705 (best 19.41705), saving model to '/home/ming/emg2qwerty/logs/2026-03-06/00-23-38/job0_/checkpoints/epoch=21-step=3520.ckpt' as top 1
Epoch 22, global step 3680: 'val/CER' reached 18.84074 (best 18.84074), saving model to '/home/ming/emg2qwerty/logs/2026-03-06/00-23-38/job0_/checkpoints/epoch=22-step=3680.ckpt' as top 1
Epoch 23, global step 3840: 'val/CER' reached 18.50826 (best 18.50826), saving model to '/home/ming/emg2qwerty/logs/2026-03-06/00-23-38/job0_/checkpoints/epoch=23-step=3840.ckpt' as top 1
Epoch 24, global step 4000: 'val/CER' reached 18.10928 (best 18.10928), saving model to '/home/ming/emg2qwerty/logs/2026-03-06/00-23-38/job0_/checkpoints/epoch=24-step=4000.ckpt' as top 1
Epoch 25, global step 4160: 'val/CER' reached 17.87654 (best 17.87654), saving model to '/home/ming/emg2qwerty/logs/2026-03-06/00-23-38/job0_/checkpoints/epoch=25-step=4160.ckpt' as top 1
Epoch 26, global step 4320: 'val/CER' reached 17.25590 (best 17.25590), saving model to '/home/ming/emg2qwerty/logs/2026-03-06/00-23-38/job0_/checkpoints/epoch=26-step=4320.ckpt' as top 1
Epoch 27, global step 4480: 'val/CER' was not in top 1
Epoch 28, global step 4640: 'val/CER' reached 17.03425 (best 17.03425), saving model to '/home/ming/emg2qwerty/logs/2026-03-06/00-23-38/job0_/checkpoints/epoch=28-step=4640.ckpt' as top 1
Epoch 29, global step 4800: 'val/CER' reached 16.52444 (best 16.52444), saving model to '/home/ming/emg2qwerty/logs/2026-03-06/00-23-38/job0_/checkpoints/epoch=29-step=4800.ckpt' as top 1
Epoch 30, global step 4960: 'val/CER' was not in top 1
Epoch 31, global step 5120: 'val/CER' reached 16.12546 (best 16.12546), saving model to '/home/ming/emg2qwerty/logs/2026-03-06/00-23-38/job0_/checkpoints/epoch=31-step=5120.ckpt' as top 1
Epoch 32, global step 5280: 'val/CER' reached 15.87055 (best 15.87055), saving model to '/home/ming/emg2qwerty/logs/2026-03-06/00-23-38/job0_/checkpoints/epoch=32-step=5280.ckpt' as top 1
Epoch 33, global step 5440: 'val/CER' reached 15.84839 (best 15.84839), saving model to '/home/ming/emg2qwerty/logs/2026-03-06/00-23-38/job0_/checkpoints/epoch=33-step=5440.ckpt' as top 1
Epoch 34, global step 5600: 'val/CER' was not in top 1
Epoch 35, global step 5760: 'val/CER' reached 15.75973 (best 15.75973), saving model to '/home/ming/emg2qwerty/logs/2026-03-06/00-23-38/job0_/checkpoints/epoch=35-step=5760.ckpt' as top 1
Epoch 36, global step 5920: 'val/CER' reached 15.71539 (best 15.71539), saving model to '/home/ming/emg2qwerty/logs/2026-03-06/00-23-38/job0_/checkpoints/epoch=36-step=5920.ckpt' as top 1
Epoch 37, global step 6080: 'val/CER' reached 15.63781 (best 15.63781), saving model to '/home/ming/emg2qwerty/logs/2026-03-06/00-23-38/job0_/checkpoints/epoch=37-step=6080.ckpt' as top 1
Epoch 38, global step 6240: 'val/CER' reached 15.47157 (best 15.47157), saving model to '/home/ming/emg2qwerty/logs/2026-03-06/00-23-38/job0_/checkpoints/epoch=38-step=6240.ckpt' as top 1
Epoch 39, global step 6400: 'val/CER' was not in top 1
`Trainer.fit` stopped: `max_epochs=40` reached.
LOCAL_RANK: 0 - CUDA_VISIBLE_DEVICES: [0]
LOCAL_RANK: 0 - CUDA_VISIBLE_DEVICES: [0]
