Global seed set to 1501
GPU available: True (mps), used: False
TPU available: False, using: 0 TPU cores
IPU available: False, using: 0 IPUs
HPU available: False, using: 0 HPUs
/Users/ming/dev/miniforge3/envs/emg2qwerty/lib/python3.10/site-packages/pytorch_lightning/trainer/setup.py:200: UserWarning: MPS available but not used. Set `accelerator` and `devices` using `Trainer(accelerator='mps', devices=1)`.
  rank_zero_warn(
Missing logger folder: /Users/ming/project/ece247_finalproject/emg2qwerty/logs/2026-03-02/15-29-59/job0_/lightning_logs
/Users/ming/dev/miniforge3/envs/emg2qwerty/lib/python3.10/site-packages/pl_bolts/__init__.py:11: FutureWarning: In the future `np.object` will be defined as the corresponding NumPy scalar.
  if not hasattr(numpy, tp_name):
/Users/ming/dev/miniforge3/envs/emg2qwerty/lib/python3.10/site-packages/pl_bolts/__init__.py:11: FutureWarning: In the future `np.bool` will be defined as the corresponding NumPy scalar.
  if not hasattr(numpy, tp_name):
/Users/ming/dev/miniforge3/envs/emg2qwerty/lib/python3.10/site-packages/pl_bolts/models/self_supervised/amdim/amdim_module.py:34: UnderReviewWarning: The feature generate_power_seq is currently marked under review. The compatibility with other Lightning projects is not guaranteed and API may change at any time. The API and functionality may change without warning in future releases. More details: https://lightning-bolts.readthedocs.io/en/latest/stability.html
  "lr_options": generate_power_seq(LEARNING_RATE_CIFAR, 11),
/Users/ming/dev/miniforge3/envs/emg2qwerty/lib/python3.10/site-packages/pl_bolts/models/self_supervised/amdim/amdim_module.py:92: UnderReviewWarning: The feature FeatureMapContrastiveTask is currently marked under review. The compatibility with other Lightning projects is not guaranteed and API may change at any time. The API and functionality may change without warning in future releases. More details: https://lightning-bolts.readthedocs.io/en/latest/stability.html
  contrastive_task: Union[FeatureMapContrastiveTask] = FeatureMapContrastiveTask("01, 02, 11"),
/Users/ming/dev/miniforge3/envs/emg2qwerty/lib/python3.10/site-packages/pl_bolts/losses/self_supervised_learning.py:228: UnderReviewWarning: The feature AmdimNCELoss is currently marked under review. The compatibility with other Lightning projects is not guaranteed and API may change at any time. The API and functionality may change without warning in future releases. More details: https://lightning-bolts.readthedocs.io/en/latest/stability.html
  self.nce_loss = AmdimNCELoss(tclip)
/Users/ming/dev/miniforge3/envs/emg2qwerty/lib/python3.10/site-packages/hydra/_internal/instantiate/_instantiate2.py:92: UnderReviewWarning: The feature LinearWarmupCosineAnnealingLR is currently marked under review. The compatibility with other Lightning projects is not guaranteed and API may change at any time. The API and functionality may change without warning in future releases. More details: https://lightning-bolts.readthedocs.io/en/latest/stability.html
  return _target_(*args, **kwargs)

  | Name       | Type              | Params
-------------------------------------------------
0 | frontend   | Sequential        | 406 K 
1 | encoder    | VanillaRNNEncoder | 4.5 M 
2 | classifier | Sequential        | 2.2 M 
3 | ctc_loss   | CTCLoss           | 0     
4 | metrics    | ModuleDict        | 0     
-------------------------------------------------
7.1 M     Trainable params
0         Non-trainable params
7.1 M     Total params
28.287    Total estimated model params size (MB)
Epoch 0, global step 240: 'val/CER' reached 2170.89062 (best 2170.89062), saving model to '/Users/ming/project/ece247_finalproject/emg2qwerty/logs/2026-03-02/15-29-59/job0_/checkpoints/epoch=0-step=240.ckpt' as top 1
Epoch 1, global step 480: 'val/CER' reached 100.00000 (best 100.00000), saving model to '/Users/ming/project/ece247_finalproject/emg2qwerty/logs/2026-03-02/15-29-59/job0_/checkpoints/epoch=1-step=480.ckpt' as top 1
Epoch 2, global step 720: 'val/CER' was not in top 1
Epoch 3, global step 960: 'val/CER' was not in top 1
Epoch 4, global step 1200: 'val/CER' reached 94.48383 (best 94.48383), saving model to '/Users/ming/project/ece247_finalproject/emg2qwerty/logs/2026-03-02/15-29-59/job0_/checkpoints/epoch=4-step=1200.ckpt' as top 1
Epoch 5, global step 1440: 'val/CER' reached 85.51174 (best 85.51174), saving model to '/Users/ming/project/ece247_finalproject/emg2qwerty/logs/2026-03-02/15-29-59/job0_/checkpoints/epoch=5-step=1440.ckpt' as top 1
Epoch 6, global step 1680: 'val/CER' reached 82.10014 (best 82.10014), saving model to '/Users/ming/project/ece247_finalproject/emg2qwerty/logs/2026-03-02/15-29-59/job0_/checkpoints/epoch=6-step=1680.ckpt' as top 1
Epoch 7, global step 1920: 'val/CER' reached 73.61542 (best 73.61542), saving model to '/Users/ming/project/ece247_finalproject/emg2qwerty/logs/2026-03-02/15-29-59/job0_/checkpoints/epoch=7-step=1920.ckpt' as top 1
