Global seed set to 1501
GPU available: True (mps), used: False
TPU available: False, using: 0 TPU cores
IPU available: False, using: 0 IPUs
HPU available: False, using: 0 HPUs
/Users/ming/dev/miniforge3/envs/emg2qwerty/lib/python3.10/site-packages/pytorch_lightning/trainer/setup.py:200: UserWarning: MPS available but not used. Set `accelerator` and `devices` using `Trainer(accelerator='mps', devices=1)`.
  rank_zero_warn(
Missing logger folder: /Users/ming/project/ece247_finalproject/emg2qwerty/logs/2026-02-26/16-37-04/job0_/lightning_logs
/Users/ming/dev/miniforge3/envs/emg2qwerty/lib/python3.10/site-packages/pl_bolts/__init__.py:11: FutureWarning: In the future `np.object` will be defined as the corresponding NumPy scalar.
  if not hasattr(numpy, tp_name):
/Users/ming/dev/miniforge3/envs/emg2qwerty/lib/python3.10/site-packages/pl_bolts/__init__.py:11: FutureWarning: In the future `np.bool` will be defined as the corresponding NumPy scalar.
  if not hasattr(numpy, tp_name):
/Users/ming/dev/miniforge3/envs/emg2qwerty/lib/python3.10/site-packages/pl_bolts/models/self_supervised/amdim/amdim_module.py:34: UnderReviewWarning: The feature generate_power_seq is currently marked under review. The compatibility with other Lightning projects is not guaranteed and API may change at any time. The API and functionality may change without warning in future releases. More details: https://lightning-bolts.readthedocs.io/en/latest/stability.html
  "lr_options": generate_power_seq(LEARNING_RATE_CIFAR, 11),
/Users/ming/dev/miniforge3/envs/emg2qwerty/lib/python3.10/site-packages/pl_bolts/models/self_supervised/amdim/amdim_module.py:92: UnderReviewWarning: The feature FeatureMapContrastiveTask is currently marked under review. The compatibility with other Lightning projects is not guaranteed and API may change at any time. The API and functionality may change without warning in future releases. More details: https://lightning-bolts.readthedocs.io/en/latest/stability.html
  contrastive_task: Union[FeatureMapContrastiveTask] = FeatureMapContrastiveTask("01, 02, 11"),
/Users/ming/dev/miniforge3/envs/emg2qwerty/lib/python3.10/site-packages/pl_bolts/losses/self_supervised_learning.py:228: UnderReviewWarning: The feature AmdimNCELoss is currently marked under review. The compatibility with other Lightning projects is not guaranteed and API may change at any time. The API and functionality may change without warning in future releases. More details: https://lightning-bolts.readthedocs.io/en/latest/stability.html
  self.nce_loss = AmdimNCELoss(tclip)
/Users/ming/dev/miniforge3/envs/emg2qwerty/lib/python3.10/site-packages/hydra/_internal/instantiate/_instantiate2.py:92: UnderReviewWarning: The feature LinearWarmupCosineAnnealingLR is currently marked under review. The compatibility with other Lightning projects is not guaranteed and API may change at any time. The API and functionality may change without warning in future releases. More details: https://lightning-bolts.readthedocs.io/en/latest/stability.html
  return _target_(*args, **kwargs)

  | Name     | Type       | Params
----------------------------------------
0 | model    | Sequential | 5.3 M 
1 | ctc_loss | CTCLoss    | 0     
2 | metrics  | ModuleDict | 0     
----------------------------------------
5.3 M     Trainable params
0         Non-trainable params
5.3 M     Total params
21.173    Total estimated model params size (MB)
Epoch 0, global step 120: 'val/CER' reached 1358.08594 (best 1358.08594), saving model to '/Users/ming/project/ece247_finalproject/emg2qwerty/logs/2026-02-26/16-37-04/job0_/checkpoints/epoch=0-step=120.ckpt' as top 1
Epoch 1, global step 240: 'val/CER' reached 100.00000 (best 100.00000), saving model to '/Users/ming/project/ece247_finalproject/emg2qwerty/logs/2026-02-26/16-37-04/job0_/checkpoints/epoch=1-step=240.ckpt' as top 1
Epoch 2, global step 360: 'val/CER' was not in top 1
Epoch 3, global step 480: 'val/CER' was not in top 1
Epoch 4, global step 600: 'val/CER' was not in top 1
Epoch 5, global step 720: 'val/CER' was not in top 1
Epoch 6, global step 840: 'val/CER' was not in top 1
Epoch 7, global step 960: 'val/CER' was not in top 1
Epoch 8, global step 1080: 'val/CER' was not in top 1
Epoch 9, global step 1200: 'val/CER' reached 99.71201 (best 99.71201), saving model to '/Users/ming/project/ece247_finalproject/emg2qwerty/logs/2026-02-26/16-37-04/job0_/checkpoints/epoch=9-step=1200.ckpt' as top 1
Epoch 10, global step 1320: 'val/CER' reached 96.14532 (best 96.14532), saving model to '/Users/ming/project/ece247_finalproject/emg2qwerty/logs/2026-02-26/16-37-04/job0_/checkpoints/epoch=10-step=1320.ckpt' as top 1
Epoch 11, global step 1440: 'val/CER' reached 89.56580 (best 89.56580), saving model to '/Users/ming/project/ece247_finalproject/emg2qwerty/logs/2026-02-26/16-37-04/job0_/checkpoints/epoch=11-step=1440.ckpt' as top 1
Epoch 12, global step 1560: 'val/CER' reached 82.69827 (best 82.69827), saving model to '/Users/ming/project/ece247_finalproject/emg2qwerty/logs/2026-02-26/16-37-04/job0_/checkpoints/epoch=12-step=1560.ckpt' as top 1
Epoch 13, global step 1680: 'val/CER' was not in top 1
Epoch 14, global step 1800: 'val/CER' reached 73.41604 (best 73.41604), saving model to '/Users/ming/project/ece247_finalproject/emg2qwerty/logs/2026-02-26/16-37-04/job0_/checkpoints/epoch=14-step=1800.ckpt' as top 1
Epoch 15, global step 1920: 'val/CER' reached 72.15330 (best 72.15330), saving model to '/Users/ming/project/ece247_finalproject/emg2qwerty/logs/2026-02-26/16-37-04/job0_/checkpoints/epoch=15-step=1920.ckpt' as top 1
Epoch 16, global step 2040: 'val/CER' reached 67.54542 (best 67.54542), saving model to '/Users/ming/project/ece247_finalproject/emg2qwerty/logs/2026-02-26/16-37-04/job0_/checkpoints/epoch=16-step=2040.ckpt' as top 1
Epoch 17, global step 2160: 'val/CER' reached 66.14976 (best 66.14976), saving model to '/Users/ming/project/ece247_finalproject/emg2qwerty/logs/2026-02-26/16-37-04/job0_/checkpoints/epoch=17-step=2160.ckpt' as top 1
Epoch 18, global step 2280: 'val/CER' reached 65.35223 (best 65.35223), saving model to '/Users/ming/project/ece247_finalproject/emg2qwerty/logs/2026-02-26/16-37-04/job0_/checkpoints/epoch=18-step=2280.ckpt' as top 1
Epoch 19, global step 2400: 'val/CER' reached 64.68764 (best 64.68764), saving model to '/Users/ming/project/ece247_finalproject/emg2qwerty/logs/2026-02-26/16-37-04/job0_/checkpoints/epoch=19-step=2400.ckpt' as top 1
`Trainer.fit` stopped: `max_epochs=20` reached.
