Global seed set to 1501
GPU available: True (cuda), used: True
TPU available: False, using: 0 TPU cores
IPU available: False, using: 0 IPUs
HPU available: False, using: 0 HPUs
Missing logger folder: /home/ming/emg2qwerty/logs/2026-03-05/05-28-22/job0_/lightning_logs
LOCAL_RANK: 0 - CUDA_VISIBLE_DEVICES: [0]
/opt/conda/envs/emg2qwerty/lib/python3.10/site-packages/pl_bolts/__init__.py:11: FutureWarning: In the future `np.object` will be defined as the corresponding NumPy scalar.
  if not hasattr(numpy, tp_name):
/opt/conda/envs/emg2qwerty/lib/python3.10/site-packages/pl_bolts/__init__.py:11: FutureWarning: In the future `np.bool` will be defined as the corresponding NumPy scalar.
  if not hasattr(numpy, tp_name):
/opt/conda/envs/emg2qwerty/lib/python3.10/site-packages/pl_bolts/models/self_supervised/amdim/amdim_module.py:34: UnderReviewWarning: The feature generate_power_seq is currently marked under review. The compatibility with other Lightning projects is not guaranteed and API may change at any time. The API and functionality may change without warning in future releases. More details: https://lightning-bolts.readthedocs.io/en/latest/stability.html
  "lr_options": generate_power_seq(LEARNING_RATE_CIFAR, 11),
/opt/conda/envs/emg2qwerty/lib/python3.10/site-packages/pl_bolts/models/self_supervised/amdim/amdim_module.py:92: UnderReviewWarning: The feature FeatureMapContrastiveTask is currently marked under review. The compatibility with other Lightning projects is not guaranteed and API may change at any time. The API and functionality may change without warning in future releases. More details: https://lightning-bolts.readthedocs.io/en/latest/stability.html
  contrastive_task: Union[FeatureMapContrastiveTask] = FeatureMapContrastiveTask("01, 02, 11"),
/opt/conda/envs/emg2qwerty/lib/python3.10/site-packages/pl_bolts/losses/self_supervised_learning.py:228: UnderReviewWarning: The feature AmdimNCELoss is currently marked under review. The compatibility with other Lightning projects is not guaranteed and API may change at any time. The API and functionality may change without warning in future releases. More details: https://lightning-bolts.readthedocs.io/en/latest/stability.html
  self.nce_loss = AmdimNCELoss(tclip)
/opt/conda/envs/emg2qwerty/lib/python3.10/site-packages/hydra/_internal/instantiate/_instantiate2.py:92: UnderReviewWarning: The feature LinearWarmupCosineAnnealingLR is currently marked under review. The compatibility with other Lightning projects is not guaranteed and API may change at any time. The API and functionality may change without warning in future releases. More details: https://lightning-bolts.readthedocs.io/en/latest/stability.html
  return _target_(*args, **kwargs)

  | Name       | Type       | Params
------------------------------------------
0 | frontend   | Sequential | 406 K 
1 | encoder    | GRUEncoder | 5.3 M 
2 | classifier | Sequential | 1.3 M 
3 | ctc_loss   | CTCLoss    | 0     
4 | metrics    | ModuleDict | 0     
------------------------------------------
7.0 M     Trainable params
0         Non-trainable params
7.0 M     Total params
27.931    Total estimated model params size (MB)
Epoch 0, global step 480: 'val/CER' reached 315.76266 (best 315.76266), saving model to '/home/ming/emg2qwerty/logs/2026-03-05/05-28-22/job0_/checkpoints/epoch=0-step=480.ckpt' as top 1
Epoch 1, global step 960: 'val/CER' reached 100.00000 (best 100.00000), saving model to '/home/ming/emg2qwerty/logs/2026-03-05/05-28-22/job0_/checkpoints/epoch=1-step=960.ckpt' as top 1
Epoch 2, global step 1440: 'val/CER' was not in top 1
Epoch 3, global step 1920: 'val/CER' reached 97.18840 (best 97.18840), saving model to '/home/ming/emg2qwerty/logs/2026-03-05/05-28-22/job0_/checkpoints/epoch=3-step=1920.ckpt' as top 1
Epoch 4, global step 2400: 'val/CER' reached 58.65619 (best 58.65619), saving model to '/home/ming/emg2qwerty/logs/2026-03-05/05-28-22/job0_/checkpoints/epoch=4-step=2400.ckpt' as top 1
Epoch 5, global step 2880: 'val/CER' reached 45.57228 (best 45.57228), saving model to '/home/ming/emg2qwerty/logs/2026-03-05/05-28-22/job0_/checkpoints/epoch=5-step=2880.ckpt' as top 1
Epoch 6, global step 3360: 'val/CER' reached 37.85698 (best 37.85698), saving model to '/home/ming/emg2qwerty/logs/2026-03-05/05-28-22/job0_/checkpoints/epoch=6-step=3360.ckpt' as top 1
Epoch 7, global step 3840: 'val/CER' reached 32.62121 (best 32.62121), saving model to '/home/ming/emg2qwerty/logs/2026-03-05/05-28-22/job0_/checkpoints/epoch=7-step=3840.ckpt' as top 1
Epoch 8, global step 4320: 'val/CER' reached 31.39252 (best 31.39252), saving model to '/home/ming/emg2qwerty/logs/2026-03-05/05-28-22/job0_/checkpoints/epoch=8-step=4320.ckpt' as top 1
Epoch 9, global step 4800: 'val/CER' reached 27.67323 (best 27.67323), saving model to '/home/ming/emg2qwerty/logs/2026-03-05/05-28-22/job0_/checkpoints/epoch=9-step=4800.ckpt' as top 1
Epoch 10, global step 5280: 'val/CER' was not in top 1
Epoch 11, global step 5760: 'val/CER' reached 26.49989 (best 26.49989), saving model to '/home/ming/emg2qwerty/logs/2026-03-05/05-28-22/job0_/checkpoints/epoch=11-step=5760.ckpt' as top 1
Epoch 12, global step 6240: 'val/CER' reached 25.26013 (best 25.26013), saving model to '/home/ming/emg2qwerty/logs/2026-03-05/05-28-22/job0_/checkpoints/epoch=12-step=6240.ckpt' as top 1
Epoch 13, global step 6720: 'val/CER' reached 24.18641 (best 24.18641), saving model to '/home/ming/emg2qwerty/logs/2026-03-05/05-28-22/job0_/checkpoints/epoch=13-step=6720.ckpt' as top 1
Epoch 14, global step 7200: 'val/CER' was not in top 1
Epoch 15, global step 7680: 'val/CER' reached 23.99823 (best 23.99823), saving model to '/home/ming/emg2qwerty/logs/2026-03-05/05-28-22/job0_/checkpoints/epoch=15-step=7680.ckpt' as top 1
Epoch 16, global step 8160: 'val/CER' reached 23.85433 (best 23.85433), saving model to '/home/ming/emg2qwerty/logs/2026-03-05/05-28-22/job0_/checkpoints/epoch=16-step=8160.ckpt' as top 1
Epoch 17, global step 8640: 'val/CER' reached 23.42263 (best 23.42263), saving model to '/home/ming/emg2qwerty/logs/2026-03-05/05-28-22/job0_/checkpoints/epoch=17-step=8640.ckpt' as top 1
Epoch 18, global step 9120: 'val/CER' was not in top 1
Epoch 19, global step 9600: 'val/CER' reached 22.50387 (best 22.50387), saving model to '/home/ming/emg2qwerty/logs/2026-03-05/05-28-22/job0_/checkpoints/epoch=19-step=9600.ckpt' as top 1
Epoch 20, global step 10080: 'val/CER' reached 21.79544 (best 21.79544), saving model to '/home/ming/emg2qwerty/logs/2026-03-05/05-28-22/job0_/checkpoints/epoch=20-step=10080.ckpt' as top 1
Epoch 21, global step 10560: 'val/CER' reached 21.20877 (best 21.20877), saving model to '/home/ming/emg2qwerty/logs/2026-03-05/05-28-22/job0_/checkpoints/epoch=21-step=10560.ckpt' as top 1
Epoch 22, global step 11040: 'val/CER' reached 20.47819 (best 20.47819), saving model to '/home/ming/emg2qwerty/logs/2026-03-05/05-28-22/job0_/checkpoints/epoch=22-step=11040.ckpt' as top 1
Epoch 23, global step 11520: 'val/CER' reached 20.32322 (best 20.32322), saving model to '/home/ming/emg2qwerty/logs/2026-03-05/05-28-22/job0_/checkpoints/epoch=23-step=11520.ckpt' as top 1
Epoch 24, global step 12000: 'val/CER' was not in top 1
Epoch 25, global step 12480: 'val/CER' reached 18.83994 (best 18.83994), saving model to '/home/ming/emg2qwerty/logs/2026-03-05/05-28-22/job0_/checkpoints/epoch=25-step=12480.ckpt' as top 1
Epoch 26, global step 12960: 'val/CER' reached 17.74408 (best 17.74408), saving model to '/home/ming/emg2qwerty/logs/2026-03-05/05-28-22/job0_/checkpoints/epoch=26-step=12960.ckpt' as top 1
Epoch 27, global step 13440: 'val/CER' was not in top 1
Epoch 28, global step 13920: 'val/CER' was not in top 1
Epoch 29, global step 14400: 'val/CER' was not in top 1
Epoch 30, global step 14880: 'val/CER' was not in top 1
Epoch 31, global step 15360: 'val/CER' reached 17.44521 (best 17.44521), saving model to '/home/ming/emg2qwerty/logs/2026-03-05/05-28-22/job0_/checkpoints/epoch=31-step=15360.ckpt' as top 1
Epoch 32, global step 15840: 'val/CER' was not in top 1
Epoch 33, global step 16320: 'val/CER' reached 17.12420 (best 17.12420), saving model to '/home/ming/emg2qwerty/logs/2026-03-05/05-28-22/job0_/checkpoints/epoch=33-step=16320.ckpt' as top 1
Epoch 34, global step 16800: 'val/CER' was not in top 1
Epoch 35, global step 17280: 'val/CER' reached 17.11313 (best 17.11313), saving model to '/home/ming/emg2qwerty/logs/2026-03-05/05-28-22/job0_/checkpoints/epoch=35-step=17280.ckpt' as top 1
Epoch 36, global step 17760: 'val/CER' reached 17.00244 (best 17.00244), saving model to '/home/ming/emg2qwerty/logs/2026-03-05/05-28-22/job0_/checkpoints/epoch=36-step=17760.ckpt' as top 1
Epoch 37, global step 18240: 'val/CER' reached 16.63715 (best 16.63715), saving model to '/home/ming/emg2qwerty/logs/2026-03-05/05-28-22/job0_/checkpoints/epoch=37-step=18240.ckpt' as top 1
Epoch 38, global step 18720: 'val/CER' was not in top 1
Epoch 39, global step 19200: 'val/CER' was not in top 1
`Trainer.fit` stopped: `max_epochs=40` reached.
LOCAL_RANK: 0 - CUDA_VISIBLE_DEVICES: [0]
LOCAL_RANK: 0 - CUDA_VISIBLE_DEVICES: [0]
