Global seed set to 1501
GPU available: True (cuda), used: True
TPU available: False, using: 0 TPU cores
IPU available: False, using: 0 IPUs
HPU available: False, using: 0 HPUs
Missing logger folder: /home/ming/emg2qwerty/logs/2026-03-07/00-02-13/job0_/lightning_logs
LOCAL_RANK: 0 - CUDA_VISIBLE_DEVICES: [0]
/opt/conda/envs/emg2qwerty/lib/python3.10/site-packages/pl_bolts/__init__.py:11: FutureWarning: In the future `np.object` will be defined as the corresponding NumPy scalar.
  if not hasattr(numpy, tp_name):
/opt/conda/envs/emg2qwerty/lib/python3.10/site-packages/pl_bolts/__init__.py:11: FutureWarning: In the future `np.bool` will be defined as the corresponding NumPy scalar.
  if not hasattr(numpy, tp_name):
/opt/conda/envs/emg2qwerty/lib/python3.10/site-packages/pl_bolts/models/self_supervised/amdim/amdim_module.py:34: UnderReviewWarning: The feature generate_power_seq is currently marked under review. The compatibility with other Lightning projects is not guaranteed and API may change at any time. The API and functionality may change without warning in future releases. More details: https://lightning-bolts.readthedocs.io/en/latest/stability.html
  "lr_options": generate_power_seq(LEARNING_RATE_CIFAR, 11),
/opt/conda/envs/emg2qwerty/lib/python3.10/site-packages/pl_bolts/models/self_supervised/amdim/amdim_module.py:92: UnderReviewWarning: The feature FeatureMapContrastiveTask is currently marked under review. The compatibility with other Lightning projects is not guaranteed and API may change at any time. The API and functionality may change without warning in future releases. More details: https://lightning-bolts.readthedocs.io/en/latest/stability.html
  contrastive_task: Union[FeatureMapContrastiveTask] = FeatureMapContrastiveTask("01, 02, 11"),
/opt/conda/envs/emg2qwerty/lib/python3.10/site-packages/pl_bolts/losses/self_supervised_learning.py:228: UnderReviewWarning: The feature AmdimNCELoss is currently marked under review. The compatibility with other Lightning projects is not guaranteed and API may change at any time. The API and functionality may change without warning in future releases. More details: https://lightning-bolts.readthedocs.io/en/latest/stability.html
  self.nce_loss = AmdimNCELoss(tclip)
/opt/conda/envs/emg2qwerty/lib/python3.10/site-packages/hydra/_internal/instantiate/_instantiate2.py:92: UnderReviewWarning: The feature LinearWarmupCosineAnnealingLR is currently marked under review. The compatibility with other Lightning projects is not guaranteed and API may change at any time. The API and functionality may change without warning in future releases. More details: https://lightning-bolts.readthedocs.io/en/latest/stability.html
  return _target_(*args, **kwargs)

  | Name        | Type             | Params
-------------------------------------------------
0 | cnn_encoder | RawEMGCNNEncoder | 637 K 
1 | gru_encoder | GRUEncoder       | 4.1 M 
2 | classifier  | Sequential       | 76.1 K
3 | ctc_loss    | CTCLoss          | 0     
4 | metrics     | ModuleDict       | 0     
-------------------------------------------------
4.9 M     Trainable params
0         Non-trainable params
4.9 M     Total params
19.407    Total estimated model params size (MB)
/opt/conda/envs/emg2qwerty/lib/python3.10/site-packages/torch/autograd/graph.py:744: UserWarning: Plan failed with a cudnnException: CUDNN_BACKEND_EXECUTION_PLAN_DESCRIPTOR: cudnnFinalize Descriptor Failed cudnn_status: CUDNN_STATUS_NOT_SUPPORTED (Triggered internally at /opt/conda/conda-bld/pytorch_1712608935911/work/aten/src/ATen/native/cudnn/Conv_v8.cpp:919.)
  return Variable._execution_engine.run_backward(  # Calls into the C++ engine to run the backward pass
Epoch 0, global step 80: 'val/CER' reached 269.27710 (best 269.27710), saving model to '/home/ming/emg2qwerty/logs/2026-03-07/00-02-13/job0_/checkpoints/epoch=0-step=80.ckpt' as top 1
Epoch 1, global step 160: 'val/CER' reached 100.00000 (best 100.00000), saving model to '/home/ming/emg2qwerty/logs/2026-03-07/00-02-13/job0_/checkpoints/epoch=1-step=160.ckpt' as top 1
Epoch 2, global step 240: 'val/CER' was not in top 1
Epoch 3, global step 320: 'val/CER' reached 69.00937 (best 69.00937), saving model to '/home/ming/emg2qwerty/logs/2026-03-07/00-02-13/job0_/checkpoints/epoch=3-step=320.ckpt' as top 1
Epoch 4, global step 400: 'val/CER' reached 37.59036 (best 37.59036), saving model to '/home/ming/emg2qwerty/logs/2026-03-07/00-02-13/job0_/checkpoints/epoch=4-step=400.ckpt' as top 1
Epoch 5, global step 480: 'val/CER' reached 32.15529 (best 32.15529), saving model to '/home/ming/emg2qwerty/logs/2026-03-07/00-02-13/job0_/checkpoints/epoch=5-step=480.ckpt' as top 1
Epoch 6, global step 560: 'val/CER' reached 25.90361 (best 25.90361), saving model to '/home/ming/emg2qwerty/logs/2026-03-07/00-02-13/job0_/checkpoints/epoch=6-step=560.ckpt' as top 1
Epoch 7, global step 640: 'val/CER' reached 20.46854 (best 20.46854), saving model to '/home/ming/emg2qwerty/logs/2026-03-07/00-02-13/job0_/checkpoints/epoch=7-step=640.ckpt' as top 1
Epoch 8, global step 720: 'val/CER' reached 20.01339 (best 20.01339), saving model to '/home/ming/emg2qwerty/logs/2026-03-07/00-02-13/job0_/checkpoints/epoch=8-step=720.ckpt' as top 1
Epoch 9, global step 800: 'val/CER' reached 16.11781 (best 16.11781), saving model to '/home/ming/emg2qwerty/logs/2026-03-07/00-02-13/job0_/checkpoints/epoch=9-step=800.ckpt' as top 1
Epoch 10, global step 880: 'val/CER' reached 14.45783 (best 14.45783), saving model to '/home/ming/emg2qwerty/logs/2026-03-07/00-02-13/job0_/checkpoints/epoch=10-step=880.ckpt' as top 1
Epoch 11, global step 960: 'val/CER' was not in top 1
Epoch 12, global step 1040: 'val/CER' was not in top 1
Epoch 13, global step 1120: 'val/CER' reached 12.65060 (best 12.65060), saving model to '/home/ming/emg2qwerty/logs/2026-03-07/00-02-13/job0_/checkpoints/epoch=13-step=1120.ckpt' as top 1
Epoch 14, global step 1200: 'val/CER' was not in top 1
Epoch 15, global step 1280: 'val/CER' was not in top 1
Epoch 16, global step 1360: 'val/CER' reached 11.94110 (best 11.94110), saving model to '/home/ming/emg2qwerty/logs/2026-03-07/00-02-13/job0_/checkpoints/epoch=16-step=1360.ckpt' as top 1
Epoch 17, global step 1440: 'val/CER' reached 11.86078 (best 11.86078), saving model to '/home/ming/emg2qwerty/logs/2026-03-07/00-02-13/job0_/checkpoints/epoch=17-step=1440.ckpt' as top 1
Epoch 18, global step 1520: 'val/CER' was not in top 1
Epoch 19, global step 1600: 'val/CER' was not in top 1
Epoch 20, global step 1680: 'val/CER' was not in top 1
Epoch 21, global step 1760: 'val/CER' reached 11.80723 (best 11.80723), saving model to '/home/ming/emg2qwerty/logs/2026-03-07/00-02-13/job0_/checkpoints/epoch=21-step=1760.ckpt' as top 1
Epoch 22, global step 1840: 'val/CER' was not in top 1
Epoch 23, global step 1920: 'val/CER' was not in top 1
Epoch 24, global step 2000: 'val/CER' was not in top 1
Epoch 25, global step 2080: 'val/CER' was not in top 1
Epoch 26, global step 2160: 'val/CER' was not in top 1
Epoch 27, global step 2240: 'val/CER' reached 11.43240 (best 11.43240), saving model to '/home/ming/emg2qwerty/logs/2026-03-07/00-02-13/job0_/checkpoints/epoch=27-step=2240.ckpt' as top 1
Epoch 28, global step 2320: 'val/CER' was not in top 1
Epoch 29, global step 2400: 'val/CER' was not in top 1
Epoch 30, global step 2480: 'val/CER' reached 11.15127 (best 11.15127), saving model to '/home/ming/emg2qwerty/logs/2026-03-07/00-02-13/job0_/checkpoints/epoch=30-step=2480.ckpt' as top 1
Epoch 31, global step 2560: 'val/CER' was not in top 1
Epoch 32, global step 2640: 'val/CER' was not in top 1
Epoch 33, global step 2720: 'val/CER' was not in top 1
Epoch 34, global step 2800: 'val/CER' reached 11.07095 (best 11.07095), saving model to '/home/ming/emg2qwerty/logs/2026-03-07/00-02-13/job0_/checkpoints/epoch=34-step=2800.ckpt' as top 1
Epoch 35, global step 2880: 'val/CER' was not in top 1
Epoch 36, global step 2960: 'val/CER' was not in top 1
Epoch 37, global step 3040: 'val/CER' was not in top 1
Epoch 38, global step 3120: 'val/CER' was not in top 1
Epoch 39, global step 3200: 'val/CER' was not in top 1
Epoch 40, global step 3280: 'val/CER' was not in top 1
Epoch 41, global step 3360: 'val/CER' reached 10.89692 (best 10.89692), saving model to '/home/ming/emg2qwerty/logs/2026-03-07/00-02-13/job0_/checkpoints/epoch=41-step=3360.ckpt' as top 1
Epoch 42, global step 3440: 'val/CER' was not in top 1
Epoch 43, global step 3520: 'val/CER' was not in top 1
Epoch 44, global step 3600: 'val/CER' was not in top 1
Epoch 45, global step 3680: 'val/CER' was not in top 1
Epoch 46, global step 3760: 'val/CER' was not in top 1
Epoch 47, global step 3840: 'val/CER' was not in top 1
Epoch 48, global step 3920: 'val/CER' was not in top 1
Epoch 49, global step 4000: 'val/CER' was not in top 1
Epoch 50, global step 4080: 'val/CER' was not in top 1
Epoch 51, global step 4160: 'val/CER' was not in top 1
Epoch 52, global step 4240: 'val/CER' was not in top 1
Epoch 53, global step 4320: 'val/CER' was not in top 1
Epoch 54, global step 4400: 'val/CER' was not in top 1
Epoch 55, global step 4480: 'val/CER' was not in top 1
Epoch 56, global step 4560: 'val/CER' was not in top 1
Epoch 57, global step 4640: 'val/CER' was not in top 1
Epoch 58, global step 4720: 'val/CER' was not in top 1
Epoch 59, global step 4800: 'val/CER' was not in top 1
Epoch 60, global step 4880: 'val/CER' reached 10.70951 (best 10.70951), saving model to '/home/ming/emg2qwerty/logs/2026-03-07/00-02-13/job0_/checkpoints/epoch=60-step=4880.ckpt' as top 1
Epoch 61, global step 4960: 'val/CER' was not in top 1
Epoch 62, global step 5040: 'val/CER' reached 10.50870 (best 10.50870), saving model to '/home/ming/emg2qwerty/logs/2026-03-07/00-02-13/job0_/checkpoints/epoch=62-step=5040.ckpt' as top 1
Epoch 63, global step 5120: 'val/CER' was not in top 1
Epoch 64, global step 5200: 'val/CER' was not in top 1
Epoch 65, global step 5280: 'val/CER' was not in top 1
Epoch 66, global step 5360: 'val/CER' was not in top 1
Epoch 67, global step 5440: 'val/CER' was not in top 1
Epoch 68, global step 5520: 'val/CER' reached 10.41499 (best 10.41499), saving model to '/home/ming/emg2qwerty/logs/2026-03-07/00-02-13/job0_/checkpoints/epoch=68-step=5520.ckpt' as top 1
Epoch 69, global step 5600: 'val/CER' was not in top 1
Epoch 70, global step 5680: 'val/CER' was not in top 1
Epoch 71, global step 5760: 'val/CER' was not in top 1
Epoch 72, global step 5840: 'val/CER' was not in top 1
Epoch 73, global step 5920: 'val/CER' was not in top 1
Epoch 74, global step 6000: 'val/CER' was not in top 1
Epoch 75, global step 6080: 'val/CER' was not in top 1
Epoch 76, global step 6160: 'val/CER' reached 10.32129 (best 10.32129), saving model to '/home/ming/emg2qwerty/logs/2026-03-07/00-02-13/job0_/checkpoints/epoch=76-step=6160.ckpt' as top 1
Epoch 77, global step 6240: 'val/CER' was not in top 1
Epoch 78, global step 6320: 'val/CER' was not in top 1
Epoch 79, global step 6400: 'val/CER' was not in top 1
Epoch 80, global step 6480: 'val/CER' was not in top 1
Epoch 81, global step 6560: 'val/CER' was not in top 1
Epoch 82, global step 6640: 'val/CER' was not in top 1
Epoch 83, global step 6720: 'val/CER' was not in top 1
Epoch 84, global step 6800: 'val/CER' reached 10.22758 (best 10.22758), saving model to '/home/ming/emg2qwerty/logs/2026-03-07/00-02-13/job0_/checkpoints/epoch=84-step=6800.ckpt' as top 1
Epoch 85, global step 6880: 'val/CER' reached 10.02677 (best 10.02677), saving model to '/home/ming/emg2qwerty/logs/2026-03-07/00-02-13/job0_/checkpoints/epoch=85-step=6880.ckpt' as top 1
Epoch 86, global step 6960: 'val/CER' was not in top 1
Epoch 87, global step 7040: 'val/CER' reached 10.01339 (best 10.01339), saving model to '/home/ming/emg2qwerty/logs/2026-03-07/00-02-13/job0_/checkpoints/epoch=87-step=7040.ckpt' as top 1
Epoch 88, global step 7120: 'val/CER' was not in top 1
Epoch 89, global step 7200: 'val/CER' was not in top 1
Epoch 90, global step 7280: 'val/CER' was not in top 1
Epoch 91, global step 7360: 'val/CER' was not in top 1
Epoch 92, global step 7440: 'val/CER' was not in top 1
Epoch 93, global step 7520: 'val/CER' was not in top 1
Epoch 94, global step 7600: 'val/CER' was not in top 1
Epoch 95, global step 7680: 'val/CER' was not in top 1
Epoch 96, global step 7760: 'val/CER' was not in top 1
Epoch 97, global step 7840: 'val/CER' was not in top 1
Epoch 98, global step 7920: 'val/CER' was not in top 1
Epoch 99, global step 8000: 'val/CER' was not in top 1
`Trainer.fit` stopped: `max_epochs=100` reached.
LOCAL_RANK: 0 - CUDA_VISIBLE_DEVICES: [0]
LOCAL_RANK: 0 - CUDA_VISIBLE_DEVICES: [0]
