Global seed set to 1501
GPU available: True (cuda), used: True
TPU available: False, using: 0 TPU cores
IPU available: False, using: 0 IPUs
HPU available: False, using: 0 HPUs
Missing logger folder: /home/ming/emg2qwerty/logs/2026-03-06/01-45-47/job0_/lightning_logs
LOCAL_RANK: 0 - CUDA_VISIBLE_DEVICES: [0]
/opt/conda/envs/emg2qwerty/lib/python3.10/site-packages/pl_bolts/__init__.py:11: FutureWarning: In the future `np.object` will be defined as the corresponding NumPy scalar.
  if not hasattr(numpy, tp_name):
/opt/conda/envs/emg2qwerty/lib/python3.10/site-packages/pl_bolts/__init__.py:11: FutureWarning: In the future `np.bool` will be defined as the corresponding NumPy scalar.
  if not hasattr(numpy, tp_name):
/opt/conda/envs/emg2qwerty/lib/python3.10/site-packages/pl_bolts/models/self_supervised/amdim/amdim_module.py:34: UnderReviewWarning: The feature generate_power_seq is currently marked under review. The compatibility with other Lightning projects is not guaranteed and API may change at any time. The API and functionality may change without warning in future releases. More details: https://lightning-bolts.readthedocs.io/en/latest/stability.html
  "lr_options": generate_power_seq(LEARNING_RATE_CIFAR, 11),
/opt/conda/envs/emg2qwerty/lib/python3.10/site-packages/pl_bolts/models/self_supervised/amdim/amdim_module.py:92: UnderReviewWarning: The feature FeatureMapContrastiveTask is currently marked under review. The compatibility with other Lightning projects is not guaranteed and API may change at any time. The API and functionality may change without warning in future releases. More details: https://lightning-bolts.readthedocs.io/en/latest/stability.html
  contrastive_task: Union[FeatureMapContrastiveTask] = FeatureMapContrastiveTask("01, 02, 11"),
/opt/conda/envs/emg2qwerty/lib/python3.10/site-packages/pl_bolts/losses/self_supervised_learning.py:228: UnderReviewWarning: The feature AmdimNCELoss is currently marked under review. The compatibility with other Lightning projects is not guaranteed and API may change at any time. The API and functionality may change without warning in future releases. More details: https://lightning-bolts.readthedocs.io/en/latest/stability.html
  self.nce_loss = AmdimNCELoss(tclip)
/opt/conda/envs/emg2qwerty/lib/python3.10/site-packages/hydra/_internal/instantiate/_instantiate2.py:92: UnderReviewWarning: The feature LinearWarmupCosineAnnealingLR is currently marked under review. The compatibility with other Lightning projects is not guaranteed and API may change at any time. The API and functionality may change without warning in future releases. More details: https://lightning-bolts.readthedocs.io/en/latest/stability.html
  return _target_(*args, **kwargs)

  | Name        | Type           | Params
-----------------------------------------------
0 | frontend    | Sequential     | 406 K 
1 | cnn_encoder | TDSConvEncoder | 1.2 M 
2 | gru_encoder | GRUEncoder     | 2.7 M 
3 | classifier  | Sequential     | 76.1 K
4 | ctc_loss    | CTCLoss        | 0     
5 | metrics     | ModuleDict     | 0     
-----------------------------------------------
4.3 M     Trainable params
0         Non-trainable params
4.3 M     Total params
17.376    Total estimated model params size (MB)
/opt/conda/envs/emg2qwerty/lib/python3.10/site-packages/torch/nn/modules/conv.py:456: UserWarning: Plan failed with a cudnnException: CUDNN_BACKEND_EXECUTION_PLAN_DESCRIPTOR: cudnnFinalize Descriptor Failed cudnn_status: CUDNN_STATUS_NOT_SUPPORTED (Triggered internally at /opt/conda/conda-bld/pytorch_1712608935911/work/aten/src/ATen/native/cudnn/Conv_v8.cpp:919.)
  return F.conv2d(input, weight, bias, self.stride,
Epoch 0, global step 160: 'val/CER' reached 308.53375 (best 308.53375), saving model to '/home/ming/emg2qwerty/logs/2026-03-06/01-45-47/job0_/checkpoints/epoch=0-step=160.ckpt' as top 1
Epoch 1, global step 320: 'val/CER' reached 100.00000 (best 100.00000), saving model to '/home/ming/emg2qwerty/logs/2026-03-06/01-45-47/job0_/checkpoints/epoch=1-step=320.ckpt' as top 1
Epoch 2, global step 480: 'val/CER' reached 98.16026 (best 98.16026), saving model to '/home/ming/emg2qwerty/logs/2026-03-06/01-45-47/job0_/checkpoints/epoch=2-step=480.ckpt' as top 1
Epoch 3, global step 640: 'val/CER' reached 62.14119 (best 62.14119), saving model to '/home/ming/emg2qwerty/logs/2026-03-06/01-45-47/job0_/checkpoints/epoch=3-step=640.ckpt' as top 1
Epoch 4, global step 800: 'val/CER' reached 46.66962 (best 46.66962), saving model to '/home/ming/emg2qwerty/logs/2026-03-06/01-45-47/job0_/checkpoints/epoch=4-step=800.ckpt' as top 1
Epoch 5, global step 960: 'val/CER' reached 38.06938 (best 38.06938), saving model to '/home/ming/emg2qwerty/logs/2026-03-06/01-45-47/job0_/checkpoints/epoch=5-step=960.ckpt' as top 1
Epoch 6, global step 1120: 'val/CER' reached 35.57575 (best 35.57575), saving model to '/home/ming/emg2qwerty/logs/2026-03-06/01-45-47/job0_/checkpoints/epoch=6-step=1120.ckpt' as top 1
Epoch 7, global step 1280: 'val/CER' reached 33.01562 (best 33.01562), saving model to '/home/ming/emg2qwerty/logs/2026-03-06/01-45-47/job0_/checkpoints/epoch=7-step=1280.ckpt' as top 1
Epoch 8, global step 1440: 'val/CER' reached 31.98493 (best 31.98493), saving model to '/home/ming/emg2qwerty/logs/2026-03-06/01-45-47/job0_/checkpoints/epoch=8-step=1440.ckpt' as top 1
Epoch 9, global step 1600: 'val/CER' reached 29.51347 (best 29.51347), saving model to '/home/ming/emg2qwerty/logs/2026-03-06/01-45-47/job0_/checkpoints/epoch=9-step=1600.ckpt' as top 1
Epoch 10, global step 1760: 'val/CER' reached 26.58761 (best 26.58761), saving model to '/home/ming/emg2qwerty/logs/2026-03-06/01-45-47/job0_/checkpoints/epoch=10-step=1760.ckpt' as top 1
Epoch 11, global step 1920: 'val/CER' was not in top 1
Epoch 12, global step 2080: 'val/CER' reached 26.36595 (best 26.36595), saving model to '/home/ming/emg2qwerty/logs/2026-03-06/01-45-47/job0_/checkpoints/epoch=12-step=2080.ckpt' as top 1
Epoch 13, global step 2240: 'val/CER' reached 25.43500 (best 25.43500), saving model to '/home/ming/emg2qwerty/logs/2026-03-06/01-45-47/job0_/checkpoints/epoch=13-step=2240.ckpt' as top 1
Epoch 14, global step 2400: 'val/CER' reached 24.19373 (best 24.19373), saving model to '/home/ming/emg2qwerty/logs/2026-03-06/01-45-47/job0_/checkpoints/epoch=14-step=2400.ckpt' as top 1
Epoch 15, global step 2560: 'val/CER' was not in top 1
Epoch 16, global step 2720: 'val/CER' reached 22.94137 (best 22.94137), saving model to '/home/ming/emg2qwerty/logs/2026-03-06/01-45-47/job0_/checkpoints/epoch=16-step=2720.ckpt' as top 1
Epoch 17, global step 2880: 'val/CER' was not in top 1
Epoch 18, global step 3040: 'val/CER' reached 22.47589 (best 22.47589), saving model to '/home/ming/emg2qwerty/logs/2026-03-06/01-45-47/job0_/checkpoints/epoch=18-step=3040.ckpt' as top 1
Epoch 19, global step 3200: 'val/CER' was not in top 1
Epoch 20, global step 3360: 'val/CER' was not in top 1
Epoch 21, global step 3520: 'val/CER' was not in top 1
Epoch 22, global step 3680: 'val/CER' reached 21.66685 (best 21.66685), saving model to '/home/ming/emg2qwerty/logs/2026-03-06/01-45-47/job0_/checkpoints/epoch=22-step=3680.ckpt' as top 1
Epoch 23, global step 3840: 'val/CER' reached 21.44520 (best 21.44520), saving model to '/home/ming/emg2qwerty/logs/2026-03-06/01-45-47/job0_/checkpoints/epoch=23-step=3840.ckpt' as top 1
Epoch 24, global step 4000: 'val/CER' reached 21.15704 (best 21.15704), saving model to '/home/ming/emg2qwerty/logs/2026-03-06/01-45-47/job0_/checkpoints/epoch=24-step=4000.ckpt' as top 1
Epoch 25, global step 4160: 'val/CER' was not in top 1
Epoch 26, global step 4320: 'val/CER' reached 21.11271 (best 21.11271), saving model to '/home/ming/emg2qwerty/logs/2026-03-06/01-45-47/job0_/checkpoints/epoch=26-step=4320.ckpt' as top 1
Epoch 27, global step 4480: 'val/CER' reached 20.63615 (best 20.63615), saving model to '/home/ming/emg2qwerty/logs/2026-03-06/01-45-47/job0_/checkpoints/epoch=27-step=4480.ckpt' as top 1
Epoch 28, global step 4640: 'val/CER' reached 20.35908 (best 20.35908), saving model to '/home/ming/emg2qwerty/logs/2026-03-06/01-45-47/job0_/checkpoints/epoch=28-step=4640.ckpt' as top 1
Epoch 29, global step 4800: 'val/CER' was not in top 1
Epoch 30, global step 4960: 'val/CER' reached 19.83819 (best 19.83819), saving model to '/home/ming/emg2qwerty/logs/2026-03-06/01-45-47/job0_/checkpoints/epoch=30-step=4960.ckpt' as top 1
Epoch 31, global step 5120: 'val/CER' reached 19.70520 (best 19.70520), saving model to '/home/ming/emg2qwerty/logs/2026-03-06/01-45-47/job0_/checkpoints/epoch=31-step=5120.ckpt' as top 1
Epoch 32, global step 5280: 'val/CER' was not in top 1
Epoch 33, global step 5440: 'val/CER' reached 19.48354 (best 19.48354), saving model to '/home/ming/emg2qwerty/logs/2026-03-06/01-45-47/job0_/checkpoints/epoch=33-step=5440.ckpt' as top 1
Epoch 34, global step 5600: 'val/CER' reached 19.10673 (best 19.10673), saving model to '/home/ming/emg2qwerty/logs/2026-03-06/01-45-47/job0_/checkpoints/epoch=34-step=5600.ckpt' as top 1
Epoch 35, global step 5760: 'val/CER' reached 19.05131 (best 19.05131), saving model to '/home/ming/emg2qwerty/logs/2026-03-06/01-45-47/job0_/checkpoints/epoch=35-step=5760.ckpt' as top 1
Epoch 36, global step 5920: 'val/CER' reached 18.87399 (best 18.87399), saving model to '/home/ming/emg2qwerty/logs/2026-03-06/01-45-47/job0_/checkpoints/epoch=36-step=5920.ckpt' as top 1
Epoch 37, global step 6080: 'val/CER' was not in top 1
Epoch 38, global step 6240: 'val/CER' was not in top 1
Epoch 39, global step 6400: 'val/CER' was not in top 1
`Trainer.fit` stopped: `max_epochs=40` reached.
LOCAL_RANK: 0 - CUDA_VISIBLE_DEVICES: [0]
LOCAL_RANK: 0 - CUDA_VISIBLE_DEVICES: [0]
