Global seed set to 1501
GPU available: True (cuda), used: True
TPU available: False, using: 0 TPU cores
IPU available: False, using: 0 IPUs
HPU available: False, using: 0 HPUs
Missing logger folder: /home/ming/emg2qwerty/logs/2026-03-02/04-05-05/job0_/lightning_logs
LOCAL_RANK: 0 - CUDA_VISIBLE_DEVICES: [0]
/opt/conda/envs/emg2qwerty/lib/python3.10/site-packages/pl_bolts/__init__.py:11: FutureWarning: In the future `np.object` will be defined as the corresponding NumPy scalar.
  if not hasattr(numpy, tp_name):
/opt/conda/envs/emg2qwerty/lib/python3.10/site-packages/pl_bolts/__init__.py:11: FutureWarning: In the future `np.bool` will be defined as the corresponding NumPy scalar.
  if not hasattr(numpy, tp_name):
/opt/conda/envs/emg2qwerty/lib/python3.10/site-packages/pl_bolts/models/self_supervised/amdim/amdim_module.py:34: UnderReviewWarning: The feature generate_power_seq is currently marked under review. The compatibility with other Lightning projects is not guaranteed and API may change at any time. The API and functionality may change without warning in future releases. More details: https://lightning-bolts.readthedocs.io/en/latest/stability.html
  "lr_options": generate_power_seq(LEARNING_RATE_CIFAR, 11),
/opt/conda/envs/emg2qwerty/lib/python3.10/site-packages/pl_bolts/models/self_supervised/amdim/amdim_module.py:92: UnderReviewWarning: The feature FeatureMapContrastiveTask is currently marked under review. The compatibility with other Lightning projects is not guaranteed and API may change at any time. The API and functionality may change without warning in future releases. More details: https://lightning-bolts.readthedocs.io/en/latest/stability.html
  contrastive_task: Union[FeatureMapContrastiveTask] = FeatureMapContrastiveTask("01, 02, 11"),
/opt/conda/envs/emg2qwerty/lib/python3.10/site-packages/pl_bolts/losses/self_supervised_learning.py:228: UnderReviewWarning: The feature AmdimNCELoss is currently marked under review. The compatibility with other Lightning projects is not guaranteed and API may change at any time. The API and functionality may change without warning in future releases. More details: https://lightning-bolts.readthedocs.io/en/latest/stability.html
  self.nce_loss = AmdimNCELoss(tclip)
/opt/conda/envs/emg2qwerty/lib/python3.10/site-packages/hydra/_internal/instantiate/_instantiate2.py:92: UnderReviewWarning: The feature LinearWarmupCosineAnnealingLR is currently marked under review. The compatibility with other Lightning projects is not guaranteed and API may change at any time. The API and functionality may change without warning in future releases. More details: https://lightning-bolts.readthedocs.io/en/latest/stability.html
  return _target_(*args, **kwargs)

  | Name       | Type              | Params
-------------------------------------------------
0 | frontend   | Sequential        | 406 K 
1 | encoder    | VanillaRNNEncoder | 4.5 M 
2 | classifier | Sequential        | 2.2 M 
3 | ctc_loss   | CTCLoss           | 0     
4 | metrics    | ModuleDict        | 0     
-------------------------------------------------
7.1 M     Trainable params
0         Non-trainable params
7.1 M     Total params
28.287    Total estimated model params size (MB)
Epoch 0, global step 120: 'val/CER' reached 2177.09351 (best 2177.09351), saving model to '/home/ming/emg2qwerty/logs/2026-03-02/04-05-05/job0_/checkpoints/epoch=0-step=120.ckpt' as top 1
Epoch 1, global step 240: 'val/CER' reached 100.00000 (best 100.00000), saving model to '/home/ming/emg2qwerty/logs/2026-03-02/04-05-05/job0_/checkpoints/epoch=1-step=240.ckpt' as top 1
Epoch 2, global step 360: 'val/CER' was not in top 1
Epoch 3, global step 480: 'val/CER' was not in top 1
Epoch 4, global step 600: 'val/CER' was not in top 1
Epoch 5, global step 720: 'val/CER' was not in top 1
Epoch 6, global step 840: 'val/CER' was not in top 1
Epoch 7, global step 960: 'val/CER' was not in top 1
Epoch 8, global step 1080: 'val/CER' was not in top 1
Epoch 9, global step 1200: 'val/CER' was not in top 1
Epoch 10, global step 1320: 'val/CER' was not in top 1
Epoch 11, global step 1440: 'val/CER' was not in top 1
Epoch 12, global step 1560: 'val/CER' was not in top 1
Epoch 13, global step 1680: 'val/CER' was not in top 1
Epoch 14, global step 1800: 'val/CER' was not in top 1
Epoch 15, global step 1920: 'val/CER' reached 99.68986 (best 99.68986), saving model to '/home/ming/emg2qwerty/logs/2026-03-02/04-05-05/job0_/checkpoints/epoch=15-step=1920.ckpt' as top 1
Epoch 16, global step 2040: 'val/CER' was not in top 1
Epoch 17, global step 2160: 'val/CER' reached 99.44617 (best 99.44617), saving model to '/home/ming/emg2qwerty/logs/2026-03-02/04-05-05/job0_/checkpoints/epoch=17-step=2160.ckpt' as top 1
Epoch 18, global step 2280: 'val/CER' reached 98.07266 (best 98.07266), saving model to '/home/ming/emg2qwerty/logs/2026-03-02/04-05-05/job0_/checkpoints/epoch=18-step=2280.ckpt' as top 1
Epoch 19, global step 2400: 'val/CER' reached 95.08197 (best 95.08197), saving model to '/home/ming/emg2qwerty/logs/2026-03-02/04-05-05/job0_/checkpoints/epoch=19-step=2400.ckpt' as top 1
Epoch 20, global step 2520: 'val/CER' reached 85.66682 (best 85.66682), saving model to '/home/ming/emg2qwerty/logs/2026-03-02/04-05-05/job0_/checkpoints/epoch=20-step=2520.ckpt' as top 1
Epoch 21, global step 2640: 'val/CER' reached 78.35622 (best 78.35622), saving model to '/home/ming/emg2qwerty/logs/2026-03-02/04-05-05/job0_/checkpoints/epoch=21-step=2640.ckpt' as top 1
Epoch 22, global step 2760: 'val/CER' reached 70.75764 (best 70.75764), saving model to '/home/ming/emg2qwerty/logs/2026-03-02/04-05-05/job0_/checkpoints/epoch=22-step=2760.ckpt' as top 1
Epoch 23, global step 2880: 'val/CER' reached 69.49490 (best 69.49490), saving model to '/home/ming/emg2qwerty/logs/2026-03-02/04-05-05/job0_/checkpoints/epoch=23-step=2880.ckpt' as top 1
Epoch 24, global step 3000: 'val/CER' reached 67.01373 (best 67.01373), saving model to '/home/ming/emg2qwerty/logs/2026-03-02/04-05-05/job0_/checkpoints/epoch=24-step=3000.ckpt' as top 1
Epoch 25, global step 3120: 'val/CER' reached 64.46610 (best 64.46610), saving model to '/home/ming/emg2qwerty/logs/2026-03-02/04-05-05/job0_/checkpoints/epoch=25-step=3120.ckpt' as top 1
Epoch 26, global step 3240: 'val/CER' reached 63.60213 (best 63.60213), saving model to '/home/ming/emg2qwerty/logs/2026-03-02/04-05-05/job0_/checkpoints/epoch=26-step=3240.ckpt' as top 1
Epoch 27, global step 3360: 'val/CER' reached 58.41825 (best 58.41825), saving model to '/home/ming/emg2qwerty/logs/2026-03-02/04-05-05/job0_/checkpoints/epoch=27-step=3360.ckpt' as top 1
Epoch 28, global step 3480: 'val/CER' was not in top 1
Epoch 29, global step 3600: 'val/CER' reached 57.11121 (best 57.11121), saving model to '/home/ming/emg2qwerty/logs/2026-03-02/04-05-05/job0_/checkpoints/epoch=29-step=3600.ckpt' as top 1
Epoch 30, global step 3720: 'val/CER' reached 56.91183 (best 56.91183), saving model to '/home/ming/emg2qwerty/logs/2026-03-02/04-05-05/job0_/checkpoints/epoch=30-step=3720.ckpt' as top 1
Epoch 31, global step 3840: 'val/CER' reached 56.42446 (best 56.42446), saving model to '/home/ming/emg2qwerty/logs/2026-03-02/04-05-05/job0_/checkpoints/epoch=31-step=3840.ckpt' as top 1
Epoch 32, global step 3960: 'val/CER' reached 55.38325 (best 55.38325), saving model to '/home/ming/emg2qwerty/logs/2026-03-02/04-05-05/job0_/checkpoints/epoch=32-step=3960.ckpt' as top 1
Epoch 33, global step 4080: 'val/CER' reached 53.05716 (best 53.05716), saving model to '/home/ming/emg2qwerty/logs/2026-03-02/04-05-05/job0_/checkpoints/epoch=33-step=4080.ckpt' as top 1
Epoch 34, global step 4200: 'val/CER' reached 48.62650 (best 48.62650), saving model to '/home/ming/emg2qwerty/logs/2026-03-02/04-05-05/job0_/checkpoints/epoch=34-step=4200.ckpt' as top 1
Epoch 35, global step 4320: 'val/CER' was not in top 1
Epoch 36, global step 4440: 'val/CER' was not in top 1
Epoch 37, global step 4560: 'val/CER' was not in top 1
Epoch 38, global step 4680: 'val/CER' was not in top 1
Epoch 39, global step 4800: 'val/CER' was not in top 1
`Trainer.fit` stopped: `max_epochs=40` reached.
LOCAL_RANK: 0 - CUDA_VISIBLE_DEVICES: [0]
LOCAL_RANK: 0 - CUDA_VISIBLE_DEVICES: [0]
