Global seed set to 1501
GPU available: True (cuda), used: True
TPU available: False, using: 0 TPU cores
IPU available: False, using: 0 IPUs
HPU available: False, using: 0 HPUs
Missing logger folder: /home/ming/emg2qwerty/logs/2026-03-03/04-30-27/job0_/lightning_logs
LOCAL_RANK: 0 - CUDA_VISIBLE_DEVICES: [0]
/opt/conda/envs/emg2qwerty/lib/python3.10/site-packages/pl_bolts/__init__.py:11: FutureWarning: In the future `np.object` will be defined as the corresponding NumPy scalar.
  if not hasattr(numpy, tp_name):
/opt/conda/envs/emg2qwerty/lib/python3.10/site-packages/pl_bolts/__init__.py:11: FutureWarning: In the future `np.bool` will be defined as the corresponding NumPy scalar.
  if not hasattr(numpy, tp_name):
/opt/conda/envs/emg2qwerty/lib/python3.10/site-packages/pl_bolts/models/self_supervised/amdim/amdim_module.py:34: UnderReviewWarning: The feature generate_power_seq is currently marked under review. The compatibility with other Lightning projects is not guaranteed and API may change at any time. The API and functionality may change without warning in future releases. More details: https://lightning-bolts.readthedocs.io/en/latest/stability.html
  "lr_options": generate_power_seq(LEARNING_RATE_CIFAR, 11),
/opt/conda/envs/emg2qwerty/lib/python3.10/site-packages/pl_bolts/models/self_supervised/amdim/amdim_module.py:92: UnderReviewWarning: The feature FeatureMapContrastiveTask is currently marked under review. The compatibility with other Lightning projects is not guaranteed and API may change at any time. The API and functionality may change without warning in future releases. More details: https://lightning-bolts.readthedocs.io/en/latest/stability.html
  contrastive_task: Union[FeatureMapContrastiveTask] = FeatureMapContrastiveTask("01, 02, 11"),
/opt/conda/envs/emg2qwerty/lib/python3.10/site-packages/pl_bolts/losses/self_supervised_learning.py:228: UnderReviewWarning: The feature AmdimNCELoss is currently marked under review. The compatibility with other Lightning projects is not guaranteed and API may change at any time. The API and functionality may change without warning in future releases. More details: https://lightning-bolts.readthedocs.io/en/latest/stability.html
  self.nce_loss = AmdimNCELoss(tclip)
/opt/conda/envs/emg2qwerty/lib/python3.10/site-packages/hydra/_internal/instantiate/_instantiate2.py:92: UnderReviewWarning: The feature LinearWarmupCosineAnnealingLR is currently marked under review. The compatibility with other Lightning projects is not guaranteed and API may change at any time. The API and functionality may change without warning in future releases. More details: https://lightning-bolts.readthedocs.io/en/latest/stability.html
  return _target_(*args, **kwargs)

  | Name       | Type       | Params
------------------------------------------
0 | frontend   | Sequential | 406 K 
1 | encoder    | GRUEncoder | 5.3 M 
2 | classifier | Sequential | 1.3 M 
3 | ctc_loss   | CTCLoss    | 0     
4 | metrics    | ModuleDict | 0     
------------------------------------------
7.0 M     Trainable params
0         Non-trainable params
7.0 M     Total params
27.931    Total estimated model params size (MB)
Epoch 0, global step 240: 'val/CER' reached 809.01642 (best 809.01642), saving model to '/home/ming/emg2qwerty/logs/2026-03-03/04-30-27/job0_/checkpoints/epoch=0-step=240.ckpt' as top 1
Epoch 1, global step 480: 'val/CER' reached 100.00000 (best 100.00000), saving model to '/home/ming/emg2qwerty/logs/2026-03-03/04-30-27/job0_/checkpoints/epoch=1-step=480.ckpt' as top 1
Epoch 2, global step 720: 'val/CER' was not in top 1
Epoch 3, global step 960: 'val/CER' was not in top 1
Epoch 4, global step 1200: 'val/CER' was not in top 1
Epoch 5, global step 1440: 'val/CER' was not in top 1
Epoch 6, global step 1680: 'val/CER' reached 96.12317 (best 96.12317), saving model to '/home/ming/emg2qwerty/logs/2026-03-03/04-30-27/job0_/checkpoints/epoch=6-step=1680.ckpt' as top 1
Epoch 7, global step 1920: 'val/CER' reached 88.28091 (best 88.28091), saving model to '/home/ming/emg2qwerty/logs/2026-03-03/04-30-27/job0_/checkpoints/epoch=7-step=1920.ckpt' as top 1
Epoch 8, global step 2160: 'val/CER' reached 55.40541 (best 55.40541), saving model to '/home/ming/emg2qwerty/logs/2026-03-03/04-30-27/job0_/checkpoints/epoch=8-step=2160.ckpt' as top 1
Epoch 9, global step 2400: 'val/CER' reached 44.35091 (best 44.35091), saving model to '/home/ming/emg2qwerty/logs/2026-03-03/04-30-27/job0_/checkpoints/epoch=9-step=2400.ckpt' as top 1
Epoch 10, global step 2640: 'val/CER' reached 42.82233 (best 42.82233), saving model to '/home/ming/emg2qwerty/logs/2026-03-03/04-30-27/job0_/checkpoints/epoch=10-step=2640.ckpt' as top 1
Epoch 11, global step 2880: 'val/CER' reached 37.94860 (best 37.94860), saving model to '/home/ming/emg2qwerty/logs/2026-03-03/04-30-27/job0_/checkpoints/epoch=11-step=2880.ckpt' as top 1
Epoch 12, global step 3120: 'val/CER' was not in top 1
Epoch 13, global step 3360: 'val/CER' reached 37.12893 (best 37.12893), saving model to '/home/ming/emg2qwerty/logs/2026-03-03/04-30-27/job0_/checkpoints/epoch=13-step=3360.ckpt' as top 1
Epoch 14, global step 3600: 'val/CER' reached 34.62561 (best 34.62561), saving model to '/home/ming/emg2qwerty/logs/2026-03-03/04-30-27/job0_/checkpoints/epoch=14-step=3600.ckpt' as top 1
Epoch 15, global step 3840: 'val/CER' reached 30.72663 (best 30.72663), saving model to '/home/ming/emg2qwerty/logs/2026-03-03/04-30-27/job0_/checkpoints/epoch=15-step=3840.ckpt' as top 1
Epoch 16, global step 4080: 'val/CER' reached 29.53035 (best 29.53035), saving model to '/home/ming/emg2qwerty/logs/2026-03-03/04-30-27/job0_/checkpoints/epoch=16-step=4080.ckpt' as top 1
Epoch 17, global step 4320: 'val/CER' reached 28.11254 (best 28.11254), saving model to '/home/ming/emg2qwerty/logs/2026-03-03/04-30-27/job0_/checkpoints/epoch=17-step=4320.ckpt' as top 1
Epoch 18, global step 4560: 'val/CER' was not in top 1
Epoch 19, global step 4800: 'val/CER' was not in top 1
Epoch 20, global step 5040: 'val/CER' was not in top 1
Epoch 21, global step 5280: 'val/CER' reached 26.71688 (best 26.71688), saving model to '/home/ming/emg2qwerty/logs/2026-03-03/04-30-27/job0_/checkpoints/epoch=21-step=5280.ckpt' as top 1
Epoch 22, global step 5520: 'val/CER' reached 25.27692 (best 25.27692), saving model to '/home/ming/emg2qwerty/logs/2026-03-03/04-30-27/job0_/checkpoints/epoch=22-step=5520.ckpt' as top 1
Epoch 23, global step 5760: 'val/CER' reached 24.81170 (best 24.81170), saving model to '/home/ming/emg2qwerty/logs/2026-03-03/04-30-27/job0_/checkpoints/epoch=23-step=5760.ckpt' as top 1
Epoch 24, global step 6000: 'val/CER' was not in top 1
Epoch 25, global step 6240: 'val/CER' reached 23.26097 (best 23.26097), saving model to '/home/ming/emg2qwerty/logs/2026-03-03/04-30-27/job0_/checkpoints/epoch=25-step=6240.ckpt' as top 1
Epoch 26, global step 6480: 'val/CER' was not in top 1
Epoch 27, global step 6720: 'val/CER' reached 22.08684 (best 22.08684), saving model to '/home/ming/emg2qwerty/logs/2026-03-03/04-30-27/job0_/checkpoints/epoch=27-step=6720.ckpt' as top 1
Epoch 28, global step 6960: 'val/CER' reached 21.28932 (best 21.28932), saving model to '/home/ming/emg2qwerty/logs/2026-03-03/04-30-27/job0_/checkpoints/epoch=28-step=6960.ckpt' as top 1
Epoch 29, global step 7200: 'val/CER' was not in top 1
Epoch 30, global step 7440: 'val/CER' reached 20.66903 (best 20.66903), saving model to '/home/ming/emg2qwerty/logs/2026-03-03/04-30-27/job0_/checkpoints/epoch=30-step=7440.ckpt' as top 1
Epoch 31, global step 7680: 'val/CER' reached 19.51706 (best 19.51706), saving model to '/home/ming/emg2qwerty/logs/2026-03-03/04-30-27/job0_/checkpoints/epoch=31-step=7680.ckpt' as top 1
Epoch 32, global step 7920: 'val/CER' was not in top 1
Epoch 33, global step 8160: 'val/CER' reached 19.11830 (best 19.11830), saving model to '/home/ming/emg2qwerty/logs/2026-03-03/04-30-27/job0_/checkpoints/epoch=33-step=8160.ckpt' as top 1
Epoch 34, global step 8400: 'val/CER' reached 18.52016 (best 18.52016), saving model to '/home/ming/emg2qwerty/logs/2026-03-03/04-30-27/job0_/checkpoints/epoch=34-step=8400.ckpt' as top 1
Epoch 35, global step 8640: 'val/CER' reached 18.21001 (best 18.21001), saving model to '/home/ming/emg2qwerty/logs/2026-03-03/04-30-27/job0_/checkpoints/epoch=35-step=8640.ckpt' as top 1
Epoch 36, global step 8880: 'val/CER' reached 17.83341 (best 17.83341), saving model to '/home/ming/emg2qwerty/logs/2026-03-03/04-30-27/job0_/checkpoints/epoch=36-step=8880.ckpt' as top 1
Epoch 37, global step 9120: 'val/CER' was not in top 1
Epoch 38, global step 9360: 'val/CER' reached 17.36819 (best 17.36819), saving model to '/home/ming/emg2qwerty/logs/2026-03-03/04-30-27/job0_/checkpoints/epoch=38-step=9360.ckpt' as top 1
Epoch 39, global step 9600: 'val/CER' was not in top 1
`Trainer.fit` stopped: `max_epochs=40` reached.
LOCAL_RANK: 0 - CUDA_VISIBLE_DEVICES: [0]
LOCAL_RANK: 0 - CUDA_VISIBLE_DEVICES: [0]
