Global seed set to 1501
GPU available: True (cuda), used: True
TPU available: False, using: 0 TPU cores
IPU available: False, using: 0 IPUs
HPU available: False, using: 0 HPUs
Missing logger folder: /home/ming/emg2qwerty/logs/2026-03-05/23-07-11/job0_/lightning_logs
LOCAL_RANK: 0 - CUDA_VISIBLE_DEVICES: [0]
/opt/conda/envs/emg2qwerty/lib/python3.10/site-packages/pl_bolts/__init__.py:11: FutureWarning: In the future `np.object` will be defined as the corresponding NumPy scalar.
  if not hasattr(numpy, tp_name):
/opt/conda/envs/emg2qwerty/lib/python3.10/site-packages/pl_bolts/__init__.py:11: FutureWarning: In the future `np.bool` will be defined as the corresponding NumPy scalar.
  if not hasattr(numpy, tp_name):
/opt/conda/envs/emg2qwerty/lib/python3.10/site-packages/pl_bolts/models/self_supervised/amdim/amdim_module.py:34: UnderReviewWarning: The feature generate_power_seq is currently marked under review. The compatibility with other Lightning projects is not guaranteed and API may change at any time. The API and functionality may change without warning in future releases. More details: https://lightning-bolts.readthedocs.io/en/latest/stability.html
  "lr_options": generate_power_seq(LEARNING_RATE_CIFAR, 11),
/opt/conda/envs/emg2qwerty/lib/python3.10/site-packages/pl_bolts/models/self_supervised/amdim/amdim_module.py:92: UnderReviewWarning: The feature FeatureMapContrastiveTask is currently marked under review. The compatibility with other Lightning projects is not guaranteed and API may change at any time. The API and functionality may change without warning in future releases. More details: https://lightning-bolts.readthedocs.io/en/latest/stability.html
  contrastive_task: Union[FeatureMapContrastiveTask] = FeatureMapContrastiveTask("01, 02, 11"),
/opt/conda/envs/emg2qwerty/lib/python3.10/site-packages/pl_bolts/losses/self_supervised_learning.py:228: UnderReviewWarning: The feature AmdimNCELoss is currently marked under review. The compatibility with other Lightning projects is not guaranteed and API may change at any time. The API and functionality may change without warning in future releases. More details: https://lightning-bolts.readthedocs.io/en/latest/stability.html
  self.nce_loss = AmdimNCELoss(tclip)
/opt/conda/envs/emg2qwerty/lib/python3.10/site-packages/hydra/_internal/instantiate/_instantiate2.py:92: UnderReviewWarning: The feature LinearWarmupCosineAnnealingLR is currently marked under review. The compatibility with other Lightning projects is not guaranteed and API may change at any time. The API and functionality may change without warning in future releases. More details: https://lightning-bolts.readthedocs.io/en/latest/stability.html
  return _target_(*args, **kwargs)

  | Name       | Type       | Params
------------------------------------------
0 | frontend   | Sequential | 406 K 
1 | encoder    | GRUEncoder | 5.3 M 
2 | classifier | Sequential | 76.1 K
3 | ctc_loss   | CTCLoss    | 0     
4 | metrics    | ModuleDict | 0     
------------------------------------------
5.8 M     Trainable params
0         Non-trainable params
5.8 M     Total params
23.200    Total estimated model params size (MB)
Epoch 0, global step 478: 'val/CER' reached 100.25527 (best 100.25527), saving model to '/home/ming/emg2qwerty/logs/2026-03-05/23-07-11/job0_/checkpoints/epoch=0-step=478.ckpt' as top 1
Epoch 1, global step 956: 'val/CER' reached 100.00000 (best 100.00000), saving model to '/home/ming/emg2qwerty/logs/2026-03-05/23-07-11/job0_/checkpoints/epoch=1-step=956.ckpt' as top 1
Epoch 2, global step 1434: 'val/CER' was not in top 1
Epoch 3, global step 1912: 'val/CER' reached 91.33556 (best 91.33556), saving model to '/home/ming/emg2qwerty/logs/2026-03-05/23-07-11/job0_/checkpoints/epoch=3-step=1912.ckpt' as top 1
Epoch 4, global step 2390: 'val/CER' reached 47.58417 (best 47.58417), saving model to '/home/ming/emg2qwerty/logs/2026-03-05/23-07-11/job0_/checkpoints/epoch=4-step=2390.ckpt' as top 1
Epoch 5, global step 2868: 'val/CER' reached 32.46763 (best 32.46763), saving model to '/home/ming/emg2qwerty/logs/2026-03-05/23-07-11/job0_/checkpoints/epoch=5-step=2868.ckpt' as top 1
Epoch 6, global step 3346: 'val/CER' reached 25.99704 (best 25.99704), saving model to '/home/ming/emg2qwerty/logs/2026-03-05/23-07-11/job0_/checkpoints/epoch=6-step=3346.ckpt' as top 1
Epoch 7, global step 3824: 'val/CER' reached 22.95597 (best 22.95597), saving model to '/home/ming/emg2qwerty/logs/2026-03-05/23-07-11/job0_/checkpoints/epoch=7-step=3824.ckpt' as top 1
Epoch 8, global step 4302: 'val/CER' reached 20.45135 (best 20.45135), saving model to '/home/ming/emg2qwerty/logs/2026-03-05/23-07-11/job0_/checkpoints/epoch=8-step=4302.ckpt' as top 1
Epoch 9, global step 4780: 'val/CER' reached 19.70403 (best 19.70403), saving model to '/home/ming/emg2qwerty/logs/2026-03-05/23-07-11/job0_/checkpoints/epoch=9-step=4780.ckpt' as top 1
Epoch 10, global step 5258: 'val/CER' reached 18.65705 (best 18.65705), saving model to '/home/ming/emg2qwerty/logs/2026-03-05/23-07-11/job0_/checkpoints/epoch=10-step=5258.ckpt' as top 1
Epoch 11, global step 5736: 'val/CER' reached 18.03182 (best 18.03182), saving model to '/home/ming/emg2qwerty/logs/2026-03-05/23-07-11/job0_/checkpoints/epoch=11-step=5736.ckpt' as top 1
Epoch 12, global step 6214: 'val/CER' was not in top 1
Epoch 13, global step 6692: 'val/CER' reached 17.71365 (best 17.71365), saving model to '/home/ming/emg2qwerty/logs/2026-03-05/23-07-11/job0_/checkpoints/epoch=13-step=6692.ckpt' as top 1
Epoch 14, global step 7170: 'val/CER' reached 17.13282 (best 17.13282), saving model to '/home/ming/emg2qwerty/logs/2026-03-05/23-07-11/job0_/checkpoints/epoch=14-step=7170.ckpt' as top 1
Epoch 15, global step 7648: 'val/CER' was not in top 1
Epoch 16, global step 8126: 'val/CER' was not in top 1
Epoch 17, global step 8604: 'val/CER' reached 16.78135 (best 16.78135), saving model to '/home/ming/emg2qwerty/logs/2026-03-05/23-07-11/job0_/checkpoints/epoch=17-step=8604.ckpt' as top 1
Epoch 18, global step 9082: 'val/CER' reached 16.74066 (best 16.74066), saving model to '/home/ming/emg2qwerty/logs/2026-03-05/23-07-11/job0_/checkpoints/epoch=18-step=9082.ckpt' as top 1
Epoch 19, global step 9560: 'val/CER' reached 16.01554 (best 16.01554), saving model to '/home/ming/emg2qwerty/logs/2026-03-05/23-07-11/job0_/checkpoints/epoch=19-step=9560.ckpt' as top 1
Epoch 20, global step 10038: 'val/CER' was not in top 1
Epoch 21, global step 10516: 'val/CER' was not in top 1
Epoch 22, global step 10994: 'val/CER' was not in top 1
Epoch 23, global step 11472: 'val/CER' reached 15.59378 (best 15.59378), saving model to '/home/ming/emg2qwerty/logs/2026-03-05/23-07-11/job0_/checkpoints/epoch=23-step=11472.ckpt' as top 1
Epoch 24, global step 11950: 'val/CER' was not in top 1
Epoch 25, global step 12428: 'val/CER' reached 15.20533 (best 15.20533), saving model to '/home/ming/emg2qwerty/logs/2026-03-05/23-07-11/job0_/checkpoints/epoch=25-step=12428.ckpt' as top 1
Epoch 26, global step 12906: 'val/CER' was not in top 1
Epoch 27, global step 13384: 'val/CER' reached 15.13504 (best 15.13504), saving model to '/home/ming/emg2qwerty/logs/2026-03-05/23-07-11/job0_/checkpoints/epoch=27-step=13384.ckpt' as top 1
Epoch 28, global step 13862: 'val/CER' was not in top 1
Epoch 29, global step 14340: 'val/CER' reached 14.81687 (best 14.81687), saving model to '/home/ming/emg2qwerty/logs/2026-03-05/23-07-11/job0_/checkpoints/epoch=29-step=14340.ckpt' as top 1
Epoch 30, global step 14818: 'val/CER' reached 14.64299 (best 14.64299), saving model to '/home/ming/emg2qwerty/logs/2026-03-05/23-07-11/job0_/checkpoints/epoch=30-step=14818.ckpt' as top 1
Epoch 31, global step 15296: 'val/CER' was not in top 1
Epoch 32, global step 15774: 'val/CER' was not in top 1
Epoch 33, global step 16252: 'val/CER' reached 14.36182 (best 14.36182), saving model to '/home/ming/emg2qwerty/logs/2026-03-05/23-07-11/job0_/checkpoints/epoch=33-step=16252.ckpt' as top 1
Epoch 34, global step 16730: 'val/CER' reached 14.10285 (best 14.10285), saving model to '/home/ming/emg2qwerty/logs/2026-03-05/23-07-11/job0_/checkpoints/epoch=34-step=16730.ckpt' as top 1
Epoch 35, global step 17208: 'val/CER' reached 14.01776 (best 14.01776), saving model to '/home/ming/emg2qwerty/logs/2026-03-05/23-07-11/job0_/checkpoints/epoch=35-step=17208.ckpt' as top 1
Epoch 36, global step 17686: 'val/CER' was not in top 1
Epoch 37, global step 18164: 'val/CER' was not in top 1
Epoch 38, global step 18642: 'val/CER' was not in top 1
Epoch 39, global step 19120: 'val/CER' was not in top 1
`Trainer.fit` stopped: `max_epochs=40` reached.
LOCAL_RANK: 0 - CUDA_VISIBLE_DEVICES: [0]
LOCAL_RANK: 0 - CUDA_VISIBLE_DEVICES: [0]
