Global seed set to 1501
GPU available: True (cuda), used: True
TPU available: False, using: 0 TPU cores
IPU available: False, using: 0 IPUs
HPU available: False, using: 0 HPUs
Missing logger folder: /home/ming/emg2qwerty/logs/2026-03-01/01-41-12/job0_/lightning_logs
LOCAL_RANK: 0 - CUDA_VISIBLE_DEVICES: [0]
/opt/conda/envs/emg2qwerty/lib/python3.10/site-packages/pl_bolts/__init__.py:11: FutureWarning: In the future `np.object` will be defined as the corresponding NumPy scalar.
  if not hasattr(numpy, tp_name):
/opt/conda/envs/emg2qwerty/lib/python3.10/site-packages/pl_bolts/__init__.py:11: FutureWarning: In the future `np.bool` will be defined as the corresponding NumPy scalar.
  if not hasattr(numpy, tp_name):
/opt/conda/envs/emg2qwerty/lib/python3.10/site-packages/pl_bolts/models/self_supervised/amdim/amdim_module.py:34: UnderReviewWarning: The feature generate_power_seq is currently marked under review. The compatibility with other Lightning projects is not guaranteed and API may change at any time. The API and functionality may change without warning in future releases. More details: https://lightning-bolts.readthedocs.io/en/latest/stability.html
  "lr_options": generate_power_seq(LEARNING_RATE_CIFAR, 11),
/opt/conda/envs/emg2qwerty/lib/python3.10/site-packages/pl_bolts/models/self_supervised/amdim/amdim_module.py:92: UnderReviewWarning: The feature FeatureMapContrastiveTask is currently marked under review. The compatibility with other Lightning projects is not guaranteed and API may change at any time. The API and functionality may change without warning in future releases. More details: https://lightning-bolts.readthedocs.io/en/latest/stability.html
  contrastive_task: Union[FeatureMapContrastiveTask] = FeatureMapContrastiveTask("01, 02, 11"),
/opt/conda/envs/emg2qwerty/lib/python3.10/site-packages/pl_bolts/losses/self_supervised_learning.py:228: UnderReviewWarning: The feature AmdimNCELoss is currently marked under review. The compatibility with other Lightning projects is not guaranteed and API may change at any time. The API and functionality may change without warning in future releases. More details: https://lightning-bolts.readthedocs.io/en/latest/stability.html
  self.nce_loss = AmdimNCELoss(tclip)
/opt/conda/envs/emg2qwerty/lib/python3.10/site-packages/hydra/_internal/instantiate/_instantiate2.py:92: UnderReviewWarning: The feature LinearWarmupCosineAnnealingLR is currently marked under review. The compatibility with other Lightning projects is not guaranteed and API may change at any time. The API and functionality may change without warning in future releases. More details: https://lightning-bolts.readthedocs.io/en/latest/stability.html
  return _target_(*args, **kwargs)

  | Name       | Type              | Params
-------------------------------------------------
0 | frontend   | Sequential        | 406 K 
1 | encoder    | VanillaRNNEncoder | 7.6 M 
2 | classifier | Sequential        | 101 K 
3 | ctc_loss   | CTCLoss           | 0     
4 | metrics    | ModuleDict        | 0     
-------------------------------------------------
8.1 M     Trainable params
0         Non-trainable params
8.1 M     Total params
32.481    Total estimated model params size (MB)
Epoch 0, global step 120: 'val/CER' reached 1229.79614 (best 1229.79614), saving model to '/home/ming/emg2qwerty/logs/2026-03-01/01-41-12/job0_/checkpoints/epoch=0-step=120.ckpt' as top 1
Epoch 1, global step 240: 'val/CER' reached 100.00000 (best 100.00000), saving model to '/home/ming/emg2qwerty/logs/2026-03-01/01-41-12/job0_/checkpoints/epoch=1-step=240.ckpt' as top 1
Epoch 2, global step 360: 'val/CER' was not in top 1
Epoch 3, global step 480: 'val/CER' was not in top 1
Epoch 4, global step 600: 'val/CER' was not in top 1
Epoch 5, global step 720: 'val/CER' was not in top 1
Epoch 6, global step 840: 'val/CER' was not in top 1
Epoch 7, global step 960: 'val/CER' was not in top 1
Epoch 8, global step 1080: 'val/CER' was not in top 1
Epoch 9, global step 1200: 'val/CER' was not in top 1
Epoch 10, global step 1320: 'val/CER' was not in top 1
Epoch 11, global step 1440: 'val/CER' was not in top 1
Epoch 12, global step 1560: 'val/CER' was not in top 1
Epoch 13, global step 1680: 'val/CER' was not in top 1
Epoch 14, global step 1800: 'val/CER' was not in top 1
Epoch 15, global step 1920: 'val/CER' was not in top 1
Epoch 16, global step 2040: 'val/CER' was not in top 1
Epoch 17, global step 2160: 'val/CER' was not in top 1
Epoch 18, global step 2280: 'val/CER' was not in top 1
Epoch 19, global step 2400: 'val/CER' was not in top 1
Epoch 20, global step 2520: 'val/CER' was not in top 1
Epoch 21, global step 2640: 'val/CER' was not in top 1
Epoch 22, global step 2760: 'val/CER' was not in top 1
Epoch 23, global step 2880: 'val/CER' reached 99.95570 (best 99.95570), saving model to '/home/ming/emg2qwerty/logs/2026-03-01/01-41-12/job0_/checkpoints/epoch=23-step=2880.ckpt' as top 1
Epoch 24, global step 3000: 'val/CER' reached 95.08197 (best 95.08197), saving model to '/home/ming/emg2qwerty/logs/2026-03-01/01-41-12/job0_/checkpoints/epoch=24-step=3000.ckpt' as top 1
Epoch 25, global step 3120: 'val/CER' reached 90.31901 (best 90.31901), saving model to '/home/ming/emg2qwerty/logs/2026-03-01/01-41-12/job0_/checkpoints/epoch=25-step=3120.ckpt' as top 1
Epoch 26, global step 3240: 'val/CER' reached 89.52149 (best 89.52149), saving model to '/home/ming/emg2qwerty/logs/2026-03-01/01-41-12/job0_/checkpoints/epoch=26-step=3240.ckpt' as top 1
Epoch 27, global step 3360: 'val/CER' was not in top 1
Epoch 28, global step 3480: 'val/CER' was not in top 1
Epoch 29, global step 3600: 'val/CER' reached 89.03412 (best 89.03412), saving model to '/home/ming/emg2qwerty/logs/2026-03-01/01-41-12/job0_/checkpoints/epoch=29-step=3600.ckpt' as top 1
Epoch 30, global step 3720: 'val/CER' was not in top 1
Epoch 31, global step 3840: 'val/CER' was not in top 1
Epoch 32, global step 3960: 'val/CER' was not in top 1
Epoch 33, global step 4080: 'val/CER' was not in top 1
Epoch 34, global step 4200: 'val/CER' was not in top 1
Epoch 35, global step 4320: 'val/CER' was not in top 1
Epoch 36, global step 4440: 'val/CER' was not in top 1
Epoch 37, global step 4560: 'val/CER' was not in top 1
Epoch 38, global step 4680: 'val/CER' was not in top 1
Epoch 39, global step 4800: 'val/CER' was not in top 1
Epoch 40, global step 4920: 'val/CER' was not in top 1
Epoch 41, global step 5040: 'val/CER' was not in top 1
Epoch 42, global step 5160: 'val/CER' was not in top 1
Epoch 43, global step 5280: 'val/CER' was not in top 1
Epoch 44, global step 5400: 'val/CER' was not in top 1
Epoch 45, global step 5520: 'val/CER' was not in top 1
Epoch 46, global step 5640: 'val/CER' was not in top 1
Epoch 47, global step 5760: 'val/CER' was not in top 1
Epoch 48, global step 5880: 'val/CER' was not in top 1
Epoch 49, global step 6000: 'val/CER' was not in top 1
Epoch 50, global step 6120: 'val/CER' was not in top 1
Epoch 51, global step 6240: 'val/CER' was not in top 1
Epoch 52, global step 6360: 'val/CER' was not in top 1
Epoch 53, global step 6480: 'val/CER' was not in top 1
Epoch 54, global step 6600: 'val/CER' was not in top 1
Epoch 55, global step 6720: 'val/CER' was not in top 1
Epoch 56, global step 6840: 'val/CER' was not in top 1
Epoch 57, global step 6960: 'val/CER' was not in top 1
/opt/conda/envs/emg2qwerty/lib/python3.10/site-packages/pytorch_lightning/trainer/call.py:48: UserWarning: Detected KeyboardInterrupt, attempting graceful shutdown...
  rank_zero_warn("Detected KeyboardInterrupt, attempting graceful shutdown...")
LOCAL_RANK: 0 - CUDA_VISIBLE_DEVICES: [0]
