datamodule:
  _target_: emg2qwerty.lightning.WindowedEMGDataModule
  window_length: 8000
  padding:
  - 1800
  - 200
optimizer:
  _target_: torch.optim.Adam
  lr: 0.001
lr_scheduler:
  scheduler:
    _target_: pl_bolts.optimizers.lr_scheduler.LinearWarmupCosineAnnealingLR
    warmup_epochs: 10
    max_epochs: ${trainer.max_epochs}
    warmup_start_lr: 1.0e-08
    eta_min: 1.0e-06
  interval: epoch
decoder:
  _target_: emg2qwerty.decoder.CTCGreedyDecoder
seed: 1501
batch_size: 32
num_workers: 4
train: true
checkpoint: null
monitor_metric: val/CER
monitor_mode: min
trainer:
  accelerator: gpu
  devices: 1
  num_nodes: 1
  max_epochs: 150
  default_root_dir: ${hydra:runtime.output_dir}
callbacks:
- _target_: pytorch_lightning.callbacks.LearningRateMonitor
- _target_: pytorch_lightning.callbacks.ModelCheckpoint
  dirpath: ${hydra:runtime.output_dir}/checkpoints
  monitor: ${monitor_metric}
  mode: ${monitor_mode}
  save_last: true
  verbose: true

Global seed set to 1501
[2026-03-10 19:30:59,568][__main__][INFO] - Instantiating LightningModule {'_target_': 'emg2qwerty.lightning.ConvGRUConvCTCModule', 'in_features': 528, 'mlp_features': [384], 'hidden_size': 384, 'num_layers': 2, 'conv_kernel_size': 31, 'dropout': 0.1}
[2026-03-10 19:30:59,718][__main__][INFO] - Instantiating LightningDataModule {'_target_': 'emg2qwerty.lightning.WindowedEMGDataModule', 'window_length': 8000, 'padding': [1800, 200]}
GPU available: True (cuda), used: True
TPU available: False, using: 0 TPU cores
IPU available: False, using: 0 IPUs
HPU available: False, using: 0 HPUs
Missing logger folder: /content/emg2qwerty_247a/logs/2026-03-10/19-30-59/lightning_logs
LOCAL_RANK: 0 - CUDA_VISIBLE_DEVICES: [0]
/usr/local/lib/python3.12/dist-packages/pl_bolts/__init__.py:11: FutureWarning: In the future `np.object` will be defined as the corresponding NumPy scalar.
  if not hasattr(numpy, tp_name):
/usr/local/lib/python3.12/dist-packages/pl_bolts/__init__.py:11: FutureWarning: In the future `np.bool` will be defined as the corresponding NumPy scalar.
  if not hasattr(numpy, tp_name):
Gym has been unmaintained since 2022 and does not support NumPy 2.0 amongst other critical functionality.
Please upgrade to Gymnasium, the maintained drop-in replacement of Gym, or contact the authors of your software and request that they upgrade.
See the migration guide at https://gymnasium.farama.org/introduction/migration_guide/ for additional information.
/usr/local/lib/python3.12/dist-packages/matplotlib/_fontconfig_pattern.py:64: PyparsingDeprecationWarning: 'oneOf' deprecated - use 'one_of'
  prop = Group((name + Suppress("=") + comma_separated(value)) | oneOf(_CONSTANTS))
/usr/local/lib/python3.12/dist-packages/matplotlib/_fontconfig_pattern.py:85: PyparsingDeprecationWarning: 'parseString' deprecated - use 'parse_string'
  parse = parser.parseString(pattern)
/usr/local/lib/python3.12/dist-packages/matplotlib/_fontconfig_pattern.py:89: PyparsingDeprecationWarning: 'resetCache' deprecated - use 'reset_cache'
  parser.resetCache()
/usr/local/lib/python3.12/dist-packages/pl_bolts/models/self_supervised/amdim/amdim_module.py:34: UnderReviewWarning: The feature generate_power_seq is currently marked under review. The compatibility with other Lightning projects is not guaranteed and API may change at any time. The API and functionality may change without warning in future releases. More details: https://lightning-bolts.readthedocs.io/en/latest/stability.html
  "lr_options": generate_power_seq(LEARNING_RATE_CIFAR, 11),
/usr/local/lib/python3.12/dist-packages/pl_bolts/models/self_supervised/amdim/amdim_module.py:92: UnderReviewWarning: The feature FeatureMapContrastiveTask is currently marked under review. The compatibility with other Lightning projects is not guaranteed and API may change at any time. The API and functionality may change without warning in future releases. More details: https://lightning-bolts.readthedocs.io/en/latest/stability.html
  contrastive_task: Union[FeatureMapContrastiveTask] = FeatureMapContrastiveTask("01, 02, 11"),
/usr/local/lib/python3.12/dist-packages/pl_bolts/losses/self_supervised_learning.py:228: UnderReviewWarning: The feature AmdimNCELoss is currently marked under review. The compatibility with other Lightning projects is not guaranteed and API may change at any time. The API and functionality may change without warning in future releases. More details: https://lightning-bolts.readthedocs.io/en/latest/stability.html
  self.nce_loss = AmdimNCELoss(tclip)
/usr/local/lib/python3.12/dist-packages/matplotlib/_mathtext.py:45: PyparsingDeprecationWarning: 'enablePackrat' deprecated - use 'enable_packrat'
  ParserElement.enablePackrat()
[2026-03-10 19:31:01,181][matplotlib.style.core][WARNING] - In /usr/local/lib/python3.12/dist-packages/matplotlib/mpl-data/stylelib/classic.mplstyle: 'parseString' deprecated - use 'parse_string'
[2026-03-10 19:31:01,181][matplotlib.style.core][WARNING] - In /usr/local/lib/python3.12/dist-packages/matplotlib/mpl-data/stylelib/classic.mplstyle: 'resetCache' deprecated - use 'reset_cache'
/usr/local/lib/python3.12/dist-packages/hydra/_internal/instantiate/_instantiate2.py:92: UnderReviewWarning: The feature LinearWarmupCosineAnnealingLR is currently marked under review. The compatibility with other Lightning projects is not guaranteed and API may change at any time. The API and functionality may change without warning in future releases. More details: https://lightning-bolts.readthedocs.io/en/latest/stability.html
  return _target_(*args, **kwargs)

  | Name       | Type       | Params
------------------------------------------
0 | frontend   | Sequential | 406 K 
1 | pre_conv   | ConvBlock  | 616 K 
2 | gru        | GRUEncoder | 5.9 M 
3 | post_conv  | ConvBlock  | 616 K 
4 | classifier | Sequential | 76.1 K
5 | ctc_loss   | CTCLoss    | 0     
6 | metrics    | ModuleDict | 0     
------------------------------------------
7.6 M     Trainable params
0         Non-trainable params
7.6 M     Total params
30.496    Total estimated model params size (MB)
Sanity Checking: 0it [00:00, ?it/s]/usr/lib/python3.12/multiprocessing/popen_fork.py:66: DeprecationWarning: This process (pid=14278) is multi-threaded, use of fork() may lead to deadlocks in the child.
  self.pid = os.fork()
Epoch 0: 100%|█| 127/127 [00:35<00:00,  3.56it/s, loss=163, v_nu
Epoch 0, global step 120: 'val/CER' reached 434.82498 (best 434.82498), saving model to '/content/emg2qwerty_247a/logs/2026-03-10/19-30-59/checkpoints/epoch=0-step=120.ckpt' as top 1
Epoch 1: 100%|█| 127/127 [00:35<00:00,  3.59it/s, loss=3.58, v_n
Epoch 1, global step 240: 'val/CER' reached 100.00000 (best 100.00000), saving model to '/content/emg2qwerty_247a/logs/2026-03-10/19-30-59/checkpoints/epoch=1-step=240.ckpt' as top 1
Epoch 2: 100%|█| 127/127 [00:34<00:00,  3.64it/s, loss=3.36, v_n
Epoch 2, global step 360: 'val/CER' was not in top 1            
Epoch 3: 100%|█| 127/127 [00:34<00:00,  3.73it/s, loss=3.32, v_n
Epoch 3, global step 480: 'val/CER' was not in top 1            
Epoch 4: 100%|█| 127/127 [00:34<00:00,  3.66it/s, loss=3.27, v_n
Epoch 4, global step 600: 'val/CER' was not in top 1            
Epoch 5: 100%|█| 127/127 [00:34<00:00,  3.67it/s, loss=3.24, v_n
Epoch 5, global step 720: 'val/CER' was not in top 1            
Epoch 6: 100%|█| 127/127 [00:34<00:00,  3.64it/s, loss=3.16, v_n
Epoch 6, global step 840: 'val/CER' was not in top 1            
Epoch 7: 100%|█| 127/127 [00:34<00:00,  3.64it/s, loss=2.99, v_n
Epoch 7, global step 960: 'val/CER' was not in top 1            
Epoch 8: 100%|█| 127/127 [00:35<00:00,  3.61it/s, loss=2.98, v_n
Epoch 8, global step 1080: 'val/CER' was not in top 1           
Epoch 9: 100%|█| 127/127 [00:34<00:00,  3.68it/s, loss=2.84, v_n
Epoch 9, global step 1200: 'val/CER' was not in top 1           
Epoch 10: 100%|█| 127/127 [00:35<00:00,  3.60it/s, loss=2.71, v_
Epoch 10, global step 1320: 'val/CER' was not in top 1          
Epoch 11: 100%|█| 127/127 [00:35<00:00,  3.63it/s, loss=2.37, v_
Epoch 11, global step 1440: 'val/CER' was not in top 1          
Epoch 12: 100%|█| 127/127 [00:34<00:00,  3.69it/s, loss=2.14, v_
Epoch 12, global step 1560: 'val/CER' reached 89.74302 (best 89.74302), saving model to '/content/emg2qwerty_247a/logs/2026-03-10/19-30-59/checkpoints/epoch=12-step=1560.ckpt' as top 1
Epoch 13: 100%|█| 127/127 [00:34<00:00,  3.65it/s, loss=1.87, v_
Epoch 13, global step 1680: 'val/CER' reached 66.94727 (best 66.94727), saving model to '/content/emg2qwerty_247a/logs/2026-03-10/19-30-59/checkpoints/epoch=13-step=1680.ckpt' as top 1
Epoch 14: 100%|█| 127/127 [00:35<00:00,  3.57it/s, loss=1.52, v_
Epoch 14, global step 1800: 'val/CER' reached 45.01551 (best 45.01551), saving model to '/content/emg2qwerty_247a/logs/2026-03-10/19-30-59/checkpoints/epoch=14-step=1800.ckpt' as top 1
Epoch 15: 100%|█| 127/127 [00:34<00:00,  3.66it/s, loss=1.37, v_
Epoch 15, global step 1920: 'val/CER' reached 40.14178 (best 40.14178), saving model to '/content/emg2qwerty_247a/logs/2026-03-10/19-30-59/checkpoints/epoch=15-step=1920.ckpt' as top 1
Epoch 16: 100%|█| 127/127 [00:35<00:00,  3.62it/s, loss=1.21, v_
Epoch 16, global step 2040: 'val/CER' reached 36.64156 (best 36.64156), saving model to '/content/emg2qwerty_247a/logs/2026-03-10/19-30-59/checkpoints/epoch=16-step=2040.ckpt' as top 1
Epoch 17: 100%|█| 127/127 [00:34<00:00,  3.64it/s, loss=1.14, v_
Epoch 17, global step 2160: 'val/CER' reached 33.05273 (best 33.05273), saving model to '/content/emg2qwerty_247a/logs/2026-03-10/19-30-59/checkpoints/epoch=17-step=2160.ckpt' as top 1
Epoch 18: 100%|█| 127/127 [00:35<00:00,  3.59it/s, loss=1.08, v_
Epoch 18, global step 2280: 'val/CER' reached 31.36907 (best 31.36907), saving model to '/content/emg2qwerty_247a/logs/2026-03-10/19-30-59/checkpoints/epoch=18-step=2280.ckpt' as top 1
Epoch 19: 100%|█| 127/127 [00:35<00:00,  3.61it/s, loss=1, v_num
Epoch 19, global step 2400: 'val/CER' reached 30.06203 (best 30.06203), saving model to '/content/emg2qwerty_247a/logs/2026-03-10/19-30-59/checkpoints/epoch=19-step=2400.ckpt' as top 1
Epoch 20: 100%|█| 127/127 [00:34<00:00,  3.63it/s, loss=0.973, v
Epoch 20, global step 2520: 'val/CER' was not in top 1          
Epoch 21: 100%|█| 127/127 [00:34<00:00,  3.64it/s, loss=0.952, v
Epoch 21, global step 2640: 'val/CER' reached 29.19805 (best 29.19805), saving model to '/content/emg2qwerty_247a/logs/2026-03-10/19-30-59/checkpoints/epoch=21-step=2640.ckpt' as top 1
Epoch 22: 100%|█| 127/127 [00:35<00:00,  3.62it/s, loss=0.938, v
Epoch 22, global step 2760: 'val/CER' reached 28.88791 (best 28.88791), saving model to '/content/emg2qwerty_247a/logs/2026-03-10/19-30-59/checkpoints/epoch=22-step=2760.ckpt' as top 1
Epoch 23: 100%|█| 127/127 [00:34<00:00,  3.68it/s, loss=0.816, v
Epoch 23, global step 2880: 'val/CER' reached 26.11874 (best 26.11874), saving model to '/content/emg2qwerty_247a/logs/2026-03-10/19-30-59/checkpoints/epoch=23-step=2880.ckpt' as top 1
Epoch 24: 100%|█| 127/127 [00:36<00:00,  3.53it/s, loss=0.838, v
Epoch 24, global step 3000: 'val/CER' was not in top 1          
Epoch 25: 100%|█| 127/127 [00:35<00:00,  3.57it/s, loss=0.834, v
Epoch 25, global step 3120: 'val/CER' reached 24.34648 (best 24.34648), saving model to '/content/emg2qwerty_247a/logs/2026-03-10/19-30-59/checkpoints/epoch=25-step=3120.ckpt' as top 1
Epoch 26: 100%|█| 127/127 [00:35<00:00,  3.63it/s, loss=0.754, v
Epoch 26, global step 3240: 'val/CER' was not in top 1          
Epoch 27: 100%|█| 127/127 [00:35<00:00,  3.61it/s, loss=0.737, v
Epoch 27, global step 3360: 'val/CER' reached 22.72929 (best 22.72929), saving model to '/content/emg2qwerty_247a/logs/2026-03-10/19-30-59/checkpoints/epoch=27-step=3360.ckpt' as top 1
Epoch 28: 100%|█| 127/127 [00:35<00:00,  3.57it/s, loss=0.736, v
Epoch 28, global step 3480: 'val/CER' was not in top 1          
Epoch 29: 100%|█| 127/127 [00:35<00:00,  3.59it/s, loss=0.733, v
Epoch 29, global step 3600: 'val/CER' was not in top 1          
Epoch 30: 100%|█| 127/127 [00:35<00:00,  3.60it/s, loss=0.699, v
Epoch 30, global step 3720: 'val/CER' was not in top 1          
Epoch 31: 100%|█| 127/127 [00:35<00:00,  3.55it/s, loss=0.744, v
Epoch 31, global step 3840: 'val/CER' was not in top 1          
Epoch 32: 100%|█| 127/127 [00:34<00:00,  3.69it/s, loss=0.751, v
Epoch 32, global step 3960: 'val/CER' was not in top 1          
Epoch 33: 100%|█| 127/127 [00:35<00:00,  3.53it/s, loss=1.12, v_
Epoch 33, global step 4080: 'val/CER' was not in top 1          
Epoch 34: 100%|█| 127/127 [00:35<00:00,  3.62it/s, loss=0.712, v
Epoch 34, global step 4200: 'val/CER' was not in top 1          
Epoch 35: 100%|█| 127/127 [00:35<00:00,  3.63it/s, loss=0.716, v
Epoch 35, global step 4320: 'val/CER' was not in top 1          
Epoch 36: 100%|█| 127/127 [00:35<00:00,  3.57it/s, loss=0.675, v
Epoch 36, global step 4440: 'val/CER' was not in top 1          
Epoch 37: 100%|█| 127/127 [00:34<00:00,  3.64it/s, loss=0.631, v
Epoch 37, global step 4560: 'val/CER' reached 22.64067 (best 22.64067), saving model to '/content/emg2qwerty_247a/logs/2026-03-10/19-30-59/checkpoints/epoch=37-step=4560.ckpt' as top 1
Epoch 38: 100%|█| 127/127 [00:35<00:00,  3.62it/s, loss=0.664, v
Epoch 38, global step 4680: 'val/CER' reached 22.52991 (best 22.52991), saving model to '/content/emg2qwerty_247a/logs/2026-03-10/19-30-59/checkpoints/epoch=38-step=4680.ckpt' as top 1
Epoch 39: 100%|█| 127/127 [00:34<00:00,  3.64it/s, loss=0.647, v
Epoch 39, global step 4800: 'val/CER' was not in top 1          
Epoch 40: 100%|█| 127/127 [00:35<00:00,  3.62it/s, loss=0.605, v
Epoch 40, global step 4920: 'val/CER' reached 22.24191 (best 22.24191), saving model to '/content/emg2qwerty_247a/logs/2026-03-10/19-30-59/checkpoints/epoch=40-step=4920.ckpt' as top 1
Epoch 41: 100%|█| 127/127 [00:34<00:00,  3.65it/s, loss=0.648, v
Epoch 41, global step 5040: 'val/CER' was not in top 1          
Epoch 42: 100%|█| 127/127 [00:35<00:00,  3.62it/s, loss=0.606, v
Epoch 42, global step 5160: 'val/CER' was not in top 1          
Epoch 43: 100%|█| 127/127 [00:34<00:00,  3.64it/s, loss=0.631, v
Epoch 43, global step 5280: 'val/CER' was not in top 1          
Epoch 44: 100%|█| 127/127 [00:35<00:00,  3.61it/s, loss=0.594, v
Epoch 44, global step 5400: 'val/CER' was not in top 1          
Epoch 45: 100%|█| 127/127 [00:35<00:00,  3.54it/s, loss=0.621, v
Epoch 45, global step 5520: 'val/CER' was not in top 1          
Epoch 46: 100%|█| 127/127 [00:34<00:00,  3.65it/s, loss=0.619, v
Epoch 46, global step 5640: 'val/CER' was not in top 1          
Epoch 47: 100%|█| 127/127 [00:34<00:00,  3.67it/s, loss=0.614, v
Epoch 47, global step 5760: 'val/CER' was not in top 1          
Epoch 48: 100%|█| 127/127 [00:35<00:00,  3.61it/s, loss=0.593, v
Epoch 48, global step 5880: 'val/CER' reached 21.53301 (best 21.53301), saving model to '/content/emg2qwerty_247a/logs/2026-03-10/19-30-59/checkpoints/epoch=48-step=5880.ckpt' as top 1
Epoch 49: 100%|█| 127/127 [00:34<00:00,  3.66it/s, loss=0.616, v
Epoch 49, global step 6000: 'val/CER' was not in top 1          
Epoch 50: 100%|█| 127/127 [00:34<00:00,  3.68it/s, loss=0.599, v
Epoch 50, global step 6120: 'val/CER' reached 21.44440 (best 21.44440), saving model to '/content/emg2qwerty_247a/logs/2026-03-10/19-30-59/checkpoints/epoch=50-step=6120.ckpt' as top 1
Epoch 51: 100%|█| 127/127 [00:34<00:00,  3.64it/s, loss=0.525, v
Epoch 51, global step 6240: 'val/CER' reached 20.86841 (best 20.86841), saving model to '/content/emg2qwerty_247a/logs/2026-03-10/19-30-59/checkpoints/epoch=51-step=6240.ckpt' as top 1
Epoch 52: 100%|█| 127/127 [00:35<00:00,  3.61it/s, loss=0.502, v
Epoch 52, global step 6360: 'val/CER' reached 20.31458 (best 20.31458), saving model to '/content/emg2qwerty_247a/logs/2026-03-10/19-30-59/checkpoints/epoch=52-step=6360.ckpt' as top 1
Epoch 53: 100%|█| 127/127 [00:34<00:00,  3.64it/s, loss=0.494, v
Epoch 53, global step 6480: 'val/CER' was not in top 1          
Epoch 54: 100%|█| 127/127 [00:34<00:00,  3.66it/s, loss=0.499, v
Epoch 54, global step 6600: 'val/CER' was not in top 1          
Epoch 55: 100%|█| 127/127 [00:34<00:00,  3.65it/s, loss=0.498, v
Epoch 55, global step 6720: 'val/CER' reached 19.42844 (best 19.42844), saving model to '/content/emg2qwerty_247a/logs/2026-03-10/19-30-59/checkpoints/epoch=55-step=6720.ckpt' as top 1
Epoch 56: 100%|█| 127/127 [00:35<00:00,  3.58it/s, loss=0.478, v
Epoch 56, global step 6840: 'val/CER' was not in top 1          
Epoch 57: 100%|█| 127/127 [00:34<00:00,  3.64it/s, loss=0.44, v_
Epoch 57, global step 6960: 'val/CER' was not in top 1          
Epoch 58: 100%|█| 127/127 [00:35<00:00,  3.63it/s, loss=0.482, v
Epoch 58, global step 7080: 'val/CER' was not in top 1          
Epoch 59: 100%|█| 127/127 [00:34<00:00,  3.70it/s, loss=0.445, v
Epoch 59, global step 7200: 'val/CER' was not in top 1          
Epoch 60: 100%|█| 127/127 [00:35<00:00,  3.63it/s, loss=0.462, v
Epoch 60, global step 7320: 'val/CER' was not in top 1          
Epoch 61: 100%|█| 127/127 [00:35<00:00,  3.61it/s, loss=0.497, v
Epoch 61, global step 7440: 'val/CER' was not in top 1          
Epoch 62: 100%|█| 127/127 [00:34<00:00,  3.64it/s, loss=0.487, v
Epoch 62, global step 7560: 'val/CER' was not in top 1          
Epoch 63: 100%|█| 127/127 [00:34<00:00,  3.65it/s, loss=0.442, v
Epoch 63, global step 7680: 'val/CER' was not in top 1          
Epoch 64: 100%|█| 127/127 [00:34<00:00,  3.64it/s, loss=0.44, v_
Epoch 64, global step 7800: 'val/CER' was not in top 1          
Epoch 65: 100%|█| 127/127 [00:35<00:00,  3.62it/s, loss=0.401, v
Epoch 65, global step 7920: 'val/CER' was not in top 1          
Epoch 66: 100%|█| 127/127 [00:35<00:00,  3.60it/s, loss=0.404, v
Epoch 66, global step 8040: 'val/CER' was not in top 1          
Epoch 67: 100%|█| 127/127 [00:35<00:00,  3.55it/s, loss=0.442, v
Epoch 67, global step 8160: 'val/CER' was not in top 1          
Epoch 68: 100%|█| 127/127 [00:34<00:00,  3.67it/s, loss=0.413, v
Epoch 68, global step 8280: 'val/CER' reached 18.67523 (best 18.67523), saving model to '/content/emg2qwerty_247a/logs/2026-03-10/19-30-59/checkpoints/epoch=68-step=8280.ckpt' as top 1
Epoch 69: 100%|█| 127/127 [00:34<00:00,  3.66it/s, loss=0.383, v
Epoch 69, global step 8400: 'val/CER' was not in top 1          
Epoch 70: 100%|█| 127/127 [00:34<00:00,  3.68it/s, loss=0.424, v
Epoch 70, global step 8520: 'val/CER' was not in top 1          
Epoch 71: 100%|█| 127/127 [00:34<00:00,  3.64it/s, loss=0.409, v
Epoch 71, global step 8640: 'val/CER' was not in top 1          
Epoch 72: 100%|█| 127/127 [00:35<00:00,  3.63it/s, loss=0.382, v
Epoch 72, global step 8760: 'val/CER' was not in top 1          
Epoch 73: 100%|█| 127/127 [00:35<00:00,  3.62it/s, loss=0.335, v
Epoch 73, global step 8880: 'val/CER' was not in top 1          
Epoch 74: 100%|█| 127/127 [00:35<00:00,  3.56it/s, loss=0.341, v
Epoch 74, global step 9000: 'val/CER' was not in top 1          
Epoch 75: 100%|█| 127/127 [00:34<00:00,  3.68it/s, loss=0.328, v
Epoch 75, global step 9120: 'val/CER' reached 18.29863 (best 18.29863), saving model to '/content/emg2qwerty_247a/logs/2026-03-10/19-30-59/checkpoints/epoch=75-step=9120.ckpt' as top 1
Epoch 76: 100%|█| 127/127 [00:35<00:00,  3.58it/s, loss=0.303, v
Epoch 76, global step 9240: 'val/CER' reached 18.12140 (best 18.12140), saving model to '/content/emg2qwerty_247a/logs/2026-03-10/19-30-59/checkpoints/epoch=76-step=9240.ckpt' as top 1
Epoch 77: 100%|█| 127/127 [00:35<00:00,  3.56it/s, loss=0.332, v
Epoch 77, global step 9360: 'val/CER' was not in top 1          
Epoch 78: 100%|█| 127/127 [00:34<00:00,  3.64it/s, loss=0.316, v
Epoch 78, global step 9480: 'val/CER' was not in top 1          
Epoch 79: 100%|█| 127/127 [00:34<00:00,  3.66it/s, loss=0.284, v
Epoch 79, global step 9600: 'val/CER' reached 17.41249 (best 17.41249), saving model to '/content/emg2qwerty_247a/logs/2026-03-10/19-30-59/checkpoints/epoch=79-step=9600.ckpt' as top 1
Epoch 80: 100%|█| 127/127 [00:35<00:00,  3.57it/s, loss=0.28, v_
Epoch 80, global step 9720: 'val/CER' was not in top 1          
Epoch 81: 100%|█| 127/127 [00:35<00:00,  3.61it/s, loss=0.272, v
Epoch 81, global step 9840: 'val/CER' was not in top 1          
Epoch 82: 100%|█| 127/127 [00:34<00:00,  3.69it/s, loss=0.298, v
Epoch 82, global step 9960: 'val/CER' was not in top 1          
Epoch 83: 100%|█| 127/127 [00:35<00:00,  3.61it/s, loss=0.264, v
Epoch 83, global step 10080: 'val/CER' was not in top 1         
Epoch 84: 100%|█| 127/127 [00:34<00:00,  3.65it/s, loss=0.243, v
Epoch 84, global step 10200: 'val/CER' was not in top 1         
Epoch 85: 100%|█| 127/127 [00:30<00:00,  4.20it/s, loss=0.247, v
Epoch 85, global step 10320: 'val/CER' was not in top 1         
Epoch 86: 100%|█| 127/127 [00:26<00:00,  4.76it/s, loss=0.252, v
Epoch 86, global step 10440: 'val/CER' was not in top 1         
Epoch 87: 100%|█| 127/127 [00:26<00:00,  4.71it/s, loss=0.226, v
Epoch 87, global step 10560: 'val/CER' was not in top 1         
Epoch 88: 100%|█| 127/127 [00:26<00:00,  4.74it/s, loss=0.222, v
Epoch 88, global step 10680: 'val/CER' reached 17.23527 (best 17.23527), saving model to '/content/emg2qwerty_247a/logs/2026-03-10/19-30-59/checkpoints/epoch=88-step=10680.ckpt' as top 1
Epoch 89: 100%|█| 127/127 [00:26<00:00,  4.79it/s, loss=0.219, v
Epoch 89, global step 10800: 'val/CER' was not in top 1         
Epoch 90: 100%|█| 127/127 [00:26<00:00,  4.81it/s, loss=0.23, v_
Epoch 90, global step 10920: 'val/CER' was not in top 1         
Epoch 91: 100%|█| 127/127 [00:26<00:00,  4.84it/s, loss=0.224, v
Epoch 91, global step 11040: 'val/CER' was not in top 1         
Epoch 92: 100%|█| 127/127 [00:26<00:00,  4.79it/s, loss=0.214, v
Epoch 92, global step 11160: 'val/CER' was not in top 1         
Epoch 93: 100%|█| 127/127 [00:27<00:00,  4.70it/s, loss=0.217, v
Epoch 93, global step 11280: 'val/CER' reached 16.83651 (best 16.83651), saving model to '/content/emg2qwerty_247a/logs/2026-03-10/19-30-59/checkpoints/epoch=93-step=11280.ckpt' as top 1
Epoch 94: 100%|█| 127/127 [00:26<00:00,  4.73it/s, loss=0.207, v
Epoch 94, global step 11400: 'val/CER' was not in top 1         
Epoch 95: 100%|█| 127/127 [00:26<00:00,  4.74it/s, loss=0.184, v
Epoch 95, global step 11520: 'val/CER' was not in top 1         
Epoch 96: 100%|█| 127/127 [00:26<00:00,  4.72it/s, loss=0.2, v_n
Epoch 96, global step 11640: 'val/CER' was not in top 1         
Epoch 97: 100%|█| 127/127 [00:26<00:00,  4.79it/s, loss=0.18, v_
Epoch 97, global step 11760: 'val/CER' reached 16.59282 (best 16.59282), saving model to '/content/emg2qwerty_247a/logs/2026-03-10/19-30-59/checkpoints/epoch=97-step=11760.ckpt' as top 1
Epoch 98: 100%|█| 127/127 [00:26<00:00,  4.73it/s, loss=0.162, v
Epoch 98, global step 11880: 'val/CER' was not in top 1         
Epoch 99: 100%|█| 127/127 [00:26<00:00,  4.78it/s, loss=0.168, v
Epoch 99, global step 12000: 'val/CER' was not in top 1         
Epoch 100: 100%|█| 127/127 [00:26<00:00,  4.76it/s, loss=0.169, 
Epoch 100, global step 12120: 'val/CER' was not in top 1        
Epoch 101: 100%|█| 127/127 [00:26<00:00,  4.77it/s, loss=0.172, 
Epoch 101, global step 12240: 'val/CER' was not in top 1        
Epoch 102: 100%|█| 127/127 [00:26<00:00,  4.77it/s, loss=0.154, 
Epoch 102, global step 12360: 'val/CER' reached 16.57067 (best 16.57067), saving model to '/content/emg2qwerty_247a/logs/2026-03-10/19-30-59/checkpoints/epoch=102-step=12360.ckpt' as top 1
Epoch 103: 100%|█| 127/127 [00:26<00:00,  4.80it/s, loss=0.163, 
Epoch 103, global step 12480: 'val/CER' was not in top 1        
Epoch 104: 100%|█| 127/127 [00:26<00:00,  4.78it/s, loss=0.157, 
Epoch 104, global step 12600: 'val/CER' reached 16.17191 (best 16.17191), saving model to '/content/emg2qwerty_247a/logs/2026-03-10/19-30-59/checkpoints/epoch=104-step=12600.ckpt' as top 1
Epoch 105: 100%|█| 127/127 [00:26<00:00,  4.76it/s, loss=0.148, 
Epoch 105, global step 12720: 'val/CER' was not in top 1        
Epoch 106: 100%|█| 127/127 [00:26<00:00,  4.78it/s, loss=0.142, 
Epoch 106, global step 12840: 'val/CER' reached 16.08330 (best 16.08330), saving model to '/content/emg2qwerty_247a/logs/2026-03-10/19-30-59/checkpoints/epoch=106-step=12840.ckpt' as top 1
Epoch 107: 100%|█| 127/127 [00:26<00:00,  4.75it/s, loss=0.142, 
Epoch 107, global step 12960: 'val/CER' was not in top 1        
Epoch 108: 100%|█| 127/127 [00:26<00:00,  4.78it/s, loss=0.147, 
Epoch 108, global step 13080: 'val/CER' was not in top 1        
Epoch 109: 100%|█| 127/127 [00:26<00:00,  4.79it/s, loss=0.143, 
Epoch 109, global step 13200: 'val/CER' was not in top 1        
Epoch 110: 100%|█| 127/127 [00:26<00:00,  4.83it/s, loss=0.148, 
Epoch 110, global step 13320: 'val/CER' was not in top 1        
Epoch 111: 100%|█| 127/127 [00:26<00:00,  4.77it/s, loss=0.123, 
Epoch 111, global step 13440: 'val/CER' was not in top 1        
Epoch 112: 100%|█| 127/127 [00:26<00:00,  4.82it/s, loss=0.124, 
Epoch 112, global step 13560: 'val/CER' reached 15.92822 (best 15.92822), saving model to '/content/emg2qwerty_247a/logs/2026-03-10/19-30-59/checkpoints/epoch=112-step=13560.ckpt' as top 1
Epoch 113: 100%|█| 127/127 [00:26<00:00,  4.85it/s, loss=0.124, 
Epoch 113, global step 13680: 'val/CER' was not in top 1        
Epoch 114: 100%|█| 127/127 [00:27<00:00,  4.70it/s, loss=0.107, 
Epoch 114, global step 13800: 'val/CER' reached 15.44085 (best 15.44085), saving model to '/content/emg2qwerty_247a/logs/2026-03-10/19-30-59/checkpoints/epoch=114-step=13800.ckpt' as top 1
Epoch 115: 100%|█| 127/127 [00:26<00:00,  4.77it/s, loss=0.121, 
Epoch 115, global step 13920: 'val/CER' was not in top 1        
Epoch 116: 100%|█| 127/127 [00:26<00:00,  4.82it/s, loss=0.116, 
Epoch 116, global step 14040: 'val/CER' was not in top 1        
Epoch 117: 100%|█| 127/127 [00:26<00:00,  4.79it/s, loss=0.112, 
Epoch 117, global step 14160: 'val/CER' was not in top 1        
Epoch 118: 100%|█| 127/127 [00:26<00:00,  4.78it/s, loss=0.118, 
Epoch 118, global step 14280: 'val/CER' was not in top 1        
Epoch 119: 100%|█| 127/127 [00:26<00:00,  4.76it/s, loss=0.113, 
Epoch 119, global step 14400: 'val/CER' was not in top 1        
Epoch 120: 100%|█| 127/127 [00:26<00:00,  4.73it/s, loss=0.107, 
Epoch 120, global step 14520: 'val/CER' was not in top 1        
Epoch 121: 100%|█| 127/127 [00:26<00:00,  4.77it/s, loss=0.113, 
Epoch 121, global step 14640: 'val/CER' was not in top 1        
Epoch 122: 100%|█| 127/127 [00:26<00:00,  4.77it/s, loss=0.106, 
Epoch 122, global step 14760: 'val/CER' was not in top 1        
Epoch 123: 100%|█| 127/127 [00:26<00:00,  4.78it/s, loss=0.114, 
Epoch 123, global step 14880: 'val/CER' was not in top 1        
Epoch 124: 100%|█| 127/127 [00:26<00:00,  4.72it/s, loss=0.0997,
Epoch 124, global step 15000: 'val/CER' was not in top 1        
Epoch 125: 100%|█| 127/127 [00:26<00:00,  4.72it/s, loss=0.103, 
Epoch 125, global step 15120: 'val/CER' was not in top 1        
Epoch 126: 100%|█| 127/127 [00:26<00:00,  4.79it/s, loss=0.105, 
Epoch 126, global step 15240: 'val/CER' was not in top 1        
Epoch 127: 100%|█| 127/127 [00:26<00:00,  4.80it/s, loss=0.092, 
Epoch 127, global step 15360: 'val/CER' was not in top 1        
Epoch 128: 100%|█| 127/127 [00:26<00:00,  4.82it/s, loss=0.0862,
Epoch 128, global step 15480: 'val/CER' was not in top 1        
Epoch 129: 100%|█| 127/127 [00:26<00:00,  4.81it/s, loss=0.0974,
Epoch 129, global step 15600: 'val/CER' was not in top 1        
Epoch 130: 100%|█| 127/127 [00:26<00:00,  4.83it/s, loss=0.0946,
Epoch 130, global step 15720: 'val/CER' was not in top 1        
Epoch 131: 100%|█| 127/127 [00:26<00:00,  4.80it/s, loss=0.0942,
Epoch 131, global step 15840: 'val/CER' was not in top 1        
Epoch 132: 100%|█| 127/127 [00:26<00:00,  4.80it/s, loss=0.091, 
Epoch 132, global step 15960: 'val/CER' was not in top 1        
Epoch 133: 100%|█| 127/127 [00:26<00:00,  4.83it/s, loss=0.0972,
Epoch 133, global step 16080: 'val/CER' reached 15.04209 (best 15.04209), saving model to '/content/emg2qwerty_247a/logs/2026-03-10/19-30-59/checkpoints/epoch=133-step=16080.ckpt' as top 1
Epoch 134: 100%|█| 127/127 [00:26<00:00,  4.82it/s, loss=0.0835,
Epoch 134, global step 16200: 'val/CER' was not in top 1        
Epoch 135: 100%|█| 127/127 [00:26<00:00,  4.79it/s, loss=0.0862,
Epoch 135, global step 16320: 'val/CER' was not in top 1        
Epoch 136: 100%|█| 127/127 [00:26<00:00,  4.85it/s, loss=0.0914,
Epoch 136, global step 16440: 'val/CER' was not in top 1        
Epoch 137: 100%|█| 127/127 [00:26<00:00,  4.75it/s, loss=0.0884,
Epoch 137, global step 16560: 'val/CER' was not in top 1        
Epoch 138: 100%|█| 127/127 [00:26<00:00,  4.79it/s, loss=0.0918,
Epoch 138, global step 16680: 'val/CER' was not in top 1        
Epoch 139: 100%|█| 127/127 [00:26<00:00,  4.79it/s, loss=0.0864,
Epoch 139, global step 16800: 'val/CER' was not in top 1        
Epoch 140: 100%|█| 127/127 [00:26<00:00,  4.81it/s, loss=0.0875,
Epoch 140, global step 16920: 'val/CER' reached 14.86487 (best 14.86487), saving model to '/content/emg2qwerty_247a/logs/2026-03-10/19-30-59/checkpoints/epoch=140-step=16920.ckpt' as top 1
Epoch 141: 100%|█| 127/127 [00:26<00:00,  4.84it/s, loss=0.0816,
Epoch 141, global step 17040: 'val/CER' was not in top 1        
Epoch 142: 100%|█| 127/127 [00:26<00:00,  4.79it/s, loss=0.0802,
Epoch 142, global step 17160: 'val/CER' was not in top 1        
Epoch 143: 100%|█| 127/127 [00:26<00:00,  4.74it/s, loss=0.0821,
Epoch 143, global step 17280: 'val/CER' was not in top 1        
Epoch 144: 100%|█| 127/127 [00:26<00:00,  4.78it/s, loss=0.0894,
Epoch 144, global step 17400: 'val/CER' was not in top 1        
Epoch 145: 100%|█| 127/127 [00:26<00:00,  4.81it/s, loss=0.0835,
Epoch 145, global step 17520: 'val/CER' was not in top 1        
Epoch 146: 100%|█| 127/127 [00:26<00:00,  4.75it/s, loss=0.0855,
Epoch 146, global step 17640: 'val/CER' was not in top 1        
Epoch 147: 100%|█| 127/127 [00:26<00:00,  4.71it/s, loss=0.0857,
Epoch 147, global step 17760: 'val/CER' was not in top 1        
Epoch 148: 100%|█| 127/127 [00:26<00:00,  4.77it/s, loss=0.0796,
Epoch 148, global step 17880: 'val/CER' was not in top 1        
Epoch 149: 100%|█| 127/127 [00:26<00:00,  4.79it/s, loss=0.0805,
Epoch 149, global step 18000: 'val/CER' reached 14.84271 (best 14.84271), saving model to '/content/emg2qwerty_247a/logs/2026-03-10/19-30-59/checkpoints/epoch=149-step=18000.ckpt' as top 1
`Trainer.fit` stopped: `max_epochs=150` reached.
Epoch 149: 100%|█| 127/127 [00:26<00:00,  4.72it/s, loss=0.0805,
LOCAL_RANK: 0 - CUDA_VISIBLE_DEVICES: [0]
Validation DataLoader 0: 100%|████| 7/7 [00:00<00:00,  8.81it/s]
┏━━━━━━━━━━━━━━━━━━━━━━━━━━━┳━━━━━━━━━━━━━━━━━━━━━━━━━━━┓
┃  Runningstage.validating  ┃                           ┃
┃          metric           ┃       DataLoader 0        ┃
┡━━━━━━━━━━━━━━━━━━━━━━━━━━━╇━━━━━━━━━━━━━━━━━━━━━━━━━━━┩
│          val/CER          │    14.842711448669434     │
│          val/DER          │    1.4621179103851318     │
│          val/IER          │    3.9875941276550293     │
│          val/SER          │     9.392999649047852     │
│         val/loss          │    0.7229561805725098     │
└───────────────────────────┴───────────────────────────┘
LOCAL_RANK: 0 - CUDA_VISIBLE_DEVICES: [0]
Testing DataLoader 0: 100%|███████| 1/1 [00:06<00:00,  6.27s/it]
┏━━━━━━━━━━━━━━━━━━━━━━━━━━━┳━━━━━━━━━━━━━━━━━━━━━━━━━━━┓
┃   Runningstage.testing    ┃                           ┃
┃          metric           ┃       DataLoader 0        ┃
┡━━━━━━━━━━━━━━━━━━━━━━━━━━━╇━━━━━━━━━━━━━━━━━━━━━━━━━━━┩
│         test/CER          │    16.922412872314453     │
│         test/DER          │    0.9725524187088013     │
│         test/IER          │     4.625027179718018     │
│         test/SER          │    11.324832916259766     │
│         test/loss         │    0.7782372236251831     │
└───────────────────────────┴───────────────────────────┘
{'val_metrics': [{'val/loss': 0.7229561805725098,
                  'val/CER': 14.842711448669434,
                  'val/IER': 3.9875941276550293,
                  'val/DER': 1.4621179103851318,
                  'val/SER': 9.392999649047852}],
 'test_metrics': [{'test/loss': 0.7782372236251831,
                   'test/CER': 16.922412872314453,
                   'test/IER': 4.625027179718018,
                   'test/DER': 0.9725524187088013,
                   'test/SER': 11.324832916259766}],
 'best_checkpoint': '/content/emg2qwerty_247a/logs/2026-03-10/19-30-59/checkpoints/epoch=149-step=18000.ckpt'}
sys:1: DeprecationWarning: builtin type swigvarlink has no __module__ attribute