Global seed set to 1501
GPU available: True (cuda), used: True
TPU available: False, using: 0 TPU cores
IPU available: False, using: 0 IPUs
HPU available: False, using: 0 HPUs
Missing logger folder: /home/ming/emg2qwerty/logs/2026-03-06/22-56-37/job0_/lightning_logs
LOCAL_RANK: 0 - CUDA_VISIBLE_DEVICES: [0]
/opt/conda/envs/emg2qwerty/lib/python3.10/site-packages/pl_bolts/__init__.py:11: FutureWarning: In the future `np.object` will be defined as the corresponding NumPy scalar.
  if not hasattr(numpy, tp_name):
/opt/conda/envs/emg2qwerty/lib/python3.10/site-packages/pl_bolts/__init__.py:11: FutureWarning: In the future `np.bool` will be defined as the corresponding NumPy scalar.
  if not hasattr(numpy, tp_name):
/opt/conda/envs/emg2qwerty/lib/python3.10/site-packages/pl_bolts/models/self_supervised/amdim/amdim_module.py:34: UnderReviewWarning: The feature generate_power_seq is currently marked under review. The compatibility with other Lightning projects is not guaranteed and API may change at any time. The API and functionality may change without warning in future releases. More details: https://lightning-bolts.readthedocs.io/en/latest/stability.html
  "lr_options": generate_power_seq(LEARNING_RATE_CIFAR, 11),
/opt/conda/envs/emg2qwerty/lib/python3.10/site-packages/pl_bolts/models/self_supervised/amdim/amdim_module.py:92: UnderReviewWarning: The feature FeatureMapContrastiveTask is currently marked under review. The compatibility with other Lightning projects is not guaranteed and API may change at any time. The API and functionality may change without warning in future releases. More details: https://lightning-bolts.readthedocs.io/en/latest/stability.html
  contrastive_task: Union[FeatureMapContrastiveTask] = FeatureMapContrastiveTask("01, 02, 11"),
/opt/conda/envs/emg2qwerty/lib/python3.10/site-packages/pl_bolts/losses/self_supervised_learning.py:228: UnderReviewWarning: The feature AmdimNCELoss is currently marked under review. The compatibility with other Lightning projects is not guaranteed and API may change at any time. The API and functionality may change without warning in future releases. More details: https://lightning-bolts.readthedocs.io/en/latest/stability.html
  self.nce_loss = AmdimNCELoss(tclip)
/opt/conda/envs/emg2qwerty/lib/python3.10/site-packages/hydra/_internal/instantiate/_instantiate2.py:92: UnderReviewWarning: The feature LinearWarmupCosineAnnealingLR is currently marked under review. The compatibility with other Lightning projects is not guaranteed and API may change at any time. The API and functionality may change without warning in future releases. More details: https://lightning-bolts.readthedocs.io/en/latest/stability.html
  return _target_(*args, **kwargs)

  | Name        | Type             | Params
-------------------------------------------------
0 | cnn_encoder | RawEMGCNNEncoder | 637 K 
1 | gru_encoder | GRUEncoder       | 4.1 M 
2 | classifier  | Sequential       | 76.1 K
3 | ctc_loss    | CTCLoss          | 0     
4 | metrics     | ModuleDict       | 0     
-------------------------------------------------
4.9 M     Trainable params
0         Non-trainable params
4.9 M     Total params
19.407    Total estimated model params size (MB)
/opt/conda/envs/emg2qwerty/lib/python3.10/site-packages/torch/autograd/graph.py:744: UserWarning: Plan failed with a cudnnException: CUDNN_BACKEND_EXECUTION_PLAN_DESCRIPTOR: cudnnFinalize Descriptor Failed cudnn_status: CUDNN_STATUS_NOT_SUPPORTED (Triggered internally at /opt/conda/conda-bld/pytorch_1712608935911/work/aten/src/ATen/native/cudnn/Conv_v8.cpp:919.)
  return Variable._execution_engine.run_backward(  # Calls into the C++ engine to run the backward pass
Epoch 0, global step 80: 'val/CER' reached 269.27710 (best 269.27710), saving model to '/home/ming/emg2qwerty/logs/2026-03-06/22-56-37/job0_/checkpoints/epoch=0-step=80.ckpt' as top 1
Epoch 1, global step 160: 'val/CER' reached 100.00000 (best 100.00000), saving model to '/home/ming/emg2qwerty/logs/2026-03-06/22-56-37/job0_/checkpoints/epoch=1-step=160.ckpt' as top 1
Epoch 2, global step 240: 'val/CER' was not in top 1
Epoch 3, global step 320: 'val/CER' reached 68.90228 (best 68.90228), saving model to '/home/ming/emg2qwerty/logs/2026-03-06/22-56-37/job0_/checkpoints/epoch=3-step=320.ckpt' as top 1
Epoch 4, global step 400: 'val/CER' reached 37.75100 (best 37.75100), saving model to '/home/ming/emg2qwerty/logs/2026-03-06/22-56-37/job0_/checkpoints/epoch=4-step=400.ckpt' as top 1
Epoch 5, global step 480: 'val/CER' reached 30.82999 (best 30.82999), saving model to '/home/ming/emg2qwerty/logs/2026-03-06/22-56-37/job0_/checkpoints/epoch=5-step=480.ckpt' as top 1
Epoch 6, global step 560: 'val/CER' reached 23.44043 (best 23.44043), saving model to '/home/ming/emg2qwerty/logs/2026-03-06/22-56-37/job0_/checkpoints/epoch=6-step=560.ckpt' as top 1
Epoch 7, global step 640: 'val/CER' reached 21.01740 (best 21.01740), saving model to '/home/ming/emg2qwerty/logs/2026-03-06/22-56-37/job0_/checkpoints/epoch=7-step=640.ckpt' as top 1
Epoch 8, global step 720: 'val/CER' reached 18.00535 (best 18.00535), saving model to '/home/ming/emg2qwerty/logs/2026-03-06/22-56-37/job0_/checkpoints/epoch=8-step=720.ckpt' as top 1
Epoch 9, global step 800: 'val/CER' reached 17.09505 (best 17.09505), saving model to '/home/ming/emg2qwerty/logs/2026-03-06/22-56-37/job0_/checkpoints/epoch=9-step=800.ckpt' as top 1
Epoch 10, global step 880: 'val/CER' reached 14.99331 (best 14.99331), saving model to '/home/ming/emg2qwerty/logs/2026-03-06/22-56-37/job0_/checkpoints/epoch=10-step=880.ckpt' as top 1
Epoch 11, global step 960: 'val/CER' was not in top 1
Epoch 12, global step 1040: 'val/CER' reached 13.61446 (best 13.61446), saving model to '/home/ming/emg2qwerty/logs/2026-03-06/22-56-37/job0_/checkpoints/epoch=12-step=1040.ckpt' as top 1
Epoch 13, global step 1120: 'val/CER' reached 13.46720 (best 13.46720), saving model to '/home/ming/emg2qwerty/logs/2026-03-06/22-56-37/job0_/checkpoints/epoch=13-step=1120.ckpt' as top 1
Epoch 14, global step 1200: 'val/CER' reached 12.83802 (best 12.83802), saving model to '/home/ming/emg2qwerty/logs/2026-03-06/22-56-37/job0_/checkpoints/epoch=14-step=1200.ckpt' as top 1
Epoch 15, global step 1280: 'val/CER' reached 12.62383 (best 12.62383), saving model to '/home/ming/emg2qwerty/logs/2026-03-06/22-56-37/job0_/checkpoints/epoch=15-step=1280.ckpt' as top 1
Epoch 16, global step 1360: 'val/CER' reached 12.07497 (best 12.07497), saving model to '/home/ming/emg2qwerty/logs/2026-03-06/22-56-37/job0_/checkpoints/epoch=16-step=1360.ckpt' as top 1
Epoch 17, global step 1440: 'val/CER' was not in top 1
Epoch 18, global step 1520: 'val/CER' reached 11.99465 (best 11.99465), saving model to '/home/ming/emg2qwerty/logs/2026-03-06/22-56-37/job0_/checkpoints/epoch=18-step=1520.ckpt' as top 1
Epoch 19, global step 1600: 'val/CER' reached 11.72691 (best 11.72691), saving model to '/home/ming/emg2qwerty/logs/2026-03-06/22-56-37/job0_/checkpoints/epoch=19-step=1600.ckpt' as top 1
Epoch 20, global step 1680: 'val/CER' reached 11.09772 (best 11.09772), saving model to '/home/ming/emg2qwerty/logs/2026-03-06/22-56-37/job0_/checkpoints/epoch=20-step=1680.ckpt' as top 1
Epoch 21, global step 1760: 'val/CER' was not in top 1
Epoch 22, global step 1840: 'val/CER' was not in top 1
Epoch 23, global step 1920: 'val/CER' was not in top 1
Epoch 24, global step 2000: 'val/CER' was not in top 1
Epoch 25, global step 2080: 'val/CER' was not in top 1
Epoch 26, global step 2160: 'val/CER' was not in top 1
Epoch 27, global step 2240: 'val/CER' was not in top 1
Epoch 28, global step 2320: 'val/CER' was not in top 1
Epoch 29, global step 2400: 'val/CER' was not in top 1
Epoch 30, global step 2480: 'val/CER' reached 10.96386 (best 10.96386), saving model to '/home/ming/emg2qwerty/logs/2026-03-06/22-56-37/job0_/checkpoints/epoch=30-step=2480.ckpt' as top 1
Epoch 31, global step 2560: 'val/CER' reached 10.88353 (best 10.88353), saving model to '/home/ming/emg2qwerty/logs/2026-03-06/22-56-37/job0_/checkpoints/epoch=31-step=2560.ckpt' as top 1
Epoch 32, global step 2640: 'val/CER' was not in top 1
Epoch 33, global step 2720: 'val/CER' was not in top 1
Epoch 34, global step 2800: 'val/CER' reached 10.64257 (best 10.64257), saving model to '/home/ming/emg2qwerty/logs/2026-03-06/22-56-37/job0_/checkpoints/epoch=34-step=2800.ckpt' as top 1
Epoch 35, global step 2880: 'val/CER' was not in top 1
Epoch 36, global step 2960: 'val/CER' was not in top 1
Epoch 37, global step 3040: 'val/CER' was not in top 1
Epoch 38, global step 3120: 'val/CER' was not in top 1
Epoch 39, global step 3200: 'val/CER' was not in top 1
`Trainer.fit` stopped: `max_epochs=40` reached.
LOCAL_RANK: 0 - CUDA_VISIBLE_DEVICES: [0]
LOCAL_RANK: 0 - CUDA_VISIBLE_DEVICES: [0]
