Global seed set to 1501
GPU available: True (cuda), used: True
TPU available: False, using: 0 TPU cores
IPU available: False, using: 0 IPUs
HPU available: False, using: 0 HPUs
Missing logger folder: /home/ming/emg2qwerty/logs/2026-03-07/01-31-16/job0_/lightning_logs
LOCAL_RANK: 0 - CUDA_VISIBLE_DEVICES: [0]
/opt/conda/envs/emg2qwerty/lib/python3.10/site-packages/pl_bolts/__init__.py:11: FutureWarning: In the future `np.object` will be defined as the corresponding NumPy scalar.
  if not hasattr(numpy, tp_name):
/opt/conda/envs/emg2qwerty/lib/python3.10/site-packages/pl_bolts/__init__.py:11: FutureWarning: In the future `np.bool` will be defined as the corresponding NumPy scalar.
  if not hasattr(numpy, tp_name):
/opt/conda/envs/emg2qwerty/lib/python3.10/site-packages/pl_bolts/models/self_supervised/amdim/amdim_module.py:34: UnderReviewWarning: The feature generate_power_seq is currently marked under review. The compatibility with other Lightning projects is not guaranteed and API may change at any time. The API and functionality may change without warning in future releases. More details: https://lightning-bolts.readthedocs.io/en/latest/stability.html
  "lr_options": generate_power_seq(LEARNING_RATE_CIFAR, 11),
/opt/conda/envs/emg2qwerty/lib/python3.10/site-packages/pl_bolts/models/self_supervised/amdim/amdim_module.py:92: UnderReviewWarning: The feature FeatureMapContrastiveTask is currently marked under review. The compatibility with other Lightning projects is not guaranteed and API may change at any time. The API and functionality may change without warning in future releases. More details: https://lightning-bolts.readthedocs.io/en/latest/stability.html
  contrastive_task: Union[FeatureMapContrastiveTask] = FeatureMapContrastiveTask("01, 02, 11"),
/opt/conda/envs/emg2qwerty/lib/python3.10/site-packages/pl_bolts/losses/self_supervised_learning.py:228: UnderReviewWarning: The feature AmdimNCELoss is currently marked under review. The compatibility with other Lightning projects is not guaranteed and API may change at any time. The API and functionality may change without warning in future releases. More details: https://lightning-bolts.readthedocs.io/en/latest/stability.html
  self.nce_loss = AmdimNCELoss(tclip)
/opt/conda/envs/emg2qwerty/lib/python3.10/site-packages/hydra/_internal/instantiate/_instantiate2.py:92: UnderReviewWarning: The feature LinearWarmupCosineAnnealingLR is currently marked under review. The compatibility with other Lightning projects is not guaranteed and API may change at any time. The API and functionality may change without warning in future releases. More details: https://lightning-bolts.readthedocs.io/en/latest/stability.html
  return _target_(*args, **kwargs)

  | Name        | Type             | Params
-------------------------------------------------
0 | cnn_encoder | RawEMGCNNEncoder | 637 K 
1 | gru_encoder | GRUEncoder       | 4.1 M 
2 | classifier  | Sequential       | 76.1 K
3 | ctc_loss    | CTCLoss          | 0     
4 | metrics     | ModuleDict       | 0     
-------------------------------------------------
4.9 M     Trainable params
0         Non-trainable params
4.9 M     Total params
19.407    Total estimated model params size (MB)
/opt/conda/envs/emg2qwerty/lib/python3.10/site-packages/torch/autograd/graph.py:744: UserWarning: Plan failed with a cudnnException: CUDNN_BACKEND_EXECUTION_PLAN_DESCRIPTOR: cudnnFinalize Descriptor Failed cudnn_status: CUDNN_STATUS_NOT_SUPPORTED (Triggered internally at /opt/conda/conda-bld/pytorch_1712608935911/work/aten/src/ATen/native/cudnn/Conv_v8.cpp:919.)
  return Variable._execution_engine.run_backward(  # Calls into the C++ engine to run the backward pass
Epoch 0, global step 80: 'val/CER' reached 269.33066 (best 269.33066), saving model to '/home/ming/emg2qwerty/logs/2026-03-07/01-31-16/job0_/checkpoints/epoch=0-step=80.ckpt' as top 1
Epoch 1, global step 160: 'val/CER' reached 100.00000 (best 100.00000), saving model to '/home/ming/emg2qwerty/logs/2026-03-07/01-31-16/job0_/checkpoints/epoch=1-step=160.ckpt' as top 1
Epoch 2, global step 240: 'val/CER' was not in top 1
Epoch 3, global step 320: 'val/CER' reached 71.90094 (best 71.90094), saving model to '/home/ming/emg2qwerty/logs/2026-03-07/01-31-16/job0_/checkpoints/epoch=3-step=320.ckpt' as top 1
Epoch 4, global step 400: 'val/CER' reached 40.28112 (best 40.28112), saving model to '/home/ming/emg2qwerty/logs/2026-03-07/01-31-16/job0_/checkpoints/epoch=4-step=400.ckpt' as top 1
Epoch 5, global step 480: 'val/CER' reached 33.56091 (best 33.56091), saving model to '/home/ming/emg2qwerty/logs/2026-03-07/01-31-16/job0_/checkpoints/epoch=5-step=480.ckpt' as top 1
Epoch 6, global step 560: 'val/CER' reached 24.91298 (best 24.91298), saving model to '/home/ming/emg2qwerty/logs/2026-03-07/01-31-16/job0_/checkpoints/epoch=6-step=560.ckpt' as top 1
Epoch 7, global step 640: 'val/CER' reached 20.92369 (best 20.92369), saving model to '/home/ming/emg2qwerty/logs/2026-03-07/01-31-16/job0_/checkpoints/epoch=7-step=640.ckpt' as top 1
Epoch 8, global step 720: 'val/CER' reached 19.57162 (best 19.57162), saving model to '/home/ming/emg2qwerty/logs/2026-03-07/01-31-16/job0_/checkpoints/epoch=8-step=720.ckpt' as top 1
Epoch 9, global step 800: 'val/CER' reached 16.88086 (best 16.88086), saving model to '/home/ming/emg2qwerty/logs/2026-03-07/01-31-16/job0_/checkpoints/epoch=9-step=800.ckpt' as top 1
Epoch 10, global step 880: 'val/CER' reached 14.47122 (best 14.47122), saving model to '/home/ming/emg2qwerty/logs/2026-03-07/01-31-16/job0_/checkpoints/epoch=10-step=880.ckpt' as top 1
Epoch 11, global step 960: 'val/CER' reached 14.04284 (best 14.04284), saving model to '/home/ming/emg2qwerty/logs/2026-03-07/01-31-16/job0_/checkpoints/epoch=11-step=960.ckpt' as top 1
Epoch 12, global step 1040: 'val/CER' was not in top 1
Epoch 13, global step 1120: 'val/CER' reached 12.97189 (best 12.97189), saving model to '/home/ming/emg2qwerty/logs/2026-03-07/01-31-16/job0_/checkpoints/epoch=13-step=1120.ckpt' as top 1
Epoch 14, global step 1200: 'val/CER' reached 12.59705 (best 12.59705), saving model to '/home/ming/emg2qwerty/logs/2026-03-07/01-31-16/job0_/checkpoints/epoch=14-step=1200.ckpt' as top 1
Epoch 15, global step 1280: 'val/CER' was not in top 1
Epoch 16, global step 1360: 'val/CER' reached 11.64659 (best 11.64659), saving model to '/home/ming/emg2qwerty/logs/2026-03-07/01-31-16/job0_/checkpoints/epoch=16-step=1360.ckpt' as top 1
Epoch 17, global step 1440: 'val/CER' was not in top 1
Epoch 18, global step 1520: 'val/CER' was not in top 1
Epoch 19, global step 1600: 'val/CER' was not in top 1
Epoch 20, global step 1680: 'val/CER' was not in top 1
Epoch 21, global step 1760: 'val/CER' reached 11.53949 (best 11.53949), saving model to '/home/ming/emg2qwerty/logs/2026-03-07/01-31-16/job0_/checkpoints/epoch=21-step=1760.ckpt' as top 1
Epoch 22, global step 1840: 'val/CER' was not in top 1
Epoch 23, global step 1920: 'val/CER' was not in top 1
Epoch 24, global step 2000: 'val/CER' was not in top 1
Epoch 25, global step 2080: 'val/CER' was not in top 1
Epoch 26, global step 2160: 'val/CER' was not in top 1
Epoch 27, global step 2240: 'val/CER' was not in top 1
Epoch 28, global step 2320: 'val/CER' was not in top 1
Epoch 29, global step 2400: 'val/CER' was not in top 1
Epoch 30, global step 2480: 'val/CER' reached 11.09772 (best 11.09772), saving model to '/home/ming/emg2qwerty/logs/2026-03-07/01-31-16/job0_/checkpoints/epoch=30-step=2480.ckpt' as top 1
Epoch 31, global step 2560: 'val/CER' was not in top 1
Epoch 32, global step 2640: 'val/CER' was not in top 1
Epoch 33, global step 2720: 'val/CER' was not in top 1
Epoch 34, global step 2800: 'val/CER' was not in top 1
Epoch 35, global step 2880: 'val/CER' was not in top 1
Epoch 36, global step 2960: 'val/CER' was not in top 1
Epoch 37, global step 3040: 'val/CER' was not in top 1
Epoch 38, global step 3120: 'val/CER' was not in top 1
Epoch 39, global step 3200: 'val/CER' was not in top 1
Epoch 40, global step 3280: 'val/CER' was not in top 1
Epoch 41, global step 3360: 'val/CER' was not in top 1
Epoch 42, global step 3440: 'val/CER' was not in top 1
Epoch 43, global step 3520: 'val/CER' was not in top 1
Epoch 44, global step 3600: 'val/CER' was not in top 1
Epoch 45, global step 3680: 'val/CER' was not in top 1
Epoch 46, global step 3760: 'val/CER' reached 11.01740 (best 11.01740), saving model to '/home/ming/emg2qwerty/logs/2026-03-07/01-31-16/job0_/checkpoints/epoch=46-step=3760.ckpt' as top 1
Epoch 47, global step 3840: 'val/CER' was not in top 1
Epoch 48, global step 3920: 'val/CER' was not in top 1
Epoch 49, global step 4000: 'val/CER' was not in top 1
Epoch 50, global step 4080: 'val/CER' was not in top 1
Epoch 51, global step 4160: 'val/CER' was not in top 1
Epoch 52, global step 4240: 'val/CER' was not in top 1
Epoch 53, global step 4320: 'val/CER' was not in top 1
Epoch 54, global step 4400: 'val/CER' was not in top 1
Epoch 55, global step 4480: 'val/CER' was not in top 1
Epoch 56, global step 4560: 'val/CER' was not in top 1
Epoch 57, global step 4640: 'val/CER' was not in top 1
Epoch 58, global step 4720: 'val/CER' was not in top 1
Epoch 59, global step 4800: 'val/CER' reached 10.87015 (best 10.87015), saving model to '/home/ming/emg2qwerty/logs/2026-03-07/01-31-16/job0_/checkpoints/epoch=59-step=4800.ckpt' as top 1
Epoch 60, global step 4880: 'val/CER' was not in top 1
Epoch 61, global step 4960: 'val/CER' reached 10.78983 (best 10.78983), saving model to '/home/ming/emg2qwerty/logs/2026-03-07/01-31-16/job0_/checkpoints/epoch=61-step=4960.ckpt' as top 1
Epoch 62, global step 5040: 'val/CER' was not in top 1
Epoch 63, global step 5120: 'val/CER' was not in top 1
Epoch 64, global step 5200: 'val/CER' reached 10.66934 (best 10.66934), saving model to '/home/ming/emg2qwerty/logs/2026-03-07/01-31-16/job0_/checkpoints/epoch=64-step=5200.ckpt' as top 1
Epoch 65, global step 5280: 'val/CER' was not in top 1
Epoch 66, global step 5360: 'val/CER' was not in top 1
Epoch 67, global step 5440: 'val/CER' was not in top 1
Epoch 68, global step 5520: 'val/CER' reached 10.25435 (best 10.25435), saving model to '/home/ming/emg2qwerty/logs/2026-03-07/01-31-16/job0_/checkpoints/epoch=68-step=5520.ckpt' as top 1
Epoch 69, global step 5600: 'val/CER' was not in top 1
Epoch 70, global step 5680: 'val/CER' was not in top 1
Epoch 71, global step 5760: 'val/CER' reached 10.05355 (best 10.05355), saving model to '/home/ming/emg2qwerty/logs/2026-03-07/01-31-16/job0_/checkpoints/epoch=71-step=5760.ckpt' as top 1
Epoch 72, global step 5840: 'val/CER' was not in top 1
Epoch 73, global step 5920: 'val/CER' was not in top 1
Epoch 74, global step 6000: 'val/CER' was not in top 1
Epoch 75, global step 6080: 'val/CER' was not in top 1
Epoch 76, global step 6160: 'val/CER' was not in top 1
Epoch 77, global step 6240: 'val/CER' was not in top 1
Epoch 78, global step 6320: 'val/CER' was not in top 1
Epoch 79, global step 6400: 'val/CER' was not in top 1
Epoch 80, global step 6480: 'val/CER' was not in top 1
Epoch 81, global step 6560: 'val/CER' was not in top 1
Epoch 82, global step 6640: 'val/CER' reached 9.95984 (best 9.95984), saving model to '/home/ming/emg2qwerty/logs/2026-03-07/01-31-16/job0_/checkpoints/epoch=82-step=6640.ckpt' as top 1
Epoch 83, global step 6720: 'val/CER' was not in top 1
Epoch 84, global step 6800: 'val/CER' was not in top 1
Epoch 85, global step 6880: 'val/CER' was not in top 1
Epoch 86, global step 6960: 'val/CER' was not in top 1
Epoch 87, global step 7040: 'val/CER' was not in top 1
Epoch 88, global step 7120: 'val/CER' was not in top 1
Epoch 89, global step 7200: 'val/CER' was not in top 1
Epoch 90, global step 7280: 'val/CER' was not in top 1
Epoch 91, global step 7360: 'val/CER' was not in top 1
Epoch 92, global step 7440: 'val/CER' was not in top 1
Epoch 93, global step 7520: 'val/CER' was not in top 1
Epoch 94, global step 7600: 'val/CER' was not in top 1
Epoch 95, global step 7680: 'val/CER' was not in top 1
Epoch 96, global step 7760: 'val/CER' was not in top 1
Epoch 97, global step 7840: 'val/CER' was not in top 1
Epoch 98, global step 7920: 'val/CER' was not in top 1
Epoch 99, global step 8000: 'val/CER' was not in top 1
Epoch 100, global step 8080: 'val/CER' was not in top 1
Epoch 101, global step 8160: 'val/CER' was not in top 1
Epoch 102, global step 8240: 'val/CER' was not in top 1
Epoch 103, global step 8320: 'val/CER' was not in top 1
Epoch 104, global step 8400: 'val/CER' was not in top 1
Epoch 105, global step 8480: 'val/CER' was not in top 1
Epoch 106, global step 8560: 'val/CER' was not in top 1
Epoch 107, global step 8640: 'val/CER' was not in top 1
Epoch 108, global step 8720: 'val/CER' was not in top 1
Epoch 109, global step 8800: 'val/CER' was not in top 1
Epoch 110, global step 8880: 'val/CER' was not in top 1
Epoch 111, global step 8960: 'val/CER' was not in top 1
Epoch 112, global step 9040: 'val/CER' was not in top 1
Epoch 113, global step 9120: 'val/CER' was not in top 1
Epoch 114, global step 9200: 'val/CER' was not in top 1
Epoch 115, global step 9280: 'val/CER' was not in top 1
Epoch 116, global step 9360: 'val/CER' was not in top 1
Epoch 117, global step 9440: 'val/CER' reached 9.93307 (best 9.93307), saving model to '/home/ming/emg2qwerty/logs/2026-03-07/01-31-16/job0_/checkpoints/epoch=117-step=9440.ckpt' as top 1
Epoch 118, global step 9520: 'val/CER' was not in top 1
Epoch 119, global step 9600: 'val/CER' was not in top 1
`Trainer.fit` stopped: `max_epochs=120` reached.
LOCAL_RANK: 0 - CUDA_VISIBLE_DEVICES: [0]
LOCAL_RANK: 0 - CUDA_VISIBLE_DEVICES: [0]
