Global seed set to 1501
GPU available: True (cuda), used: True
TPU available: False, using: 0 TPU cores
IPU available: False, using: 0 IPUs
HPU available: False, using: 0 HPUs
Missing logger folder: /home/ming/emg2qwerty/logs/2026-03-06/02-10-55/job0_/lightning_logs
LOCAL_RANK: 0 - CUDA_VISIBLE_DEVICES: [0]
/opt/conda/envs/emg2qwerty/lib/python3.10/site-packages/pl_bolts/__init__.py:11: FutureWarning: In the future `np.object` will be defined as the corresponding NumPy scalar.
  if not hasattr(numpy, tp_name):
/opt/conda/envs/emg2qwerty/lib/python3.10/site-packages/pl_bolts/__init__.py:11: FutureWarning: In the future `np.bool` will be defined as the corresponding NumPy scalar.
  if not hasattr(numpy, tp_name):
/opt/conda/envs/emg2qwerty/lib/python3.10/site-packages/pl_bolts/models/self_supervised/amdim/amdim_module.py:34: UnderReviewWarning: The feature generate_power_seq is currently marked under review. The compatibility with other Lightning projects is not guaranteed and API may change at any time. The API and functionality may change without warning in future releases. More details: https://lightning-bolts.readthedocs.io/en/latest/stability.html
  "lr_options": generate_power_seq(LEARNING_RATE_CIFAR, 11),
/opt/conda/envs/emg2qwerty/lib/python3.10/site-packages/pl_bolts/models/self_supervised/amdim/amdim_module.py:92: UnderReviewWarning: The feature FeatureMapContrastiveTask is currently marked under review. The compatibility with other Lightning projects is not guaranteed and API may change at any time. The API and functionality may change without warning in future releases. More details: https://lightning-bolts.readthedocs.io/en/latest/stability.html
  contrastive_task: Union[FeatureMapContrastiveTask] = FeatureMapContrastiveTask("01, 02, 11"),
/opt/conda/envs/emg2qwerty/lib/python3.10/site-packages/pl_bolts/losses/self_supervised_learning.py:228: UnderReviewWarning: The feature AmdimNCELoss is currently marked under review. The compatibility with other Lightning projects is not guaranteed and API may change at any time. The API and functionality may change without warning in future releases. More details: https://lightning-bolts.readthedocs.io/en/latest/stability.html
  self.nce_loss = AmdimNCELoss(tclip)
/opt/conda/envs/emg2qwerty/lib/python3.10/site-packages/hydra/_internal/instantiate/_instantiate2.py:92: UnderReviewWarning: The feature LinearWarmupCosineAnnealingLR is currently marked under review. The compatibility with other Lightning projects is not guaranteed and API may change at any time. The API and functionality may change without warning in future releases. More details: https://lightning-bolts.readthedocs.io/en/latest/stability.html
  return _target_(*args, **kwargs)

  | Name       | Type       | Params
------------------------------------------
0 | frontend   | Sequential | 406 K 
1 | encoder    | GRUEncoder | 5.3 M 
2 | classifier | Sequential | 76.1 K
3 | ctc_loss   | CTCLoss    | 0     
4 | metrics    | ModuleDict | 0     
------------------------------------------
5.8 M     Trainable params
0         Non-trainable params
5.8 M     Total params
23.200    Total estimated model params size (MB)
Epoch 0, global step 80: 'val/CER' reached 99.95984 (best 99.95984), saving model to '/home/ming/emg2qwerty/logs/2026-03-06/02-10-55/job0_/checkpoints/epoch=0-step=80.ckpt' as top 1
Epoch 1, global step 160: 'val/CER' was not in top 1
Epoch 2, global step 240: 'val/CER' was not in top 1
Epoch 3, global step 320: 'val/CER' reached 99.49129 (best 99.49129), saving model to '/home/ming/emg2qwerty/logs/2026-03-06/02-10-55/job0_/checkpoints/epoch=3-step=320.ckpt' as top 1
Epoch 4, global step 400: 'val/CER' reached 76.66666 (best 76.66666), saving model to '/home/ming/emg2qwerty/logs/2026-03-06/02-10-55/job0_/checkpoints/epoch=4-step=400.ckpt' as top 1
Epoch 5, global step 480: 'val/CER' reached 48.38019 (best 48.38019), saving model to '/home/ming/emg2qwerty/logs/2026-03-06/02-10-55/job0_/checkpoints/epoch=5-step=480.ckpt' as top 1
Epoch 6, global step 560: 'val/CER' reached 41.07095 (best 41.07095), saving model to '/home/ming/emg2qwerty/logs/2026-03-06/02-10-55/job0_/checkpoints/epoch=6-step=560.ckpt' as top 1
Epoch 7, global step 640: 'val/CER' reached 33.77510 (best 33.77510), saving model to '/home/ming/emg2qwerty/logs/2026-03-06/02-10-55/job0_/checkpoints/epoch=7-step=640.ckpt' as top 1
Epoch 8, global step 720: 'val/CER' reached 30.42838 (best 30.42838), saving model to '/home/ming/emg2qwerty/logs/2026-03-06/02-10-55/job0_/checkpoints/epoch=8-step=720.ckpt' as top 1
Epoch 9, global step 800: 'val/CER' reached 27.18876 (best 27.18876), saving model to '/home/ming/emg2qwerty/logs/2026-03-06/02-10-55/job0_/checkpoints/epoch=9-step=800.ckpt' as top 1
Epoch 10, global step 880: 'val/CER' reached 25.24766 (best 25.24766), saving model to '/home/ming/emg2qwerty/logs/2026-03-06/02-10-55/job0_/checkpoints/epoch=10-step=880.ckpt' as top 1
Epoch 11, global step 960: 'val/CER' reached 23.03882 (best 23.03882), saving model to '/home/ming/emg2qwerty/logs/2026-03-06/02-10-55/job0_/checkpoints/epoch=11-step=960.ckpt' as top 1
Epoch 12, global step 1040: 'val/CER' reached 20.89692 (best 20.89692), saving model to '/home/ming/emg2qwerty/logs/2026-03-06/02-10-55/job0_/checkpoints/epoch=12-step=1040.ckpt' as top 1
Epoch 13, global step 1120: 'val/CER' was not in top 1
Epoch 14, global step 1200: 'val/CER' reached 20.10710 (best 20.10710), saving model to '/home/ming/emg2qwerty/logs/2026-03-06/02-10-55/job0_/checkpoints/epoch=14-step=1200.ckpt' as top 1
Epoch 15, global step 1280: 'val/CER' reached 18.82195 (best 18.82195), saving model to '/home/ming/emg2qwerty/logs/2026-03-06/02-10-55/job0_/checkpoints/epoch=15-step=1280.ckpt' as top 1
Epoch 16, global step 1360: 'val/CER' reached 18.23293 (best 18.23293), saving model to '/home/ming/emg2qwerty/logs/2026-03-06/02-10-55/job0_/checkpoints/epoch=16-step=1360.ckpt' as top 1
Epoch 17, global step 1440: 'val/CER' reached 17.41633 (best 17.41633), saving model to '/home/ming/emg2qwerty/logs/2026-03-06/02-10-55/job0_/checkpoints/epoch=17-step=1440.ckpt' as top 1
Epoch 18, global step 1520: 'val/CER' reached 16.49264 (best 16.49264), saving model to '/home/ming/emg2qwerty/logs/2026-03-06/02-10-55/job0_/checkpoints/epoch=18-step=1520.ckpt' as top 1
Epoch 19, global step 1600: 'val/CER' was not in top 1
Epoch 20, global step 1680: 'val/CER' reached 16.30522 (best 16.30522), saving model to '/home/ming/emg2qwerty/logs/2026-03-06/02-10-55/job0_/checkpoints/epoch=20-step=1680.ckpt' as top 1
Epoch 21, global step 1760: 'val/CER' was not in top 1
Epoch 22, global step 1840: 'val/CER' reached 15.94378 (best 15.94378), saving model to '/home/ming/emg2qwerty/logs/2026-03-06/02-10-55/job0_/checkpoints/epoch=22-step=1840.ckpt' as top 1
Epoch 23, global step 1920: 'val/CER' reached 15.34137 (best 15.34137), saving model to '/home/ming/emg2qwerty/logs/2026-03-06/02-10-55/job0_/checkpoints/epoch=23-step=1920.ckpt' as top 1
Epoch 24, global step 2000: 'val/CER' was not in top 1
Epoch 25, global step 2080: 'val/CER' was not in top 1
Epoch 26, global step 2160: 'val/CER' was not in top 1
Epoch 27, global step 2240: 'val/CER' reached 15.23427 (best 15.23427), saving model to '/home/ming/emg2qwerty/logs/2026-03-06/02-10-55/job0_/checkpoints/epoch=27-step=2240.ckpt' as top 1
Epoch 28, global step 2320: 'val/CER' reached 15.08702 (best 15.08702), saving model to '/home/ming/emg2qwerty/logs/2026-03-06/02-10-55/job0_/checkpoints/epoch=28-step=2320.ckpt' as top 1
Epoch 29, global step 2400: 'val/CER' reached 14.84605 (best 14.84605), saving model to '/home/ming/emg2qwerty/logs/2026-03-06/02-10-55/job0_/checkpoints/epoch=29-step=2400.ckpt' as top 1
Epoch 30, global step 2480: 'val/CER' reached 14.77912 (best 14.77912), saving model to '/home/ming/emg2qwerty/logs/2026-03-06/02-10-55/job0_/checkpoints/epoch=30-step=2480.ckpt' as top 1
Epoch 31, global step 2560: 'val/CER' was not in top 1
Epoch 32, global step 2640: 'val/CER' reached 13.94913 (best 13.94913), saving model to '/home/ming/emg2qwerty/logs/2026-03-06/02-10-55/job0_/checkpoints/epoch=32-step=2640.ckpt' as top 1
Epoch 33, global step 2720: 'val/CER' was not in top 1
Epoch 34, global step 2800: 'val/CER' was not in top 1
Epoch 35, global step 2880: 'val/CER' reached 13.93574 (best 13.93574), saving model to '/home/ming/emg2qwerty/logs/2026-03-06/02-10-55/job0_/checkpoints/epoch=35-step=2880.ckpt' as top 1
Epoch 36, global step 2960: 'val/CER' was not in top 1
Epoch 37, global step 3040: 'val/CER' was not in top 1
Epoch 38, global step 3120: 'val/CER' reached 13.82865 (best 13.82865), saving model to '/home/ming/emg2qwerty/logs/2026-03-06/02-10-55/job0_/checkpoints/epoch=38-step=3120.ckpt' as top 1
Epoch 39, global step 3200: 'val/CER' was not in top 1
`Trainer.fit` stopped: `max_epochs=40` reached.
LOCAL_RANK: 0 - CUDA_VISIBLE_DEVICES: [0]
LOCAL_RANK: 0 - CUDA_VISIBLE_DEVICES: [0]
