Global seed set to 1501
GPU available: True (cuda), used: True
TPU available: False, using: 0 TPU cores
IPU available: False, using: 0 IPUs
HPU available: False, using: 0 HPUs
Missing logger folder: /home/ming/emg2qwerty/logs/2026-03-06/22-45-45/job0_/lightning_logs
LOCAL_RANK: 0 - CUDA_VISIBLE_DEVICES: [0]
/opt/conda/envs/emg2qwerty/lib/python3.10/site-packages/pl_bolts/__init__.py:11: FutureWarning: In the future `np.object` will be defined as the corresponding NumPy scalar.
  if not hasattr(numpy, tp_name):
/opt/conda/envs/emg2qwerty/lib/python3.10/site-packages/pl_bolts/__init__.py:11: FutureWarning: In the future `np.bool` will be defined as the corresponding NumPy scalar.
  if not hasattr(numpy, tp_name):
/opt/conda/envs/emg2qwerty/lib/python3.10/site-packages/pl_bolts/models/self_supervised/amdim/amdim_module.py:34: UnderReviewWarning: The feature generate_power_seq is currently marked under review. The compatibility with other Lightning projects is not guaranteed and API may change at any time. The API and functionality may change without warning in future releases. More details: https://lightning-bolts.readthedocs.io/en/latest/stability.html
  "lr_options": generate_power_seq(LEARNING_RATE_CIFAR, 11),
/opt/conda/envs/emg2qwerty/lib/python3.10/site-packages/pl_bolts/models/self_supervised/amdim/amdim_module.py:92: UnderReviewWarning: The feature FeatureMapContrastiveTask is currently marked under review. The compatibility with other Lightning projects is not guaranteed and API may change at any time. The API and functionality may change without warning in future releases. More details: https://lightning-bolts.readthedocs.io/en/latest/stability.html
  contrastive_task: Union[FeatureMapContrastiveTask] = FeatureMapContrastiveTask("01, 02, 11"),
/opt/conda/envs/emg2qwerty/lib/python3.10/site-packages/pl_bolts/losses/self_supervised_learning.py:228: UnderReviewWarning: The feature AmdimNCELoss is currently marked under review. The compatibility with other Lightning projects is not guaranteed and API may change at any time. The API and functionality may change without warning in future releases. More details: https://lightning-bolts.readthedocs.io/en/latest/stability.html
  self.nce_loss = AmdimNCELoss(tclip)
/opt/conda/envs/emg2qwerty/lib/python3.10/site-packages/hydra/_internal/instantiate/_instantiate2.py:92: UnderReviewWarning: The feature LinearWarmupCosineAnnealingLR is currently marked under review. The compatibility with other Lightning projects is not guaranteed and API may change at any time. The API and functionality may change without warning in future releases. More details: https://lightning-bolts.readthedocs.io/en/latest/stability.html
  return _target_(*args, **kwargs)

  | Name        | Type             | Params
-------------------------------------------------
0 | cnn_encoder | RawEMGCNNEncoder | 637 K 
1 | gru_encoder | GRUEncoder       | 4.1 M 
2 | classifier  | Sequential       | 76.1 K
3 | ctc_loss    | CTCLoss          | 0     
4 | metrics     | ModuleDict       | 0     
-------------------------------------------------
4.9 M     Trainable params
0         Non-trainable params
4.9 M     Total params
19.407    Total estimated model params size (MB)
/opt/conda/envs/emg2qwerty/lib/python3.10/site-packages/pytorch_lightning/trainer/call.py:48: UserWarning: Detected KeyboardInterrupt, attempting graceful shutdown...
  rank_zero_warn("Detected KeyboardInterrupt, attempting graceful shutdown...")
Traceback (most recent call last):
  File "/opt/conda/envs/emg2qwerty/lib/python3.10/runpy.py", line 196, in _run_module_as_main
    return _run_code(code, main_globals, None,
  File "/opt/conda/envs/emg2qwerty/lib/python3.10/runpy.py", line 86, in _run_code
    exec(code, run_globals)
  File "/opt/conda/envs/emg2qwerty/lib/python3.10/site-packages/submitit/core/_submit.py", line 11, in <module>
    submitit_main()
  File "/opt/conda/envs/emg2qwerty/lib/python3.10/site-packages/submitit/core/submission.py", line 76, in submitit_main
    process_job(args.folder)
  File "/opt/conda/envs/emg2qwerty/lib/python3.10/site-packages/submitit/core/submission.py", line 56, in process_job
    logger.info("Job completed successfully")
  File "/opt/conda/envs/emg2qwerty/lib/python3.10/logging/__init__.py", line 1477, in info
    self._log(INFO, msg, args, **kwargs)
  File "/opt/conda/envs/emg2qwerty/lib/python3.10/logging/__init__.py", line 1624, in _log
    self.handle(record)
  File "/opt/conda/envs/emg2qwerty/lib/python3.10/logging/__init__.py", line 1634, in handle
    self.callHandlers(record)
  File "/opt/conda/envs/emg2qwerty/lib/python3.10/logging/__init__.py", line 1696, in callHandlers
    hdlr.handle(record)
  File "/opt/conda/envs/emg2qwerty/lib/python3.10/logging/__init__.py", line 968, in handle
    self.emit(record)
  File "/opt/conda/envs/emg2qwerty/lib/python3.10/logging/__init__.py", line 1103, in emit
    stream.write(msg + self.terminator)
KeyboardInterrupt
