Global seed set to 1501
GPU available: True (cuda), used: True
TPU available: False, using: 0 TPU cores
IPU available: False, using: 0 IPUs
HPU available: False, using: 0 HPUs
Missing logger folder: /home/ming/emg2qwerty/logs/2026-03-06/23-17-21/job0_/lightning_logs
LOCAL_RANK: 0 - CUDA_VISIBLE_DEVICES: [0]
/opt/conda/envs/emg2qwerty/lib/python3.10/site-packages/pl_bolts/__init__.py:11: FutureWarning: In the future `np.object` will be defined as the corresponding NumPy scalar.
  if not hasattr(numpy, tp_name):
/opt/conda/envs/emg2qwerty/lib/python3.10/site-packages/pl_bolts/__init__.py:11: FutureWarning: In the future `np.bool` will be defined as the corresponding NumPy scalar.
  if not hasattr(numpy, tp_name):
/opt/conda/envs/emg2qwerty/lib/python3.10/site-packages/pl_bolts/models/self_supervised/amdim/amdim_module.py:34: UnderReviewWarning: The feature generate_power_seq is currently marked under review. The compatibility with other Lightning projects is not guaranteed and API may change at any time. The API and functionality may change without warning in future releases. More details: https://lightning-bolts.readthedocs.io/en/latest/stability.html
  "lr_options": generate_power_seq(LEARNING_RATE_CIFAR, 11),
/opt/conda/envs/emg2qwerty/lib/python3.10/site-packages/pl_bolts/models/self_supervised/amdim/amdim_module.py:92: UnderReviewWarning: The feature FeatureMapContrastiveTask is currently marked under review. The compatibility with other Lightning projects is not guaranteed and API may change at any time. The API and functionality may change without warning in future releases. More details: https://lightning-bolts.readthedocs.io/en/latest/stability.html
  contrastive_task: Union[FeatureMapContrastiveTask] = FeatureMapContrastiveTask("01, 02, 11"),
/opt/conda/envs/emg2qwerty/lib/python3.10/site-packages/pl_bolts/losses/self_supervised_learning.py:228: UnderReviewWarning: The feature AmdimNCELoss is currently marked under review. The compatibility with other Lightning projects is not guaranteed and API may change at any time. The API and functionality may change without warning in future releases. More details: https://lightning-bolts.readthedocs.io/en/latest/stability.html
  self.nce_loss = AmdimNCELoss(tclip)
/opt/conda/envs/emg2qwerty/lib/python3.10/site-packages/hydra/_internal/instantiate/_instantiate2.py:92: UnderReviewWarning: The feature LinearWarmupCosineAnnealingLR is currently marked under review. The compatibility with other Lightning projects is not guaranteed and API may change at any time. The API and functionality may change without warning in future releases. More details: https://lightning-bolts.readthedocs.io/en/latest/stability.html
  return _target_(*args, **kwargs)

  | Name        | Type             | Params
-------------------------------------------------
0 | cnn_encoder | RawEMGCNNEncoder | 637 K 
1 | gru_encoder | GRUEncoder       | 4.1 M 
2 | classifier  | Sequential       | 76.1 K
3 | ctc_loss    | CTCLoss          | 0     
4 | metrics     | ModuleDict       | 0     
-------------------------------------------------
4.9 M     Trainable params
0         Non-trainable params
4.9 M     Total params
19.407    Total estimated model params size (MB)
/opt/conda/envs/emg2qwerty/lib/python3.10/site-packages/torch/autograd/graph.py:744: UserWarning: Plan failed with a cudnnException: CUDNN_BACKEND_EXECUTION_PLAN_DESCRIPTOR: cudnnFinalize Descriptor Failed cudnn_status: CUDNN_STATUS_NOT_SUPPORTED (Triggered internally at /opt/conda/conda-bld/pytorch_1712608935911/work/aten/src/ATen/native/cudnn/Conv_v8.cpp:919.)
  return Variable._execution_engine.run_backward(  # Calls into the C++ engine to run the backward pass
/opt/conda/envs/emg2qwerty/lib/python3.10/site-packages/torch/nn/modules/conv.py:306: UserWarning: Plan failed with a cudnnException: CUDNN_BACKEND_EXECUTION_PLAN_DESCRIPTOR: cudnnFinalize Descriptor Failed cudnn_status: CUDNN_STATUS_NOT_SUPPORTED (Triggered internally at /opt/conda/conda-bld/pytorch_1712608935911/work/aten/src/ATen/native/cudnn/Conv_v8.cpp:919.)
  return F.conv1d(input, weight, bias, self.stride,
Epoch 0, global step 120: 'val/CER' reached 274.07571 (best 274.07571), saving model to '/home/ming/emg2qwerty/logs/2026-03-06/23-17-21/job0_/checkpoints/epoch=0-step=120.ckpt' as top 1
Epoch 1, global step 240: 'val/CER' reached 100.00000 (best 100.00000), saving model to '/home/ming/emg2qwerty/logs/2026-03-06/23-17-21/job0_/checkpoints/epoch=1-step=240.ckpt' as top 1
Epoch 2, global step 360: 'val/CER' reached 76.55157 (best 76.55157), saving model to '/home/ming/emg2qwerty/logs/2026-03-06/23-17-21/job0_/checkpoints/epoch=2-step=360.ckpt' as top 1
Epoch 3, global step 480: 'val/CER' reached 41.62318 (best 41.62318), saving model to '/home/ming/emg2qwerty/logs/2026-03-06/23-17-21/job0_/checkpoints/epoch=3-step=480.ckpt' as top 1
Epoch 4, global step 600: 'val/CER' reached 32.06395 (best 32.06395), saving model to '/home/ming/emg2qwerty/logs/2026-03-06/23-17-21/job0_/checkpoints/epoch=4-step=600.ckpt' as top 1
Epoch 5, global step 720: 'val/CER' reached 24.70301 (best 24.70301), saving model to '/home/ming/emg2qwerty/logs/2026-03-06/23-17-21/job0_/checkpoints/epoch=5-step=720.ckpt' as top 1
Epoch 6, global step 840: 'val/CER' reached 22.20495 (best 22.20495), saving model to '/home/ming/emg2qwerty/logs/2026-03-06/23-17-21/job0_/checkpoints/epoch=6-step=840.ckpt' as top 1
Epoch 7, global step 960: 'val/CER' reached 18.04152 (best 18.04152), saving model to '/home/ming/emg2qwerty/logs/2026-03-06/23-17-21/job0_/checkpoints/epoch=7-step=960.ckpt' as top 1
Epoch 8, global step 1080: 'val/CER' reached 17.20884 (best 17.20884), saving model to '/home/ming/emg2qwerty/logs/2026-03-06/23-17-21/job0_/checkpoints/epoch=8-step=1080.ckpt' as top 1
Epoch 9, global step 1200: 'val/CER' reached 17.08671 (best 17.08671), saving model to '/home/ming/emg2qwerty/logs/2026-03-06/23-17-21/job0_/checkpoints/epoch=9-step=1200.ckpt' as top 1
Epoch 10, global step 1320: 'val/CER' reached 15.14378 (best 15.14378), saving model to '/home/ming/emg2qwerty/logs/2026-03-06/23-17-21/job0_/checkpoints/epoch=10-step=1320.ckpt' as top 1
Epoch 11, global step 1440: 'val/CER' reached 13.82258 (best 13.82258), saving model to '/home/ming/emg2qwerty/logs/2026-03-06/23-17-21/job0_/checkpoints/epoch=11-step=1440.ckpt' as top 1
Epoch 12, global step 1560: 'val/CER' reached 13.74487 (best 13.74487), saving model to '/home/ming/emg2qwerty/logs/2026-03-06/23-17-21/job0_/checkpoints/epoch=12-step=1560.ckpt' as top 1
Epoch 13, global step 1680: 'val/CER' reached 12.36816 (best 12.36816), saving model to '/home/ming/emg2qwerty/logs/2026-03-06/23-17-21/job0_/checkpoints/epoch=13-step=1680.ckpt' as top 1
Epoch 14, global step 1800: 'val/CER' was not in top 1
Epoch 15, global step 1920: 'val/CER' was not in top 1
Epoch 16, global step 2040: 'val/CER' was not in top 1
Epoch 17, global step 2160: 'val/CER' was not in top 1
Epoch 18, global step 2280: 'val/CER' was not in top 1
Epoch 19, global step 2400: 'val/CER' reached 12.30154 (best 12.30154), saving model to '/home/ming/emg2qwerty/logs/2026-03-06/23-17-21/job0_/checkpoints/epoch=19-step=2400.ckpt' as top 1
Epoch 20, global step 2520: 'val/CER' reached 11.71311 (best 11.71311), saving model to '/home/ming/emg2qwerty/logs/2026-03-06/23-17-21/job0_/checkpoints/epoch=20-step=2520.ckpt' as top 1
Epoch 21, global step 2640: 'val/CER' was not in top 1
Epoch 22, global step 2760: 'val/CER' was not in top 1
Epoch 23, global step 2880: 'val/CER' was not in top 1
Epoch 24, global step 3000: 'val/CER' reached 11.41335 (best 11.41335), saving model to '/home/ming/emg2qwerty/logs/2026-03-06/23-17-21/job0_/checkpoints/epoch=24-step=3000.ckpt' as top 1
Epoch 25, global step 3120: 'val/CER' was not in top 1
Epoch 26, global step 3240: 'val/CER' reached 11.29122 (best 11.29122), saving model to '/home/ming/emg2qwerty/logs/2026-03-06/23-17-21/job0_/checkpoints/epoch=26-step=3240.ckpt' as top 1
Epoch 27, global step 3360: 'val/CER' was not in top 1
Epoch 28, global step 3480: 'val/CER' was not in top 1
Epoch 29, global step 3600: 'val/CER' was not in top 1
Epoch 30, global step 3720: 'val/CER' was not in top 1
Epoch 31, global step 3840: 'val/CER' reached 11.28012 (best 11.28012), saving model to '/home/ming/emg2qwerty/logs/2026-03-06/23-17-21/job0_/checkpoints/epoch=31-step=3840.ckpt' as top 1
Epoch 32, global step 3960: 'val/CER' was not in top 1
Epoch 33, global step 4080: 'val/CER' reached 10.92484 (best 10.92484), saving model to '/home/ming/emg2qwerty/logs/2026-03-06/23-17-21/job0_/checkpoints/epoch=33-step=4080.ckpt' as top 1
Epoch 34, global step 4200: 'val/CER' reached 10.83602 (best 10.83602), saving model to '/home/ming/emg2qwerty/logs/2026-03-06/23-17-21/job0_/checkpoints/epoch=34-step=4200.ckpt' as top 1
Epoch 35, global step 4320: 'val/CER' was not in top 1
Epoch 36, global step 4440: 'val/CER' was not in top 1
Epoch 37, global step 4560: 'val/CER' reached 10.80271 (best 10.80271), saving model to '/home/ming/emg2qwerty/logs/2026-03-06/23-17-21/job0_/checkpoints/epoch=37-step=4560.ckpt' as top 1
Epoch 38, global step 4680: 'val/CER' was not in top 1
Epoch 39, global step 4800: 'val/CER' was not in top 1
`Trainer.fit` stopped: `max_epochs=40` reached.
LOCAL_RANK: 0 - CUDA_VISIBLE_DEVICES: [0]
LOCAL_RANK: 0 - CUDA_VISIBLE_DEVICES: [0]
